⚠ [3405/3490] Replayed Luce.EndpointCapacityAnalytic
warning: Luce/EndpointCapacityAnalytic.lean:63:6: Unused tactic linter: `ring` does nothing

Note: This linter can be disabled with `set_option linter.unusedTactic false`
warning: Luce/EndpointCapacityAnalytic.lean:63:6: this tactic is never executed

Note: This linter can be disabled with `set_option linter.unreachableTactic false`
warning: Luce/EndpointCapacityAnalytic.lean:103:68: Used `tac1 <;> tac2` where `(tac1; tac2)` would suffice

Note: This linter can be disabled with `set_option linter.unnecessarySeqFocus false`
warning: Luce/EndpointCapacityAnalytic.lean:124:15: Unused tactic linter: `ring` does nothing

Note: This linter can be disabled with `set_option linter.unusedTactic false`
warning: Luce/EndpointCapacityAnalytic.lean:124:15: this tactic is never executed

Note: This linter can be disabled with `set_option linter.unreachableTactic false`
warning: Luce/EndpointCapacityAnalytic.lean:123:87: Used `tac1 <;> tac2` where `(tac1; tac2)` would suffice

Note: This linter can be disabled with `set_option linter.unnecessarySeqFocus false`
⚠ [3557/3699] Replayed Luce.EndpointCapacityChernoff
warning: Luce/EndpointCapacityChernoff.lean:69:6: Used `tac1 <;> tac2` where `(tac1; tac2)` would suffice

Note: This linter can be disabled with `set_option linter.unnecessarySeqFocus false`
⚠ [3567/3699] Replayed Luce.Model
warning: Luce/Model.lean:191:59: Variable name `hk` is not explicitly referenced.

Hint: The binding can be removed (if unused) or named `_` (if used implicitly). Alternatively, prefix the name with `_` to silence this warning:
  [apply] _hk

Note: This linter can be disabled with `set_option linter.unusedVariables false`
⚠ [3568/3699] Replayed Luce.ExponentialRace
warning: Luce/ExponentialRace.lean:27:2: Try this: 
  letI̵

The goal is a proposition, so `let` is preferred over `letI`.
The difference between `let` and `letI` is that `letI` inlines the value.
But this is not relevant for proofs because of proof irrelevance.

Note: This linter can be disabled with `set_option linter.style.haveILetI false`
warning: Luce/ExponentialRace.lean:35:2: Try this: 
  letI̵

The goal is a proposition, so `let` is preferred over `letI`.
The difference between `let` and `letI` is that `letI` inlines the value.
But this is not relevant for proofs because of proof irrelevance.

Note: This linter can be disabled with `set_option linter.style.haveILetI false`
warning: Luce/ExponentialRace.lean:45:2: Try this: 
  letI̵

The goal is a proposition, so `let` is preferred over `letI`.
The difference between `let` and `letI` is that `letI` inlines the value.
But this is not relevant for proofs because of proof irrelevance.

Note: This linter can be disabled with `set_option linter.style.haveILetI false`
warning: Luce/ExponentialRace.lean:52:2: Try this: 
  letI̵

The goal is a proposition, so `let` is preferred over `letI`.
The difference between `let` and `letI` is that `letI` inlines the value.
But this is not relevant for proofs because of proof irrelevance.

Note: This linter can be disabled with `set_option linter.style.haveILetI false`
warning: Luce/ExponentialRace.lean:72:2: Try this: 
  letI̵

The goal is a proposition, so `let` is preferred over `letI`.
The difference between `let` and `letI` is that `letI` inlines the value.
But this is not relevant for proofs because of proof irrelevance.

Note: This linter can be disabled with `set_option linter.style.haveILetI false`
warning: Luce/ExponentialRace.lean:98:2: Try this: 
  letI̵

The goal is a proposition, so `let` is preferred over `letI`.
The difference between `let` and `letI` is that `letI` inlines the value.
But this is not relevant for proofs because of proof irrelevance.

Note: This linter can be disabled with `set_option linter.style.haveILetI false`
⚠ [3571/3699] Replayed Luce.RaceOrder
warning: Luce/RaceOrder.lean:16:4: Try `simp at hi` instead of `simpa using hi`

Note: This linter can be disabled with `set_option linter.unnecessarySimpa false`
warning: Luce/RaceOrder.lean:32:6: Try `simp at hi` instead of `simpa using hi`

Note: This linter can be disabled with `set_option linter.unnecessarySimpa false`
⚠ [3572/3699] Replayed Luce.RankIntegral
warning: Luce/RankIntegral.lean:35:2: Try this: 
  letI̵

The goal is a proposition, so `let` is preferred over `letI`.
The difference between `let` and `letI` is that `letI` inlines the value.
But this is not relevant for proofs because of proof irrelevance.

Note: This linter can be disabled with `set_option linter.style.haveILetI false`
⚠ [3573/3699] Replayed Luce.ExponentialFacts
warning: Luce/ExponentialFacts.lean:30:2: Try this: 
  letI̵

The goal is a proposition, so `let` is preferred over `letI`.
The difference between `let` and `letI` is that `letI` inlines the value.
But this is not relevant for proofs because of proof irrelevance.

Note: This linter can be disabled with `set_option linter.style.haveILetI false`
warning: Luce/ExponentialFacts.lean:31:2: Try this: 
  letI̵

The goal is a proposition, so `let` is preferred over `letI`.
The difference between `let` and `letI` is that `letI` inlines the value.
But this is not relevant for proofs because of proof irrelevance.

Note: This linter can be disabled with `set_option linter.style.haveILetI false`
warning: Luce/ExponentialFacts.lean:40:22: This simp argument is unused:
  eq_comm

Hint: Omit it from the simp argument list.
  [apply] simp [Set.diagonal]

Note: This linter can be disabled with `set_option linter.unusedSimpArgs false`
⚠ [3580/3699] Replayed Luce.EndpointShells
warning: Luce/EndpointShells.lean:116:25: Used `tac1 <;> tac2` where `(tac1; tac2)` would suffice

Note: This linter can be disabled with `set_option linter.unnecessarySeqFocus false`
⚠ [3583/3699] Replayed Luce.EndpointShellCompatibility
warning: Luce/EndpointShellCompatibility.lean:17:36: `Set.mem_setOf_eq` has been deprecated: Use `Set.mem_ofPred_eq` instead
⚠ [3587/3699] Replayed Luce.EndpointShellBuffer
warning: Luce/EndpointShellBuffer.lean:53:5: Variable name `hj` is not explicitly referenced.

Hint: The binding can be removed (if unused) or named `_` (if used implicitly). Alternatively, prefix the name with `_` to silence this warning:
  [apply] _hj

Note: This linter can be disabled with `set_option linter.unusedVariables false`
warning: Luce/EndpointShellBuffer.lean:59:5: Variable name `hj` is not explicitly referenced.

Hint: The binding can be removed (if unused) or named `_` (if used implicitly). Alternatively, prefix the name with `_` to silence this warning:
  [apply] _hj

Note: This linter can be disabled with `set_option linter.unusedVariables false`
⚠ [3591/3699] Replayed Luce.EndpointShellBufferLimit
warning: Luce/EndpointShellBufferLimit.lean:16:25: Used `tac1 <;> tac2` where `(tac1; tac2)` would suffice

Note: This linter can be disabled with `set_option linter.unnecessarySeqFocus false`
warning: Luce/EndpointShellBufferLimit.lean:135:15: This simp argument is unused:
  nonnegativeTail

Hint: Omit it from the simp argument list.
  [apply] simp only [bufferedShellQCost, if_pos hj, dif_pos (hJ.trans hj)]

Note: This linter can be disabled with `set_option linter.unusedSimpArgs false`
warning: Luce/EndpointShellBufferLimit.lean:136:15: This simp argument is unused:
  nonnegativeTail

Hint: Omit it from the simp argument list.
  [apply] simp only [if_neg hj]

Note: This linter can be disabled with `set_option linter.unusedSimpArgs false`
⚠ [3600/3699] Replayed Luce.EndpointShellTightness
warning: Luce/EndpointShellTightness.lean:40:13: This simp argument is unused:
  tailFixedPointCount

Hint: Omit it from the simp argument list.
  [apply] simp only [Finset.mem_filter, Finset.mem_univ, true_and] at *

Note: This linter can be disabled with `set_option linter.unusedSimpArgs false`
⚠ [3601/3699] Replayed Luce.ExponentialMemoryless
warning: Luce/ExponentialMemoryless.lean:18:2: Try this: 
  letI̵

The goal is a proposition, so `let` is preferred over `letI`.
The difference between `let` and `letI` is that `letI` inlines the value.
But this is not relevant for proofs because of proof irrelevance.

Note: This linter can be disabled with `set_option linter.style.haveILetI false`
⚠ [3602/3699] Replayed Luce.FirstChoice
warning: Luce/FirstChoice.lean:26:2: Try this: 
  letI̵

The goal is a proposition, so `let` is preferred over `letI`.
The difference between `let` and `letI` is that `letI` inlines the value.
But this is not relevant for proofs because of proof irrelevance.

Note: This linter can be disabled with `set_option linter.style.haveILetI false`
⚠ [3604/3699] Replayed Luce.Section3RaceLaw
warning: Luce/Section3RaceLaw.lean:30:2: Try this: 
  letI̵

The goal is a proposition, so `let` is preferred over `letI`.
The difference between `let` and `letI` is that `letI` inlines the value.
But this is not relevant for proofs because of proof irrelevance.

Note: This linter can be disabled with `set_option linter.style.haveILetI false`
warning: Luce/Section3RaceLaw.lean:44:2: Try this: 
  letI̵

The goal is a proposition, so `let` is preferred over `letI`.
The difference between `let` and `letI` is that `letI` inlines the value.
But this is not relevant for proofs because of proof irrelevance.

Note: This linter can be disabled with `set_option linter.style.haveILetI false`
warning: Luce/Section3RaceLaw.lean:173:2: Try this: 
  letI̵

The goal is a proposition, so `let` is preferred over `letI`.
The difference between `let` and `letI` is that `letI` inlines the value.
But this is not relevant for proofs because of proof irrelevance.

Note: This linter can be disabled with `set_option linter.style.haveILetI false`
warning: Luce/Section3RaceLaw.lean:246:2: Try this: 
  letI̵

The goal is a proposition, so `let` is preferred over `letI`.
The difference between `let` and `letI` is that `letI` inlines the value.
But this is not relevant for proofs because of proof irrelevance.

Note: This linter can be disabled with `set_option linter.style.haveILetI false`
⚠ [3609/3699] Replayed Luce.EmpiricalRace
warning: Luce/EmpiricalRace.lean:32:25: Used `tac1 <;> tac2` where `(tac1; tac2)` would suffice

Note: This linter can be disabled with `set_option linter.unnecessarySeqFocus false`
warning: Luce/EmpiricalRace.lean:36:2: Try this: 
  letI̵

The goal is a proposition, so `let` is preferred over `letI`.
The difference between `let` and `letI` is that `letI` inlines the value.
But this is not relevant for proofs because of proof irrelevance.

Note: This linter can be disabled with `set_option linter.style.haveILetI false`
warning: Luce/EmpiricalRace.lean:47:2: Try this: 
  letI̵

The goal is a proposition, so `let` is preferred over `letI`.
The difference between `let` and `letI` is that `letI` inlines the value.
But this is not relevant for proofs because of proof irrelevance.

Note: This linter can be disabled with `set_option linter.style.haveILetI false`
warning: Luce/EmpiricalRace.lean:291:2: Unused tactic linter: `congr 1` does nothing

Note: This linter can be disabled with `set_option linter.unusedTactic false`
⚠ [3610/3699] Replayed Luce.Section3Mean
warning: Luce/Section3Mean.lean:86:2: Try this: 
  haveI̵

The goal is a proposition, so `have` is preferred over `haveI`.
The difference between `have` and `haveI` is that `haveI` inlines the value.
But this is not relevant for proofs because of proof irrelevance.

Note: This linter can be disabled with `set_option linter.style.haveILetI false`
warning: Luce/Section3Mean.lean:118:2: Try this: 
  haveI̵

The goal is a proposition, so `have` is preferred over `haveI`.
The difference between `have` and `haveI` is that `haveI` inlines the value.
But this is not relevant for proofs because of proof irrelevance.

Note: This linter can be disabled with `set_option linter.style.haveILetI false`
⚠ [3616/3699] Replayed Luce.Section3RaceDrawLaw
warning: Luce/Section3RaceDrawLaw.lean:72:2: Try this: 
  letI̵

The goal is a proposition, so `let` is preferred over `letI`.
The difference between `let` and `letI` is that `letI` inlines the value.
But this is not relevant for proofs because of proof irrelevance.

Note: This linter can be disabled with `set_option linter.style.haveILetI false`
⚠ [3619/3699] Replayed Luce.DrawHistory
warning: Luce/DrawHistory.lean:17:0: Definition `Luce.drawHistory` of class type is semireducible. Most type class instances should be instance-reducible, so consider marking this
definition with `@[instance_reducible]`. If it is intentionally semireducible, this warning can be disabled with `set_option warn.classDefReducibility false`.
⚠ [3661/3699] Replayed Luce.Predictable
warning: Luce/Predictable.lean:110:31: Used `tac1 <;> tac2` where `(tac1; tac2)` would suffice

Note: This linter can be disabled with `set_option linter.unnecessarySeqFocus false`
⚠ [3663/3699] Replayed Luce.BernoulliProcess
warning: Luce/BernoulliProcess.lean:36:0: automatically included section variable(s) unused in theorem `Luce.BernoulliProcess.observation_nonneg`:
  [IsProbabilityMeasure μ]
consider restructuring your `variable` declarations so that the variables are not in scope or explicitly omit them:
  omit [IsProbabilityMeasure μ] in theorem ...

Note: This linter can be disabled with `set_option linter.unusedSectionVars false`
warning: Luce/BernoulliProcess.lean:37:46: Used `tac1 <;> tac2` where `(tac1; tac2)` would suffice

Note: This linter can be disabled with `set_option linter.unnecessarySeqFocus false`
warning: Luce/BernoulliProcess.lean:39:0: automatically included section variable(s) unused in theorem `Luce.BernoulliProcess.observation_le_one`:
  [IsProbabilityMeasure μ]
consider restructuring your `variable` declarations so that the variables are not in scope or explicitly omit them:
  omit [IsProbabilityMeasure μ] in theorem ...

Note: This linter can be disabled with `set_option linter.unusedSectionVars false`
warning: Luce/BernoulliProcess.lean:40:46: Used `tac1 <;> tac2` where `(tac1; tac2)` would suffice

Note: This linter can be disabled with `set_option linter.unnecessarySeqFocus false`
warning: Luce/BernoulliProcess.lean:56:6: `MeasureTheory.integral_finset_sum` has been deprecated: Use `MeasureTheory.integral_finsetSum` instead
warning: Luce/BernoulliProcess.lean:57:4: `MeasureTheory.integral_finset_sum` has been deprecated: Use `MeasureTheory.integral_finsetSum` instead
warning: Luce/BernoulliProcess.lean:88:30: `Set.mem_setOf_eq` has been deprecated: Use `Set.mem_ofPred_eq` instead
warning: Luce/BernoulliProcess.lean:106:0: automatically included section variable(s) unused in theorem `Luce.BernoulliProcess.laplaceFactor_stronglyMeasurable`:
  [IsProbabilityMeasure μ]
consider restructuring your `variable` declarations so that the variables are not in scope or explicitly omit them:
  omit [IsProbabilityMeasure μ] in theorem ...

Note: This linter can be disabled with `set_option linter.unusedSectionVars false`
warning: Luce/BernoulliProcess.lean:186:0: automatically included section variable(s) unused in theorem `Luce.BernoulliProcess.likelihood_eq_laplace_div`:
  [IsProbabilityMeasure μ]
consider restructuring your `variable` declarations so that the variables are not in scope or explicitly omit them:
  omit [IsProbabilityMeasure μ] in theorem ...

Note: This linter can be disabled with `set_option linter.unusedSectionVars false`
warning: Luce/BernoulliProcess.lean:192:0: automatically included section variable(s) unused in theorem `Luce.BernoulliProcess.laplaceProduct_bounds`:
  [IsProbabilityMeasure μ]
consider restructuring your `variable` declarations so that the variables are not in scope or explicitly omit them:
  omit [IsProbabilityMeasure μ] in theorem ...

Note: This linter can be disabled with `set_option linter.unusedSectionVars false`
⚠ [3666/3699] Replayed Luce.Section3LuceLaw
warning: Luce/Section3LuceLaw.lean:27:2: Try this: 
  letI̵

The goal is a proposition, so `let` is preferred over `letI`.
The difference between `let` and `letI` is that `letI` inlines the value.
But this is not relevant for proofs because of proof irrelevance.

Note: This linter can be disabled with `set_option linter.style.haveILetI false`
⚠ [3671/3699] Replayed Luce.Section3Convergence
warning: Luce/Section3Convergence.lean:14:0: automatically included section variable(s) unused in theorem `Luce.ConvergesInProbability.deterministic`:
  [∀ (n : ℕ), IsProbabilityMeasure (μ n)]
consider restructuring your `variable` declarations so that the variables are not in scope or explicitly omit them:
  omit [∀ (n : ℕ), IsProbabilityMeasure (μ n)] in theorem ...

Note: This linter can be disabled with `set_option linter.unusedSectionVars false`
⚠ [3673/3699] Replayed Luce.Section3Survival
warning: Luce/Section3Survival.lean:42:27: Used `tac1 <;> tac2` where `(tac1; tac2)` would suffice

Note: This linter can be disabled with `set_option linter.unnecessarySeqFocus false`
⚠ [3692/3765] Replayed Luce.Section3CompensatorLimit
warning: Luce/Section3CompensatorLimit.lean:152:29: `Set.preimage_setOf_eq` has been deprecated: Use `Set.preimage_ofPred_eq` instead
⚠ [3725/3765] Replayed Luce.CappedPoisson
warning: Luce/CappedPoisson.lean:30:0: automatically included section variable(s) unused in theorem `Luce.BernoulliProcess.laplaceCompensator_bounds`:
  [IsProbabilityMeasure μ]
consider restructuring your `variable` declarations so that the variables are not in scope or explicitly omit them:
  omit [IsProbabilityMeasure μ] in theorem ...

Note: This linter can be disabled with `set_option linter.unusedSectionVars false`
⚠ [3736/3765] Replayed Luce.PoissonCriterion
warning: Luce/PoissonCriterion.lean:76:13: `Set.mem_setOf_eq` has been deprecated: Use `Set.mem_ofPred_eq` instead
⚠ [3737/3765] Replayed Luce.Section3PoissonCriterion
warning: Luce/Section3PoissonCriterion.lean:24:0: automatically included section variable(s) unused in theorem `Luce.totalPredictable_of_integrals`:
  [CompactSpace X]
  [BorelSpace X]
consider restructuring your `variable` declarations so that the variables are not in scope or explicitly omit them:
  omit [CompactSpace X] [BorelSpace X] in theorem ...

Note: This linter can be disabled with `set_option linter.unusedSectionVars false`
warning: Luce/Section3PoissonCriterion.lean:92:2: Try this: 
  haveI̵

The goal is a proposition, so `have` is preferred over `haveI`.
The difference between `have` and `haveI` is that `haveI` inlines the value.
But this is not relevant for proofs because of proof irrelevance.

Note: This linter can be disabled with `set_option linter.style.haveILetI false`
⚠ [3738/3765] Replayed Luce.Section3Poisson
warning: Luce/Section3Poisson.lean:197:4: Try this: 
  letI̵

The goal is a proposition, so `let` is preferred over `letI`.
The difference between `let` and `letI` is that `letI` inlines the value.
But this is not relevant for proofs because of proof irrelevance.

Note: This linter can be disabled with `set_option linter.style.haveILetI false`
⚠ [3749/3765] Replayed Luce.Section4Intensity
warning: Luce/Section4Intensity.lean:69:2: Try this: 
  letI̵

The goal is a proposition, so `let` is preferred over `letI`.
The difference between `let` and `letI` is that `letI` inlines the value.
But this is not relevant for proofs because of proof irrelevance.

Note: This linter can be disabled with `set_option linter.style.haveILetI false`
warning: Luce/Section4Intensity.lean:123:2: Try this: 
  letI̵

The goal is a proposition, so `let` is preferred over `letI`.
The difference between `let` and `letI` is that `letI` inlines the value.
But this is not relevant for proofs because of proof irrelevance.

Note: This linter can be disabled with `set_option linter.style.haveILetI false`
warning: Luce/Section4Intensity.lean:124:2: Try this: 
  letI̵

The goal is a proposition, so `let` is preferred over `letI`.
The difference between `let` and `letI` is that `letI` inlines the value.
But this is not relevant for proofs because of proof irrelevance.

Note: This linter can be disabled with `set_option linter.style.haveILetI false`
warning: Luce/Section4Intensity.lean:181:4: Try this: 
  letI̵

The goal is a proposition, so `let` is preferred over `letI`.
The difference between `let` and `letI` is that `letI` inlines the value.
But this is not relevant for proofs because of proof irrelevance.

Note: This linter can be disabled with `set_option linter.style.haveILetI false`
warning: Luce/Section4Intensity.lean:230:2: Try this: 
  haveI̵

The goal is a proposition, so `have` is preferred over `haveI`.
The difference between `have` and `haveI` is that `haveI` inlines the value.
But this is not relevant for proofs because of proof irrelevance.

Note: This linter can be disabled with `set_option linter.style.haveILetI false`
⚠ [3750/3765] Replayed Luce.Section4ShellIntensityBound
warning: Luce/Section4ShellIntensityBound.lean:40:2: Try this: 
  letI̵

The goal is a proposition, so `let` is preferred over `letI`.
The difference between `let` and `letI` is that `letI` inlines the value.
But this is not relevant for proofs because of proof irrelevance.

Note: This linter can be disabled with `set_option linter.style.haveILetI false`
warning: Luce/Section4ShellIntensityBound.lean:41:2: Try this: 
  letI̵

The goal is a proposition, so `let` is preferred over `letI`.
The difference between `let` and `letI` is that `letI` inlines the value.
But this is not relevant for proofs because of proof irrelevance.

Note: This linter can be disabled with `set_option linter.style.haveILetI false`
⚠ [3751/3765] Replayed Luce.Section4ShellIntensity
warning: Luce/Section4ShellIntensity.lean:28:4: Try this: 
  letI̵

The goal is a proposition, so `let` is preferred over `letI`.
The difference between `let` and `letI` is that `letI` inlines the value.
But this is not relevant for proofs because of proof irrelevance.

Note: This linter can be disabled with `set_option linter.style.haveILetI false`
warning: Luce/Section4ShellIntensity.lean:77:2: Try this: 
  haveI̵

The goal is a proposition, so `have` is preferred over `haveI`.
The difference between `have` and `haveI` is that `haveI` inlines the value.
But this is not relevant for proofs because of proof irrelevance.

Note: This linter can be disabled with `set_option linter.style.haveILetI false`
⚠ [3754/3765] Replayed Luce.Section4ShellPoisson
warning: Luce/Section4ShellPoisson.lean:68:2: Try this: 
  haveI̵

The goal is a proposition, so `have` is preferred over `haveI`.
The difference between `have` and `haveI` is that `haveI` inlines the value.
But this is not relevant for proofs because of proof irrelevance.

Note: This linter can be disabled with `set_option linter.style.haveILetI false`
warning: Luce/Section4ShellPoisson.lean:106:4: Try this: 
  letI̵

The goal is a proposition, so `let` is preferred over `letI`.
The difference between `let` and `letI` is that `letI` inlines the value.
But this is not relevant for proofs because of proof irrelevance.

Note: This linter can be disabled with `set_option linter.style.haveILetI false`
⚠ [3760/3765] Replayed Luce.Section4Poisson
warning: Luce/Section4Poisson.lean:72:2: Try this: 
  haveI̵

The goal is a proposition, so `have` is preferred over `haveI`.
The difference between `have` and `haveI` is that `haveI` inlines the value.
But this is not relevant for proofs because of proof irrelevance.

Note: This linter can be disabled with `set_option linter.style.haveILetI false`
warning: Luce/Section4Poisson.lean:110:4: Try this: 
  letI̵

The goal is a proposition, so `let` is preferred over `letI`.
The difference between `let` and `letI` is that `letI` inlines the value.
But this is not relevant for proofs because of proof irrelevance.

Note: This linter can be disabled with `set_option linter.style.haveILetI false`
✔ [3764/3765] Built Luce.EndpointExpectationTightness (16s)
⚠ [3765/3765] Built Luce.EndpointTailPoisson (23s)
warning: Luce/EndpointTailPoisson.lean:45:2: Try this: 
  letI̵

The goal is a proposition, so `let` is preferred over `letI`.
The difference between `let` and `letI` is that `letI` inlines the value.
But this is not relevant for proofs because of proof irrelevance.

Note: This linter can be disabled with `set_option linter.style.haveILetI false`
warning: Luce/EndpointTailPoisson.lean:46:2: Try this: 
  letI̵

The goal is a proposition, so `let` is preferred over `letI`.
The difference between `let` and `letI` is that `letI` inlines the value.
But this is not relevant for proofs because of proof irrelevance.

Note: This linter can be disabled with `set_option linter.style.haveILetI false`
warning: Luce/EndpointTailPoisson.lean:91:4: Try this: 
  letI̵

The goal is a proposition, so `let` is preferred over `letI`.
The difference between `let` and `letI` is that `letI` inlines the value.
But this is not relevant for proofs because of proof irrelevance.

Note: This linter can be disabled with `set_option linter.style.haveILetI false`
warning: Luce/EndpointTailPoisson.lean:140:2: Try this: 
  haveI̵

The goal is a proposition, so `have` is preferred over `haveI`.
The difference between `have` and `haveI` is that `haveI` inlines the value.
But this is not relevant for proofs because of proof irrelevance.

Note: This linter can be disabled with `set_option linter.style.haveILetI false`
warning: Luce/EndpointTailPoisson.lean:414:2: Try this: 
  haveI̵

The goal is a proposition, so `have` is preferred over `haveI`.
The difference between `have` and `haveI` is that `haveI` inlines the value.
But this is not relevant for proofs because of proof irrelevance.

Note: This linter can be disabled with `set_option linter.style.haveILetI false`
warning: Luce/EndpointTailPoisson.lean:452:4: Try this: 
  letI̵

The goal is a proposition, so `let` is preferred over `letI`.
The difference between `let` and `letI` is that `letI` inlines the value.
But this is not relevant for proofs because of proof irrelevance.

Note: This linter can be disabled with `set_option linter.style.haveILetI false`
Build completed successfully (3765 jobs).
