⚠ [937/1074] Replayed Luce.Model
warning: Luce/Model.lean:191:59: Variable name `hk` is not explicitly referenced.

Hint: The binding can be removed (if unused) or named `_` (if used implicitly). Alternatively, prefix the name with `_` to silence this warning:
  [apply] _hk

Note: This linter can be disabled with `set_option linter.unusedVariables false`
⚠ [3656/3672] Replayed Luce.Section6IncrementDensity
warning: Luce/Section6IncrementDensity.lean:61:63: Variable name `hq` is not explicitly referenced.

Hint: The binding can be removed (if unused) or named `_` (if used implicitly). Alternatively, prefix the name with `_` to silence this warning:
  [apply] _hq

Note: This linter can be disabled with `set_option linter.unusedVariables false`
⚠ [3670/3672] Replayed Luce.Section6LogCells
warning: Luce/Section6LogCells.lean:81:42: Variable name `hA` is not explicitly referenced.

Hint: The binding can be removed (if unused) or named `_` (if used implicitly). Alternatively, prefix the name with `_` to silence this warning:
  [apply] _hA

Note: This linter can be disabled with `set_option linter.unusedVariables false`
✔ [3671/3672] Built Luce.Section6IdealCoreGrowth (18s)
✖ [3672/3672] Building Luce.Section6IdealSpatialWindow (42s)
trace: .> LEAN_PATH=D:\princeton\Research\Lean\Lean_luce\.lake\packages\Cli\.lake\build\lib\lean;D:\princeton\Research\Lean\Lean_luce\.lake\packages\batteries\.lake\build\lib\lean;D:\princeton\Research\Lean\Lean_luce\.lake\packages\Qq\.lake\build\lib\lean;D:\princeton\Research\Lean\Lean_luce\.lake\packages\aesop\.lake\build\lib\lean;D:\princeton\Research\Lean\Lean_luce\.lake\packages\proofwidgets\.lake\build\lib\lean;D:\princeton\Research\Lean\Lean_luce\.lake\packages\importGraph\.lake\build\lib\lean;D:\princeton\Research\Lean\Lean_luce\.lake\packages\LeanSearchClient\.lake\build\lib\lean;D:\princeton\Research\Lean\Lean_luce\.lake\packages\plausible\.lake\build\lib\lean;D:\princeton\Research\Lean\Lean_luce\.lake\packages\mathlib\.lake\build\lib\lean;D:\princeton\Research\Lean\Lean_luce\.lake\build\lib\lean c:\Users\JiaminWang\.elan\toolchains\leanprover--lean4---v4.33.1\bin\lean.exe D:\princeton\Research\Lean\Lean_luce\Luce\Section6IdealSpatialWindow.lean -o D:\princeton\Research\Lean\Lean_luce\.lake\build\lib\lean\Luce\Section6IdealSpatialWindow.olean -i D:\princeton\Research\Lean\Lean_luce\.lake\build\lib\lean\Luce\Section6IdealSpatialWindow.ilean -c D:\princeton\Research\Lean\Lean_luce\.lake\build\ir\Luce\Section6IdealSpatialWindow.c --setup D:\princeton\Research\Lean\Lean_luce\.lake\build\ir\Luce\Section6IdealSpatialWindow.setup.json --json
error: Luce/Section6IdealSpatialWindow.lean:117:4: (deterministic) timeout at `«Mathlib.Tactic.Linarith.SimplexAlgorithm.Gauss.getTableauImp»`, maximum number of heartbeats (200000) has been reached

Note: Use `set_option maxHeartbeats <num>` to set the limit.

Hint: Additional diagnostic information may be available using the `set_option diagnostics true` command.
error: Lean exited with code 1
Some required targets logged failures:
- Luce.Section6IdealSpatialWindow
error: build failed
