⚠ [937/992] Replayed Luce.Model
warning: Luce/Model.lean:191:59: Variable name `hk` is not explicitly referenced.

Hint: The binding can be removed (if unused) or named `_` (if used implicitly). Alternatively, prefix the name with `_` to silence this warning:
  [apply] _hk

Note: This linter can be disabled with `set_option linter.unusedVariables false`
⚠ [3656/3706] Replayed Luce.Section6IncrementDensity
warning: Luce/Section6IncrementDensity.lean:61:63: Variable name `hq` is not explicitly referenced.

Hint: The binding can be removed (if unused) or named `_` (if used implicitly). Alternatively, prefix the name with `_` to silence this warning:
  [apply] _hq

Note: This linter can be disabled with `set_option linter.unusedVariables false`
⚠ [3670/3706] Replayed Luce.Section6LogCells
warning: Luce/Section6LogCells.lean:81:42: Variable name `hA` is not explicitly referenced.

Hint: The binding can be removed (if unused) or named `_` (if used implicitly). Alternatively, prefix the name with `_` to silence this warning:
  [apply] _hA

Note: This linter can be disabled with `set_option linter.unusedVariables false`
⚠ [3671/3706] Replayed Luce.Section6DensityPerturbation
warning: Luce/Section6DensityPerturbation.lean:20:31: Variable name `he0` is not explicitly referenced.

Hint: The binding can be removed (if unused) or named `_` (if used implicitly). Alternatively, prefix the name with `_` to silence this warning:
  [apply] _he0

Note: This linter can be disabled with `set_option linter.unusedVariables false`
⚠ [3673/3706] Replayed Luce.Section6LogKernelRows
warning: Luce/Section6LogKernelRows.lean:43:25: Used `tac1 <;> tac2` where `(tac1; tac2)` would suffice

Note: This linter can be disabled with `set_option linter.unnecessarySeqFocus false`
⚠ [3675/3706] Replayed Luce.Section6ContinuousBoxTrace
warning: Luce/Section6ContinuousBoxTrace.lean:86:67: Unused tactic linter: `rfl` does nothing

Note: This linter can be disabled with `set_option linter.unusedTactic false`
warning: Luce/Section6ContinuousBoxTrace.lean:86:67: this tactic is never executed

Note: This linter can be disabled with `set_option linter.unreachableTactic false`
warning: Luce/Section6ContinuousBoxTrace.lean:75:111: Used `tac1 <;> tac2` where `(tac1; tac2)` would suffice

Note: This linter can be disabled with `set_option linter.unnecessarySeqFocus false`
warning: Luce/Section6ContinuousBoxTrace.lean:76:63: Used `tac1 <;> tac2` where `(tac1; tac2)` would suffice

Note: This linter can be disabled with `set_option linter.unnecessarySeqFocus false`
warning: Luce/Section6ContinuousBoxTrace.lean:128:17: This simp argument is unused:
  Pi.add_apply

Hint: Omit it from the simp argument list.
  [apply] simp only [hcons, Set.indicator_apply, logTraceBox68, Set.mem_pi, Set.mem_univ, forall_const, Set.mem_Ioc,
    closedLogCycleWeight_translate]

Note: This linter can be disabled with `set_option linter.unusedSimpArgs false`
⚠ [3676/3706] Replayed Luce.Section6LogCellQuadrature
warning: Luce/Section6LogCellQuadrature.lean:62:25: Used `tac1 <;> tac2` where `(tac1; tac2)` would suffice

Note: This linter can be disabled with `set_option linter.unnecessarySeqFocus false`
⚠ [3680/3706] Replayed Luce.RaceOrder
warning: Luce/RaceOrder.lean:16:4: Try `simp at hi` instead of `simpa using hi`

Note: This linter can be disabled with `set_option linter.unnecessarySimpa false`
warning: Luce/RaceOrder.lean:32:6: Try `simp at hi` instead of `simpa using hi`

Note: This linter can be disabled with `set_option linter.unnecessarySimpa false`
⚠ [3688/3706] Replayed Luce.ExponentialRace
warning: Luce/ExponentialRace.lean:27:2: Try this: 
  letI̵

The goal is a proposition, so `let` is preferred over `letI`.
The difference between `let` and `letI` is that `letI` inlines the value.
But this is not relevant for proofs because of proof irrelevance.

Note: This linter can be disabled with `set_option linter.style.haveILetI false`
warning: Luce/ExponentialRace.lean:35:2: Try this: 
  letI̵

The goal is a proposition, so `let` is preferred over `letI`.
The difference between `let` and `letI` is that `letI` inlines the value.
But this is not relevant for proofs because of proof irrelevance.

Note: This linter can be disabled with `set_option linter.style.haveILetI false`
warning: Luce/ExponentialRace.lean:45:2: Try this: 
  letI̵

The goal is a proposition, so `let` is preferred over `letI`.
The difference between `let` and `letI` is that `letI` inlines the value.
But this is not relevant for proofs because of proof irrelevance.

Note: This linter can be disabled with `set_option linter.style.haveILetI false`
warning: Luce/ExponentialRace.lean:52:2: Try this: 
  letI̵

The goal is a proposition, so `let` is preferred over `letI`.
The difference between `let` and `letI` is that `letI` inlines the value.
But this is not relevant for proofs because of proof irrelevance.

Note: This linter can be disabled with `set_option linter.style.haveILetI false`
warning: Luce/ExponentialRace.lean:72:2: Try this: 
  letI̵

The goal is a proposition, so `let` is preferred over `letI`.
The difference between `let` and `letI` is that `letI` inlines the value.
But this is not relevant for proofs because of proof irrelevance.

Note: This linter can be disabled with `set_option linter.style.haveILetI false`
warning: Luce/ExponentialRace.lean:98:2: Try this: 
  letI̵

The goal is a proposition, so `let` is preferred over `letI`.
The difference between `let` and `letI` is that `letI` inlines the value.
But this is not relevant for proofs because of proof irrelevance.

Note: This linter can be disabled with `set_option linter.style.haveILetI false`
⚠ [3689/3706] Replayed Luce.ExponentialFacts
warning: Luce/ExponentialFacts.lean:30:2: Try this: 
  letI̵

The goal is a proposition, so `let` is preferred over `letI`.
The difference between `let` and `letI` is that `letI` inlines the value.
But this is not relevant for proofs because of proof irrelevance.

Note: This linter can be disabled with `set_option linter.style.haveILetI false`
warning: Luce/ExponentialFacts.lean:31:2: Try this: 
  letI̵

The goal is a proposition, so `let` is preferred over `letI`.
The difference between `let` and `letI` is that `letI` inlines the value.
But this is not relevant for proofs because of proof irrelevance.

Note: This linter can be disabled with `set_option linter.style.haveILetI false`
warning: Luce/ExponentialFacts.lean:40:22: This simp argument is unused:
  eq_comm

Hint: Omit it from the simp argument list.
  [apply] simp [Set.diagonal]

Note: This linter can be disabled with `set_option linter.unusedSimpArgs false`
⚠ [3690/3706] Replayed Luce.Section5Resampling
warning: Luce/Section5Resampling.lean:26:2: Try this: 
  letI̵

The goal is a proposition, so `let` is preferred over `letI`.
The difference between `let` and `letI` is that `letI` inlines the value.
But this is not relevant for proofs because of proof irrelevance.

Note: This linter can be disabled with `set_option linter.style.haveILetI false`
warning: Luce/Section5Resampling.lean:49:2: Try this: 
  letI̵

The goal is a proposition, so `let` is preferred over `letI`.
The difference between `let` and `letI` is that `letI` inlines the value.
But this is not relevant for proofs because of proof irrelevance.

Note: This linter can be disabled with `set_option linter.style.haveILetI false`
warning: Luce/Section5Resampling.lean:65:2: Try this: 
  letI̵

The goal is a proposition, so `let` is preferred over `letI`.
The difference between `let` and `letI` is that `letI` inlines the value.
But this is not relevant for proofs because of proof irrelevance.

Note: This linter can be disabled with `set_option linter.style.haveILetI false`
warning: Luce/Section5Resampling.lean:92:2: Try this: 
  letI̵

The goal is a proposition, so `let` is preferred over `letI`.
The difference between `let` and `letI` is that `letI` inlines the value.
But this is not relevant for proofs because of proof irrelevance.

Note: This linter can be disabled with `set_option linter.style.haveILetI false`
⚠ [3691/3706] Replayed Luce.Section5WindowProbability
warning: Luce/Section5WindowProbability.lean:188:2: Try this: 
  letI̵

The goal is a proposition, so `let` is preferred over `letI`.
The difference between `let` and `letI` is that `letI` inlines the value.
But this is not relevant for proofs because of proof irrelevance.

Note: This linter can be disabled with `set_option linter.style.haveILetI false`
⚠ [3692/3706] Replayed Luce.Section5FiniteInsertion
warning: Luce/Section5FiniteInsertion.lean:75:2: Try this: 
  letI̵

The goal is a proposition, so `let` is preferred over `letI`.
The difference between `let` and `letI` is that `letI` inlines the value.
But this is not relevant for proofs because of proof irrelevance.

Note: This linter can be disabled with `set_option linter.style.haveILetI false`
warning: Luce/Section5FiniteInsertion.lean:249:2: Try this: 
  letI̵

The goal is a proposition, so `let` is preferred over `letI`.
The difference between `let` and `letI` is that `letI` inlines the value.
But this is not relevant for proofs because of proof irrelevance.

Note: This linter can be disabled with `set_option linter.style.haveILetI false`
⚠ [3694/3706] Replayed Luce.RankIntegral
warning: Luce/RankIntegral.lean:35:2: Try this: 
  letI̵

The goal is a proposition, so `let` is preferred over `letI`.
The difference between `let` and `letI` is that `letI` inlines the value.
But this is not relevant for proofs because of proof irrelevance.

Note: This linter can be disabled with `set_option linter.style.haveILetI false`
⚠ [3695/3706] Replayed Luce.Section5Occupation
warning: Luce/Section5Occupation.lean:94:2: Try this: 
  letI̵

The goal is a proposition, so `let` is preferred over `letI`.
The difference between `let` and `letI` is that `letI` inlines the value.
But this is not relevant for proofs because of proof irrelevance.

Note: This linter can be disabled with `set_option linter.style.haveILetI false`
⚠ [3702/3706] Replayed Luce.Section5LowCycleRows
warning: Luce/Section5LowCycleRows.lean:77:4: Try this: 
  haveI̵

The goal is a proposition, so `have` is preferred over `haveI`.
The difference between `have` and `haveI` is that `haveI` inlines the value.
But this is not relevant for proofs because of proof irrelevance.

Note: This linter can be disabled with `set_option linter.style.haveILetI false`
⚠ [3704/3706] Replayed Luce.Section6CollisionCycleTests
warning: Luce/Section6CollisionCycleTests.lean:76:33: Used `tac1 <;> tac2` where `(tac1; tac2)` would suffice

Note: This linter can be disabled with `set_option linter.unnecessarySeqFocus false`
ℹ [3705/3706] Replayed Luce.Section6ExcursionDepthSums
info: Luce/Section6ExcursionDepthSums.lean:48:50: Try this:
  [apply] ring_nf
  
  The `ring` tactic failed to close the goal. Use `ring_nf` to obtain a normal form.
    
  Note that `ring` works primarily in *commutative* rings. If you have a noncommutative ring, abelian group or module, consider using `noncomm_ring`, `abel` or `module` instead.
✖ [3706/3706] Building Luce.Section6IdealCollisions (20s)
trace: .> LEAN_PATH=D:\princeton\Research\Lean\Lean_luce\.lake\packages\Cli\.lake\build\lib\lean;D:\princeton\Research\Lean\Lean_luce\.lake\packages\batteries\.lake\build\lib\lean;D:\princeton\Research\Lean\Lean_luce\.lake\packages\Qq\.lake\build\lib\lean;D:\princeton\Research\Lean\Lean_luce\.lake\packages\aesop\.lake\build\lib\lean;D:\princeton\Research\Lean\Lean_luce\.lake\packages\proofwidgets\.lake\build\lib\lean;D:\princeton\Research\Lean\Lean_luce\.lake\packages\importGraph\.lake\build\lib\lean;D:\princeton\Research\Lean\Lean_luce\.lake\packages\LeanSearchClient\.lake\build\lib\lean;D:\princeton\Research\Lean\Lean_luce\.lake\packages\plausible\.lake\build\lib\lean;D:\princeton\Research\Lean\Lean_luce\.lake\packages\mathlib\.lake\build\lib\lean;D:\princeton\Research\Lean\Lean_luce\.lake\build\lib\lean c:\Users\JiaminWang\.elan\toolchains\leanprover--lean4---v4.33.1\bin\lean.exe D:\princeton\Research\Lean\Lean_luce\Luce\Section6IdealCollisions.lean -o D:\princeton\Research\Lean\Lean_luce\.lake\build\lib\lean\Luce\Section6IdealCollisions.olean -i D:\princeton\Research\Lean\Lean_luce\.lake\build\lib\lean\Luce\Section6IdealCollisions.ilean -c D:\princeton\Research\Lean\Lean_luce\.lake\build\ir\Luce\Section6IdealCollisions.c --setup D:\princeton\Research\Lean\Lean_luce\.lake\build\ir\Luce\Section6IdealCollisions.setup.json --json
error: Luce/Section6IdealCollisions.lean:33:61: Application type mismatch: The argument
  h
has type
  Function.Injective x
but is expected to have type
  ¬Function.Injective ?m.511
in the application
  Function.not_injective_iff.mp h
error: Luce/Section6IdealCollisions.lean:39:29: Invalid `⟨...⟩` notation: The expected type of this term could not be determined
error: Luce/Section6IdealCollisions.lean:39:10: Type mismatch: After simplification, term
  hh
 has type
  (if i ≠ j ∧ x i = x j then collisionCycleWeight F k x else 0) ≤
    ∑ x_1, if i ≠ x_1 ∧ x i = x x_1 then collisionCycleWeight F k x else 0
but is expected to have type
  collisionCycleWeight F k x ≤ ∑ j', if i ≠ j' ∧ x i = x j' then collisionCycleWeight F k x else 0
error: Luce/Section6IdealCollisions.lean:40:8: Type mismatch
  LE.le.trans hinner
    (Finset.single_le_sum
      (fun i' x_1 =>
        Finset.sum_nonneg fun j' x_2 =>
          if h : i' ≠ j' ∧ x i' = x j' then Eq.mpr (id (congrArg (LE.le 0) (if_pos h))) (hW x)
          else Eq.mpr (id (congrArg (LE.le 0) (if_neg h))) (le_refl 0))
      (Finset.mem_univ i))
has type
  collisionCycleWeight F k x ≤ ∑ x_1, ∑ j', if x_1 ≠ j' ∧ x x_1 = x j' then collisionCycleWeight F k x else 0
but is expected to have type
  0 ≤ ∑ i, ∑ j, if i ≠ j ∧ x i = x j then collisionCycleWeight F k x else 0
error: Luce/Section6IdealCollisions.lean:44:77: Tactic `split_ifs` failed: no if-then-else conditions to split

α : Type u_1
inst✝ : Fintype α
F : α → α → ℝ
hF : ∀ (a b : α), 0 ≤ F a b
v : α → ℝ
hv : ∀ (a : α), 0 ≤ v a
C : ℝ
hC : 0 ≤ C
hrow : ∀ (a : α), ∑ b, F a b ≤ C
htarget : ∀ (a b : α), F a b ≤ C * v b
k : ℕ
hW : ∀ (x : Fin (k + 1) → α), 0 ≤ collisionCycleWeight F k x
hR : 0 ≤ C ^ (k + 1) * ∑ a, v a ^ 2
hpair :
  ∀ (i j : Fin (k + 1)),
    i ≠ j → (∑ x, if i ≠ j ∧ x i = x j then collisionCycleWeight F k x else 0) ≤ C ^ (k + 1) * ∑ a, v a ^ 2
x : Fin (k + 1) → α
a✝ : x ∈ Finset.univ
h : ¬Function.Injective x
i : ?m.678
x✝¹ : i ∈ ?m.683
j : ?m.699 i
x✝ : j ∈ ?m.700 i
⊢ 0 ≤ ?m.701 i j
error: Luce/Section6IdealCollisions.lean:44:8: Type mismatch
  Finset.sum_nonneg fun i x => Finset.sum_nonneg fun j x_1 => ?m.705
has type
  0 ≤ ∑ i ∈ ?m.683, ∑ i_1 ∈ ?m.700 i, ?m.701 i i_1
but is expected to have type
  collisionCycleWeight F k x ≤ ∑ i, ∑ j, if i ≠ j ∧ x i = x j then collisionCycleWeight F k x else 0
error: Luce/Section6IdealCollisions.lean:129:61: No goals to be solved
error: Luce/Section6IdealCollisions.lean:129:2: Type mismatch
  LE.le.trans_eq hbad (Eq.refl ((↑k + 1) ^ 2 * ((C + 2 * C * Real.exp g * (2 / g) + 1) ^ (k + 1) * (2 / ↑A))))
has type
  ∑ x,
      @ite ℝ (¬Function.Injective x)
        (@instDecidableNot (Function.Injective x)
          (@Fintype.decidableInjectiveFintype (Fin (k + 1)) (↥(Finset.Icc A B))
            (fun a b => Classical.propDecidable (a = b)) (Fin.fintype (k + 1)) x))
        (collisionCycleWeight F k x) 0 ≤
    (↑k + 1) ^ 2 * ((C + 2 * C * Real.exp g * (2 / g) + 1) ^ (k + 1) * (2 / ↑A))
but is expected to have type
  ∑ a,
      @ite ℝ (¬Function.Injective a)
        (@instDecidableNot (Function.Injective a)
          (@Fintype.decidableInjectiveFintype (Fin (k + 1)) (↥(Finset.Icc A B)) (fun a b => a.instDecidableEq b)
            (Fin.fintype (k + 1)) a))
        (collisionCycleWeight F k a) 0 ≤
    logCollisionConstant68 C g k / ↑A
error: Lean exited with code 1
Some required targets logged failures:
- Luce.Section6IdealCollisions
error: build failed
