structure Luce.Weights (n : Nat) : Type
number of parameters: 1
fields:
  Luce.Weights.rate : Fin n → Real
  Luce.Weights.positive : ∀ (i : Fin n),
      @LT.lt.{0} Real Real.instLT (@OfNat.ofNat.{0} Real (nat_lit 0) (@Zero.toOfNat0.{0} Real Real.instZero))
        (@Luce.Weights.rate n self i)
constructor:
  Luce.Weights.mk {n : Nat} (rate : Fin n → Real)
    (positive :
      ∀ (i : Fin n),
        @LT.lt.{0} Real Real.instLT (@OfNat.ofNat.{0} Real (nat_lit 0) (@Zero.toOfNat0.{0} Real Real.instZero))
          (rate i)) :
    Luce.Weights n
def Luce.NormalizedWeights : Luce.WeightArray → Prop :=
fun w =>
  ∀ (n : Nat),
    @LT.lt.{0} Nat instLTNat (@OfNat.ofNat.{0} Nat (nat_lit 0) (instOfNatNat (nat_lit 0))) n →
      @Eq.{1} Real
        (@HMul.hMul.{0, 0, 0} Real Real Real (@instHMul.{0} Real Real.instMul)
          (@HDiv.hDiv.{0, 0, 0} Real Real Real (@instHDiv.{0} Real (@DivInvMonoid.toDiv.{0} Real Real.instDivInvMonoid))
            (@OfNat.ofNat.{0} Real (nat_lit 1) (@One.toOfNat1.{0} Real Real.instOne))
            (@Nat.cast.{0} Real Real.instNatCast n))
          (∑ i, @Luce.Weights.rate n (w n) i))
        (@OfNat.ofNat.{0} Real (nat_lit 1) (@One.toOfNat1.{0} Real Real.instOne))
def Luce.ProfileLimit : Luce.WeightArray → (Real → Real) → Prop :=
fun w f =>
  And (@MeasureTheory.NullMeasurable.{0, 0} Real Real Real.measurableSpace Real.measurableSpace f Luce.profileMeasure)
    (And
      (∀ (x : Real),
        @Membership.mem.{0, 0} Real (Set.{0} Real) (@Set.instMembership.{0} Real)
            (@Set.Ioo.{0} Real Real.instPreorder
              (@OfNat.ofNat.{0} Real (nat_lit 0) (@Zero.toOfNat0.{0} Real Real.instZero))
              (@OfNat.ofNat.{0} Real (nat_lit 1) (@One.toOfNat1.{0} Real Real.instOne)))
            x →
          @LT.lt.{0} Real Real.instLT (@OfNat.ofNat.{0} Real (nat_lit 0) (@Zero.toOfNat0.{0} Real Real.instZero)) (f x))
      (Luce.ProfileL1Convergence w f))
def Luce.countSieveRemainder : {L : Nat} → (Fin L → Nat) → Nat → (Fin L → Nat) → Real :=
fun {L} q K x =>
  @HSub.hSub.{0, 0, 0} Real Real Real (@instHSub.{0} Real Real.instSub)
    (∏ ell,
      @HAdd.hAdd.{0, 0, 0} Real Real Real (@instHAdd.{0} Real Real.instAdd)
        (@OfNat.ofNat.{0} Real (nat_lit 1) (@One.toOfNat1.{0} Real Real.instOne))
        (@HDiv.hDiv.{0, 0, 0} Real Real Real (@instHDiv.{0} Real (@DivInvMonoid.toDiv.{0} Real Real.instDivInvMonoid))
          (@Nat.cast.{0} Real Real.instNatCast
            ((x ell).descFactorial
              (@HAdd.hAdd.{0, 0, 0} Nat Nat Nat (@instHAdd.{0} Nat instAddNat) (q ell)
                (@HAdd.hAdd.{0, 0, 0} Nat Nat Nat (@instHAdd.{0} Nat instAddNat) K
                  (@OfNat.ofNat.{0} Nat (nat_lit 1) (instOfNatNat (nat_lit 1)))))))
          (@HMul.hMul.{0, 0, 0} Real Real Real (@instHMul.{0} Real Real.instMul)
            (@Nat.cast.{0} Real Real.instNatCast (q ell).factorial)
            (@Nat.cast.{0} Real Real.instNatCast
              (@HAdd.hAdd.{0, 0, 0} Nat Nat Nat (@instHAdd.{0} Nat instAddNat) K
                  (@OfNat.ofNat.{0} Nat (nat_lit 1) (instOfNatNat (nat_lit 1)))).factorial))))
    (@OfNat.ofNat.{0} Real (nat_lit 1) (@One.toOfNat1.{0} Real Real.instOne))
def Luce.limitingSieveRemainder : {L : Nat} → (Fin L → Nat) → Nat → (Fin L → Real) → Real :=
fun {L} q K rates =>
  @HSub.hSub.{0, 0, 0} Real Real Real (@instHSub.{0} Real Real.instSub)
    (∏ ell,
      @HAdd.hAdd.{0, 0, 0} Real Real Real (@instHAdd.{0} Real Real.instAdd)
        (@OfNat.ofNat.{0} Real (nat_lit 1) (@One.toOfNat1.{0} Real Real.instOne))
        (@HDiv.hDiv.{0, 0, 0} Real Real Real (@instHDiv.{0} Real (@DivInvMonoid.toDiv.{0} Real Real.instDivInvMonoid))
          (@HPow.hPow.{0, 0, 0} Real Nat Real
            (@instHPow.{0, 0} Real Nat (@NPow.toPow.{0} Real (@Monoid.toNPow.{0} Real Real.instMonoid))) (rates ell)
            (@HAdd.hAdd.{0, 0, 0} Nat Nat Nat (@instHAdd.{0} Nat instAddNat) (q ell)
              (@HAdd.hAdd.{0, 0, 0} Nat Nat Nat (@instHAdd.{0} Nat instAddNat) K
                (@OfNat.ofNat.{0} Nat (nat_lit 1) (instOfNatNat (nat_lit 1))))))
          (@HMul.hMul.{0, 0, 0} Real Real Real (@instHMul.{0} Real Real.instMul)
            (@Nat.cast.{0} Real Real.instNatCast (q ell).factorial)
            (@Nat.cast.{0} Real Real.instNatCast
              (@HAdd.hAdd.{0, 0, 0} Nat Nat Nat (@instHAdd.{0} Nat instAddNat) K
                  (@OfNat.ofNat.{0} Nat (nat_lit 1) (instOfNatNat (nat_lit 1)))).factorial))))
    (@OfNat.ofNat.{0} Real (nat_lit 1) (@One.toOfNat1.{0} Real Real.instOne))
def Luce.bulkCycleTraceIntensity : (Real → Real) → Real → Nat → Real :=
fun f α k =>
  @HDiv.hDiv.{0, 0, 0} Real Real Real (@instHDiv.{0} Real (@DivInvMonoid.toDiv.{0} Real Real.instDivInvMonoid))
    (@MeasureTheory.integral.{0, 0}
      (Fin
          (@HAdd.hAdd.{0, 0, 0} Nat Nat Nat (@instHAdd.{0} Nat instAddNat) k
            (@OfNat.ofNat.{0} Nat (nat_lit 1) (instOfNatNat (nat_lit 1)))) →
        Real)
      Real Real.normedAddCommGroup
      (@InnerProductSpace.toNormedSpace.{0, 0} Real Real Real.instRCLike
        (@NormedAddCommGroup.toSeminormedAddCommGroup.{0} Real Real.normedAddCommGroup)
        (@RCLike.toInnerProductSpaceReal.{0} Real Real.instRCLike))
      (@MeasureTheory.MeasureSpace.toMeasurableSpace.{0}
        (Fin
            (@HAdd.hAdd.{0, 0, 0} Nat Nat Nat (@instHAdd.{0} Nat instAddNat) k
              (@OfNat.ofNat.{0} Nat (nat_lit 1) (instOfNatNat (nat_lit 1)))) →
          Real)
        (@MeasureTheory.MeasureSpace.pi.{0, 0}
          (Fin
            (@HAdd.hAdd.{0, 0, 0} Nat Nat Nat (@instHAdd.{0} Nat instAddNat) k
              (@OfNat.ofNat.{0} Nat (nat_lit 1) (instOfNatNat (nat_lit 1)))))
          (Fin.fintype
            (@HAdd.hAdd.{0, 0, 0} Nat Nat Nat (@instHAdd.{0} Nat instAddNat) k
              (@OfNat.ofNat.{0} Nat (nat_lit 1) (instOfNatNat (nat_lit 1)))))
          (fun a => Real) fun i => Real.measureSpace))
      (@MeasureTheory.Measure.restrict.{0}
        (Fin
            (@HAdd.hAdd.{0, 0, 0} Nat Nat Nat (@instHAdd.{0} Nat instAddNat) k
              (@OfNat.ofNat.{0} Nat (nat_lit 1) (instOfNatNat (nat_lit 1)))) →
          Real)
        (@MeasureTheory.MeasureSpace.toMeasurableSpace.{0}
          (Fin
              (@HAdd.hAdd.{0, 0, 0} Nat Nat Nat (@instHAdd.{0} Nat instAddNat) k
                (@OfNat.ofNat.{0} Nat (nat_lit 1) (instOfNatNat (nat_lit 1)))) →
            Real)
          (@MeasureTheory.MeasureSpace.pi.{0, 0}
            (Fin
              (@HAdd.hAdd.{0, 0, 0} Nat Nat Nat (@instHAdd.{0} Nat instAddNat) k
                (@OfNat.ofNat.{0} Nat (nat_lit 1) (instOfNatNat (nat_lit 1)))))
            (Fin.fintype
              (@HAdd.hAdd.{0, 0, 0} Nat Nat Nat (@instHAdd.{0} Nat instAddNat) k
                (@OfNat.ofNat.{0} Nat (nat_lit 1) (instOfNatNat (nat_lit 1)))))
            (fun a => Real) fun i => Real.measureSpace))
        (@MeasureTheory.MeasureSpace.volume.{0}
          (Fin
              (@HAdd.hAdd.{0, 0, 0} Nat Nat Nat (@instHAdd.{0} Nat instAddNat) k
                (@OfNat.ofNat.{0} Nat (nat_lit 1) (instOfNatNat (nat_lit 1)))) →
            Real)
          (@MeasureTheory.MeasureSpace.pi.{0, 0}
            (Fin
              (@HAdd.hAdd.{0, 0, 0} Nat Nat Nat (@instHAdd.{0} Nat instAddNat) k
                (@OfNat.ofNat.{0} Nat (nat_lit 1) (instOfNatNat (nat_lit 1)))))
            (Fin.fintype
              (@HAdd.hAdd.{0, 0, 0} Nat Nat Nat (@instHAdd.{0} Nat instAddNat) k
                (@OfNat.ofNat.{0} Nat (nat_lit 1) (instOfNatNat (nat_lit 1)))))
            (fun a => Real) fun i => Real.measureSpace))
        (Luce.cyclicBulkCube
          (@HAdd.hAdd.{0, 0, 0} Nat Nat Nat (@instHAdd.{0} Nat instAddNat) k
            (@OfNat.ofNat.{0} Nat (nat_lit 1) (instOfNatNat (nat_lit 1))))
          α))
      fun x => Luce.cycleTraceIntegrand f k x)
    (@HAdd.hAdd.{0, 0, 0} Real Real Real (@instHAdd.{0} Real Real.instAdd) (@Nat.cast.{0} Real Real.instNatCast k)
      (@OfNat.ofNat.{0} Real (nat_lit 1) (@One.toOfNat1.{0} Real Real.instOne)))
def Luce.bulkCycleVectorPoissonLaw : (Real → Real) →
  Real →
    (L : Nat) →
      @MeasureTheory.Measure.{0} (Fin L → Nat)
        (@MeasurableSpace.pi.{0, 0} (Fin L) (fun a => Nat) fun a => Nat.instMeasurableSpace) :=
fun f α L =>
  @MeasureTheory.Measure.pi.{0, 0} (Fin L) (fun a => Nat) (Fin.fintype L) (fun a => Nat.instMeasurableSpace) fun ell =>
    ProbabilityTheory.poissonMeasure (Luce.bulkCycleTraceIntensity f α (@Fin.val L ell)).toNNReal
theorem Luce.bulk_sieve_remainder_limit : ∀ (w : Luce.WeightArray) (f : Real → Real),
  Luce.NormalizedWeights w →
    Luce.ProfileLimit w f →
      ∀ (L K : Nat) (q : Fin L → Nat) (α : Real),
        @LT.lt.{0} Real Real.instLT α (@OfNat.ofNat.{0} Real (nat_lit 1) (@One.toOfNat1.{0} Real Real.instOne)) →
          @Filter.Tendsto.{0, 0} Nat Real
            (fun n =>
              @MeasureTheory.integral.{0, 0} (Fin n → Real) Real Real.normedAddCommGroup
                (@InnerProductSpace.toNormedSpace.{0, 0} Real Real Real.instRCLike
                  (@NormedAddCommGroup.toSeminormedAddCommGroup.{0} Real Real.normedAddCommGroup)
                  (@RCLike.toInnerProductSpaceReal.{0} Real Real.instRCLike))
                (@MeasurableSpace.pi.{0, 0} (Fin n) (fun a => Real) fun a => Real.measurableSpace)
                (@Luce.exponentialRace n (w n)) fun z =>
                @Luce.countSieveRemainder L q K fun ell =>
                  @Luce.Section5.bulkCycleCount n (@Luce.raceRankPermutation n z) α (@Fin.val L ell))
            (@Filter.atTop.{0} Nat Nat.instPreorder)
            (@nhds.{0} Real
              (@UniformSpace.toTopologicalSpace.{0} Real
                (@PseudoMetricSpace.toUniformSpace.{0} Real Real.pseudoMetricSpace))
              (@Luce.limitingSieveRemainder L q K fun ell => Luce.bulkCycleTraceIntensity f α (@Fin.val L ell))) :=
⋯
theorem Luce.bulk_sieve_error_integral_le : ∀ {n : Nat} (w : Luce.Weights n) (L K : Nat) (q : Fin L → Nat) (α : Real),
  @LE.le.{0} Real Real.instLE
    (@abs.{0} Real Real.lattice Real.instAddGroup
      (@HSub.hSub.{0, 0, 0} Real Real Real (@instHSub.{0} Real Real.instSub)
        (@MeasureTheory.integral.{0, 0} (Fin n → Real) Real Real.normedAddCommGroup
          (@InnerProductSpace.toNormedSpace.{0, 0} Real Real Real.instRCLike
            (@NormedAddCommGroup.toSeminormedAddCommGroup.{0} Real Real.normedAddCommGroup)
            (@RCLike.toInnerProductSpaceReal.{0} Real Real.instRCLike))
          (@MeasurableSpace.pi.{0, 0} (Fin n) (fun a => Real) fun a => Real.measurableSpace) (@Luce.exponentialRace n w)
          fun z =>
          @Luce.countVectorSieve L q K fun ell =>
            @Luce.Section5.bulkCycleCount n (@Luce.raceRankPermutation n z) α (@Fin.val L ell))
        (@MeasureTheory.integral.{0, 0} (Fin n → Real) Real Real.normedAddCommGroup
          (@InnerProductSpace.toNormedSpace.{0, 0} Real Real Real.instRCLike
            (@NormedAddCommGroup.toSeminormedAddCommGroup.{0} Real Real.normedAddCommGroup)
            (@RCLike.toInnerProductSpaceReal.{0} Real Real.instRCLike))
          (@MeasurableSpace.pi.{0, 0} (Fin n) (fun a => Real) fun a => Real.measurableSpace) (@Luce.exponentialRace n w)
          fun z =>
          @ite.{1} Real
            (@Eq.{1} (Fin L → Nat)
              (fun ell => @Luce.Section5.bulkCycleCount n (@Luce.raceRankPermutation n z) α (@Fin.val L ell)) q)
            (@Fintype.decidablePiFintype.{0, 0} (Fin L) (fun a => Nat) (fun a => instDecidableEqNat) (Fin.fintype L)
              (fun ell => @Luce.Section5.bulkCycleCount n (@Luce.raceRankPermutation n z) α (@Fin.val L ell)) q)
            (@OfNat.ofNat.{0} Real (nat_lit 1) (@One.toOfNat1.{0} Real Real.instOne))
            (@OfNat.ofNat.{0} Real (nat_lit 0) (@Zero.toOfNat0.{0} Real Real.instZero)))))
    (@MeasureTheory.integral.{0, 0} (Fin n → Real) Real Real.normedAddCommGroup
      (@InnerProductSpace.toNormedSpace.{0, 0} Real Real Real.instRCLike
        (@NormedAddCommGroup.toSeminormedAddCommGroup.{0} Real Real.normedAddCommGroup)
        (@RCLike.toInnerProductSpaceReal.{0} Real Real.instRCLike))
      (@MeasurableSpace.pi.{0, 0} (Fin n) (fun a => Real) fun a => Real.measurableSpace) (@Luce.exponentialRace n w)
      fun z =>
      @Luce.countSieveRemainder L q K fun ell =>
        @Luce.Section5.bulkCycleCount n (@Luce.raceRankPermutation n z) α (@Fin.val L ell)) :=
⋯
theorem Luce.limitingSieveRemainder_tendsto_zero : ∀ {L : Nat} (q : Fin L → Nat) (rates : Fin L → Real),
  @Filter.Tendsto.{0, 0} Nat Real (fun K => @Luce.limitingSieveRemainder L q K rates)
    (@Filter.atTop.{0} Nat Nat.instPreorder)
    (@nhds.{0} Real
      (@UniformSpace.toTopologicalSpace.{0} Real (@PseudoMetricSpace.toUniformSpace.{0} Real Real.pseudoMetricSpace))
      (@OfNat.ofNat.{0} Real (nat_lit 0) (@Zero.toOfNat0.{0} Real Real.instZero))) :=
⋯
theorem Luce.bulk_cycle_point_indicator_limit : ∀ (w : Luce.WeightArray) (f : Real → Real),
  Luce.NormalizedWeights w →
    Luce.ProfileLimit w f →
      ∀ (L : Nat) (q : Fin L → Nat) (α : Real),
        @LT.lt.{0} Real Real.instLT α (@OfNat.ofNat.{0} Real (nat_lit 1) (@One.toOfNat1.{0} Real Real.instOne)) →
          @Filter.Tendsto.{0, 0} Nat Real
            (fun n =>
              @MeasureTheory.integral.{0, 0} (Fin n → Real) Real Real.normedAddCommGroup
                (@InnerProductSpace.toNormedSpace.{0, 0} Real Real Real.instRCLike
                  (@NormedAddCommGroup.toSeminormedAddCommGroup.{0} Real Real.normedAddCommGroup)
                  (@RCLike.toInnerProductSpaceReal.{0} Real Real.instRCLike))
                (@MeasurableSpace.pi.{0, 0} (Fin n) (fun a => Real) fun a => Real.measurableSpace)
                (@Luce.exponentialRace n (w n)) fun z =>
                @ite.{1} Real
                  (@Eq.{1} (Fin L → Nat)
                    (fun ell => @Luce.Section5.bulkCycleCount n (@Luce.raceRankPermutation n z) α (@Fin.val L ell)) q)
                  (@Fintype.decidablePiFintype.{0, 0} (Fin L) (fun a => Nat) (fun a => instDecidableEqNat)
                    (Fin.fintype L)
                    (fun ell => @Luce.Section5.bulkCycleCount n (@Luce.raceRankPermutation n z) α (@Fin.val L ell)) q)
                  (@OfNat.ofNat.{0} Real (nat_lit 1) (@One.toOfNat1.{0} Real Real.instOne))
                  (@OfNat.ofNat.{0} Real (nat_lit 0) (@Zero.toOfNat0.{0} Real Real.instZero)))
            (@Filter.atTop.{0} Nat Nat.instPreorder)
            (@nhds.{0} Real
              (@UniformSpace.toTopologicalSpace.{0} Real
                (@PseudoMetricSpace.toUniformSpace.{0} Real Real.pseudoMetricSpace))
              (∏ ell,
                @HDiv.hDiv.{0, 0, 0} Real Real Real
                  (@instHDiv.{0} Real (@DivInvMonoid.toDiv.{0} Real Real.instDivInvMonoid))
                  (@HMul.hMul.{0, 0, 0} Real Real Real (@instHMul.{0} Real Real.instMul)
                    (Real.exp (@Neg.neg.{0} Real Real.instNeg (Luce.bulkCycleTraceIntensity f α (@Fin.val L ell))))
                    (@HPow.hPow.{0, 0, 0} Real Nat Real
                      (@instHPow.{0, 0} Real Nat (@NPow.toPow.{0} Real (@Monoid.toNPow.{0} Real Real.instMonoid)))
                      (Luce.bulkCycleTraceIntensity f α (@Fin.val L ell)) (q ell)))
                  (@Nat.cast.{0} Real Real.instNatCast (q ell).factorial))) :=
⋯
theorem Luce.bulk_cycle_point_probability_limit : ∀ (w : Luce.WeightArray) (f : Real → Real),
  Luce.NormalizedWeights w →
    Luce.ProfileLimit w f →
      ∀ (L : Nat) (q : Fin L → Nat) (α : Real),
        @LT.lt.{0} Real Real.instLT α (@OfNat.ofNat.{0} Real (nat_lit 1) (@One.toOfNat1.{0} Real Real.instOne)) →
          @Filter.Tendsto.{0, 0} Nat Real
            (fun n =>
              @MeasureTheory.Measure.real.{0} (Fin n → Real)
                (@MeasurableSpace.pi.{0, 0} (Fin n) (fun a => Real) fun a => Real.measurableSpace)
                (@Luce.exponentialRace n (w n))
                (@Set.ofPred.{0} (Fin n → Real) fun z =>
                  @Eq.{1} (Fin L → Nat)
                    (fun ell => @Luce.Section5.bulkCycleCount n (@Luce.raceRankPermutation n z) α (@Fin.val L ell)) q))
            (@Filter.atTop.{0} Nat Nat.instPreorder)
            (@nhds.{0} Real
              (@UniformSpace.toTopologicalSpace.{0} Real
                (@PseudoMetricSpace.toUniformSpace.{0} Real Real.pseudoMetricSpace))
              (@MeasureTheory.Measure.real.{0} (Fin L → Nat)
                (@MeasurableSpace.pi.{0, 0} (Fin L) (fun a => Nat) fun a => Nat.instMeasurableSpace)
                (Luce.bulkCycleVectorPoissonLaw f α L)
                (@Singleton.singleton.{0, 0} (Fin L → Nat) (Set.{0} (Fin L → Nat))
                  (@Set.instSingletonSet.{0} (Fin L → Nat)) q))) :=
⋯
def ShellMigrationContract.section5.{u} : Prop :=
∀ (Ω : Nat → Type u) (mΩ : (n : Nat) → MeasurableSpace.{u} (Ω n))
  (P : (n : Nat) → @MeasureTheory.Measure.{u} (Ω n) (mΩ n)),
  (∀ (n : Nat), @MeasureTheory.IsProbabilityMeasure.{u} (Ω n) (mΩ n) (P n)) →
    ∀ (w : Luce.WeightArray) (f : Real → Real),
      Luce.NormalizedWeights w →
        Luce.ProfileLimit w f →
          @Filter.Tendsto.{0, 0} Nat ENNReal
              (fun J =>
                @Filter.limsup.{0, 0} ENNReal Nat
                  (@ConditionallyCompleteLinearOrder.toConditionallyCompleteLattice.{0} ENNReal
                    (@ConditionallyCompleteLinearOrderBot.toConditionallyCompleteLinearOrder.{0} ENNReal
                      (@CompleteLinearOrder.toConditionallyCompleteLinearOrderBot.{0} ENNReal
                        ENNReal.instCompleteLinearOrder)))
                  (fun n =>
                    @tsum.{0, 0} ENNReal Nat ENNReal.instAddCommMonoid ENNReal.instTopologicalSpace
                      (fun j =>
                        @ite.{1} ENNReal (@LE.le.{0} Nat instLENat J j) (J.decLe j) (Luce.shellCost w n j)
                          (@OfNat.ofNat.{0} ENNReal (nat_lit 0) (@Zero.toOfNat0.{0} ENNReal ENNReal.instZero)))
                      (SummationFilter.unconditional.{0} Nat))
                  (@Filter.atTop.{0} Nat Nat.instPreorder))
              (@Filter.atTop.{0} Nat Nat.instPreorder)
              (@nhds.{0} ENNReal ENNReal.instTopologicalSpace
                (@OfNat.ofNat.{0} ENNReal (nat_lit 0) (@Zero.toOfNat0.{0} ENNReal ENNReal.instZero))) →
            ∀ (π : (n : Nat) → Ω n → Equiv.Perm.{1} (Fin n)),
              (∀ (n : Nat),
                  @Measurable.{u, 0} (Ω n) (Equiv.Perm.{1} (Fin n)) (mΩ n)
                    (@Top.top.{0} (MeasurableSpace.{0} (Equiv.Perm.{1} (Fin n)))
                      (@OrderTop.toTop.{0} (MeasurableSpace.{0} (Equiv.Perm.{1} (Fin n)))
                        (@Preorder.toLE.{0} (MeasurableSpace.{0} (Equiv.Perm.{1} (Fin n)))
                          (@PartialOrder.toPreorder.{0} (MeasurableSpace.{0} (Equiv.Perm.{1} (Fin n)))
                            (@SemilatticeSup.toPartialOrder.{0} (MeasurableSpace.{0} (Equiv.Perm.{1} (Fin n)))
                              (@Lattice.toSemilatticeSup.{0} (MeasurableSpace.{0} (Equiv.Perm.{1} (Fin n)))
                                (@CompleteLattice.toLattice.{0} (MeasurableSpace.{0} (Equiv.Perm.{1} (Fin n)))
                                  (@MeasurableSpace.instCompleteLattice.{0} (Equiv.Perm.{1} (Fin n))))))))
                        (@BoundedOrder.toOrderTop.{0} (MeasurableSpace.{0} (Equiv.Perm.{1} (Fin n)))
                          (@Preorder.toLE.{0} (MeasurableSpace.{0} (Equiv.Perm.{1} (Fin n)))
                            (@PartialOrder.toPreorder.{0} (MeasurableSpace.{0} (Equiv.Perm.{1} (Fin n)))
                              (@SemilatticeSup.toPartialOrder.{0} (MeasurableSpace.{0} (Equiv.Perm.{1} (Fin n)))
                                (@Lattice.toSemilatticeSup.{0} (MeasurableSpace.{0} (Equiv.Perm.{1} (Fin n)))
                                  (@CompleteLattice.toLattice.{0} (MeasurableSpace.{0} (Equiv.Perm.{1} (Fin n)))
                                    (@MeasurableSpace.instCompleteLattice.{0} (Equiv.Perm.{1} (Fin n))))))))
                          (@CompleteLattice.toBoundedOrder.{0} (MeasurableSpace.{0} (Equiv.Perm.{1} (Fin n)))
                            (@MeasurableSpace.instCompleteLattice.{0} (Equiv.Perm.{1} (Fin n)))))))
                    (π n)) →
                (∀ (n : Nat) (σ : Equiv.Perm.{1} (Fin n)),
                    @Eq.{1} Real
                      (@MeasureTheory.Measure.real.{u} (Ω n) (mΩ n) (P n)
                        (@Set.ofPred.{u} (Ω n) fun ω => @Eq.{1} (Equiv.Perm.{1} (Fin n)) (π n ω) σ))
                      (@Luce.Weights.mass n (w n) σ)) →
                  And
                    (∀ (k : Nat),
                      And
                        (@MeasureTheory.Integrable.{0, 0} Real
                          (@UniformSpace.toTopologicalSpace.{0} Real
                            (@PseudoMetricSpace.toUniformSpace.{0} Real Real.pseudoMetricSpace))
                          (@SeminormedAddGroup.toContinuousENorm.{0} Real
                            (@SeminormedAddCommGroup.toSeminormedAddGroup.{0} Real
                              (@NonUnitalSeminormedRing.toSeminormedAddCommGroup.{0} Real
                                (@NonUnitalSeminormedCommRing.toNonUnitalSeminormedRing.{0} Real
                                  (@SeminormedCommRing.toNonUnitalSeminormedCommRing.{0} Real
                                    (@NormedCommRing.toSeminormedCommRing.{0} Real Real.normedCommRing))))))
                          (Fin
                              (@HAdd.hAdd.{0, 0, 0} Nat Nat Nat (@instHAdd.{0} Nat instAddNat) k
                                (@OfNat.ofNat.{0} Nat (nat_lit 1) (instOfNatNat (nat_lit 1)))) →
                            Real)
                          (@MeasurableSpace.pi.{0, 0}
                            (Fin
                              (@HAdd.hAdd.{0, 0, 0} Nat Nat Nat (@instHAdd.{0} Nat instAddNat) k
                                (@OfNat.ofNat.{0} Nat (nat_lit 1) (instOfNatNat (nat_lit 1)))))
                            (fun a => Real) fun a => Real.measurableSpace)
                          (Luce.cycleTraceIntegrand f k)
                          (Luce.cyclicProfileMeasure
                            (@HAdd.hAdd.{0, 0, 0} Nat Nat Nat (@instHAdd.{0} Nat instAddNat) k
                              (@OfNat.ofNat.{0} Nat (nat_lit 1) (instOfNatNat (nat_lit 1))))))
                        (@LE.le.{0} Real Real.instLE
                          (@OfNat.ofNat.{0} Real (nat_lit 0) (@Zero.toOfNat0.{0} Real Real.instZero))
                          (Luce.cycleTraceIntensity f k)))
                    (∀ (L : Nat),
                      And
                        (∀
                          (F :
                            @BoundedContinuousFunction.{0, 0} (Fin L → Nat) Real
                              (@Pi.topologicalSpace.{0, 0} (Fin L) (fun a => Nat) fun i => instTopologicalSpaceNat)
                              Real.pseudoMetricSpace),
                          @Filter.Tendsto.{0, 0} Nat Real
                            (fun n =>
                              @MeasureTheory.integral.{u, 0} (Ω n) Real Real.normedAddCommGroup
                                (@InnerProductSpace.toNormedSpace.{0, 0} Real Real Real.instRCLike
                                  (@NormedAddCommGroup.toSeminormedAddCommGroup.{0} Real Real.normedAddCommGroup)
                                  (@RCLike.toInnerProductSpaceReal.{0} Real Real.instRCLike))
                                (mΩ n) (P n) fun ω =>
                                @DFunLike.coe.{1, 1, 1}
                                  (@BoundedContinuousFunction.{0, 0} (Fin L → Nat) Real
                                    (@Pi.topologicalSpace.{0, 0} (Fin L) (fun a => Nat) fun i =>
                                      instTopologicalSpaceNat)
                                    Real.pseudoMetricSpace)
                                  (Fin L → Nat) (fun x => Real)
                                  (@BoundedContinuousFunction.instFunLike.{0, 0} (Fin L → Nat) Real
                                    (@Pi.topologicalSpace.{0, 0} (Fin L) (fun a => Nat) fun i =>
                                      instTopologicalSpaceNat)
                                    Real.pseudoMetricSpace)
                                  F (@Luce.cycleCountVector n L (π n ω)))
                            (@Filter.atTop.{0} Nat Nat.instPreorder)
                            (@nhds.{0} Real
                              (@UniformSpace.toTopologicalSpace.{0} Real
                                (@PseudoMetricSpace.toUniformSpace.{0} Real Real.pseudoMetricSpace))
                              (@MeasureTheory.integral.{0, 0} (Fin L → Nat) Real Real.normedAddCommGroup
                                (@InnerProductSpace.toNormedSpace.{0, 0} Real Real Real.instRCLike
                                  (@NormedAddCommGroup.toSeminormedAddCommGroup.{0} Real Real.normedAddCommGroup)
                                  (@RCLike.toInnerProductSpaceReal.{0} Real Real.instRCLike))
                                (@MeasurableSpace.pi.{0, 0} (Fin L) (fun a => Nat) fun a => Nat.instMeasurableSpace)
                                (Luce.cycleVectorPoissonLaw f L) fun z =>
                                @DFunLike.coe.{1, 1, 1}
                                  (@BoundedContinuousFunction.{0, 0} (Fin L → Nat) Real
                                    (@Pi.topologicalSpace.{0, 0} (Fin L) (fun a => Nat) fun i =>
                                      instTopologicalSpaceNat)
                                    Real.pseudoMetricSpace)
                                  (Fin L → Nat) (fun x => Real)
                                  (@BoundedContinuousFunction.instFunLike.{0, 0} (Fin L → Nat) Real
                                    (@Pi.topologicalSpace.{0, 0} (Fin L) (fun a => Nat) fun i =>
                                      instTopologicalSpaceNat)
                                    Real.pseudoMetricSpace)
                                  F z)))
                        (@Filter.Tendsto.{0, 0} Nat Real
                          (fun n =>
                            @Luce.cycleVectorTotalVariation L
                              (@MeasureTheory.Measure.map.{u, 0} (Ω n) (Fin L → Nat) (mΩ n)
                                (@MeasurableSpace.pi.{0, 0} (Fin L) (fun a => Nat) fun a => Nat.instMeasurableSpace)
                                (fun ω => @Luce.cycleCountVector n L (π n ω)) (P n))
                              (Luce.cycleVectorPoissonLaw f L))
                          (@Filter.atTop.{0} Nat Nat.instPreorder)
                          (@nhds.{0} Real
                            (@UniformSpace.toTopologicalSpace.{0} Real
                              (@PseudoMetricSpace.toUniformSpace.{0} Real Real.pseudoMetricSpace))
                            (@OfNat.ofNat.{0} Real (nat_lit 0) (@Zero.toOfNat0.{0} Real Real.instZero)))))
'Luce.bulk_sieve_remainder_limit' depends on axioms: [propext, Classical.choice.{u}, Quot.sound.{u}]
'Luce.bulk_sieve_error_integral_le' depends on axioms: [propext, Classical.choice.{u}, Quot.sound.{u}]
'Luce.factorial_remainder_tendsto_zero' depends on axioms: [propext, Classical.choice.{u}, Quot.sound.{u}]
'Luce.limitingSieveRemainder_tendsto_zero' depends on axioms: [propext, Classical.choice.{u}, Quot.sound.{u}]
'Luce.count_sieve_series_limit' depends on axioms: [propext, Classical.choice.{u}, Quot.sound.{u}]
'Luce.count_vector_sieve_series_limit' depends on axioms: [propext, Classical.choice.{u}, Quot.sound.{u}]
'Luce.tendsto_of_finite_approximation' depends on axioms: [propext, Classical.choice.{u}, Quot.sound.{u}]
'Luce.bulk_cycle_point_indicator_limit' depends on axioms: [propext, Classical.choice.{u}, Quot.sound.{u}]
'Luce.measurable_race_permutation_statistic' depends on axioms: [propext, Classical.choice.{u}, Quot.sound.{u}]
'Luce.bulk_cycle_point_indicator_integral' depends on axioms: [propext, Classical.choice.{u}, Quot.sound.{u}]
'Luce.bulkCycleVectorPoissonLaw_real_singleton' depends on axioms: [propext, Classical.choice.{u}, Quot.sound.{u}]
'Luce.bulk_cycle_point_probability_limit' depends on axioms: [propext, Classical.choice.{u}, Quot.sound.{u}]
