structure Luce.Weights (n : Nat) : Type
number of parameters: 1
fields:
  Luce.Weights.rate : Fin n → Real
  Luce.Weights.positive : ∀ (i : Fin n),
      @LT.lt.{0} Real Real.instLT (@OfNat.ofNat.{0} Real (nat_lit 0) (@Zero.toOfNat0.{0} Real Real.instZero))
        (@Luce.Weights.rate n self i)
constructor:
  Luce.Weights.mk {n : Nat} (rate : Fin n → Real)
    (positive :
      ∀ (i : Fin n),
        @LT.lt.{0} Real Real.instLT (@OfNat.ofNat.{0} Real (nat_lit 0) (@Zero.toOfNat0.{0} Real Real.instZero))
          (rate i)) :
    Luce.Weights n
def Luce.NormalizedWeights : Luce.WeightArray → Prop :=
fun w =>
  ∀ (n : Nat),
    @LT.lt.{0} Nat instLTNat (@OfNat.ofNat.{0} Nat (nat_lit 0) (instOfNatNat (nat_lit 0))) n →
      @Eq.{1} Real
        (@HMul.hMul.{0, 0, 0} Real Real Real (@instHMul.{0} Real Real.instMul)
          (@HDiv.hDiv.{0, 0, 0} Real Real Real (@instHDiv.{0} Real (@DivInvMonoid.toDiv.{0} Real Real.instDivInvMonoid))
            (@OfNat.ofNat.{0} Real (nat_lit 1) (@One.toOfNat1.{0} Real Real.instOne))
            (@Nat.cast.{0} Real Real.instNatCast n))
          (∑ i, @Luce.Weights.rate n (w n) i))
        (@OfNat.ofNat.{0} Real (nat_lit 1) (@One.toOfNat1.{0} Real Real.instOne))
def Luce.ProfileLimit : Luce.WeightArray → (Real → Real) → Prop :=
fun w f =>
  And (@MeasureTheory.NullMeasurable.{0, 0} Real Real Real.measurableSpace Real.measurableSpace f Luce.profileMeasure)
    (And
      (∀ (x : Real),
        @Membership.mem.{0, 0} Real (Set.{0} Real) (@Set.instMembership.{0} Real)
            (@Set.Ioo.{0} Real Real.instPreorder
              (@OfNat.ofNat.{0} Real (nat_lit 0) (@Zero.toOfNat0.{0} Real Real.instZero))
              (@OfNat.ofNat.{0} Real (nat_lit 1) (@One.toOfNat1.{0} Real Real.instOne)))
            x →
          @LT.lt.{0} Real Real.instLT (@OfNat.ofNat.{0} Real (nat_lit 0) (@Zero.toOfNat0.{0} Real Real.instZero)) (f x))
      (Luce.ProfileL1Convergence w f))
def Luce.ProfileL1Convergence : Luce.WeightArray → (Real → Real) → Prop :=
fun w f =>
  @Filter.Tendsto.{0, 0} Nat ENNReal
    (fun n =>
      @MeasureTheory.eLpNorm.{0, 0} Real Real
        (@ContinuousENorm.toENorm.{0} Real
          (@UniformSpace.toTopologicalSpace.{0} Real
            (@PseudoMetricSpace.toUniformSpace.{0} Real
              (@SeminormedAddGroup.toPseudoMetricSpace.{0} Real
                (@SeminormedAddCommGroup.toSeminormedAddGroup.{0} Real
                  (@NonUnitalSeminormedRing.toSeminormedAddCommGroup.{0} Real
                    (@NonUnitalSeminormedCommRing.toNonUnitalSeminormedRing.{0} Real
                      (@SeminormedCommRing.toNonUnitalSeminormedCommRing.{0} Real
                        (@NormedCommRing.toSeminormedCommRing.{0} Real Real.normedCommRing))))))))
          (@SeminormedAddGroup.toContinuousENorm.{0} Real
            (@SeminormedAddCommGroup.toSeminormedAddGroup.{0} Real
              (@NonUnitalSeminormedRing.toSeminormedAddCommGroup.{0} Real
                (@NonUnitalSeminormedCommRing.toNonUnitalSeminormedRing.{0} Real
                  (@SeminormedCommRing.toNonUnitalSeminormedCommRing.{0} Real
                    (@NormedCommRing.toSeminormedCommRing.{0} Real Real.normedCommRing)))))))
        Real.measurableSpace
        (fun x => @HSub.hSub.{0, 0, 0} Real Real Real (@instHSub.{0} Real Real.instSub) (Luce.stepProfile w n x) (f x))
        (@OfNat.ofNat.{0} ENNReal (nat_lit 1) (@One.toOfNat1.{0} ENNReal ENNReal.instOne)) Luce.profileMeasure)
    (@Filter.atTop.{0} Nat Nat.instPreorder)
    (@nhds.{0} ENNReal ENNReal.instTopologicalSpace
      (@OfNat.ofNat.{0} ENNReal (nat_lit 0) (@Zero.toOfNat0.{0} ENNReal ENNReal.instZero)))
def Luce.bulkCycleTraceIntensity : (Real → Real) → Real → Nat → Real :=
fun f α k =>
  @HDiv.hDiv.{0, 0, 0} Real Real Real (@instHDiv.{0} Real (@DivInvMonoid.toDiv.{0} Real Real.instDivInvMonoid))
    (@MeasureTheory.integral.{0, 0}
      (Fin
          (@HAdd.hAdd.{0, 0, 0} Nat Nat Nat (@instHAdd.{0} Nat instAddNat) k
            (@OfNat.ofNat.{0} Nat (nat_lit 1) (instOfNatNat (nat_lit 1)))) →
        Real)
      Real Real.normedAddCommGroup
      (@InnerProductSpace.toNormedSpace.{0, 0} Real Real Real.instRCLike
        (@NormedAddCommGroup.toSeminormedAddCommGroup.{0} Real Real.normedAddCommGroup)
        (@RCLike.toInnerProductSpaceReal.{0} Real Real.instRCLike))
      (@MeasureTheory.MeasureSpace.toMeasurableSpace.{0}
        (Fin
            (@HAdd.hAdd.{0, 0, 0} Nat Nat Nat (@instHAdd.{0} Nat instAddNat) k
              (@OfNat.ofNat.{0} Nat (nat_lit 1) (instOfNatNat (nat_lit 1)))) →
          Real)
        (@MeasureTheory.MeasureSpace.pi.{0, 0}
          (Fin
            (@HAdd.hAdd.{0, 0, 0} Nat Nat Nat (@instHAdd.{0} Nat instAddNat) k
              (@OfNat.ofNat.{0} Nat (nat_lit 1) (instOfNatNat (nat_lit 1)))))
          (Fin.fintype
            (@HAdd.hAdd.{0, 0, 0} Nat Nat Nat (@instHAdd.{0} Nat instAddNat) k
              (@OfNat.ofNat.{0} Nat (nat_lit 1) (instOfNatNat (nat_lit 1)))))
          (fun a => Real) fun i => Real.measureSpace))
      (@MeasureTheory.Measure.restrict.{0}
        (Fin
            (@HAdd.hAdd.{0, 0, 0} Nat Nat Nat (@instHAdd.{0} Nat instAddNat) k
              (@OfNat.ofNat.{0} Nat (nat_lit 1) (instOfNatNat (nat_lit 1)))) →
          Real)
        (@MeasureTheory.MeasureSpace.toMeasurableSpace.{0}
          (Fin
              (@HAdd.hAdd.{0, 0, 0} Nat Nat Nat (@instHAdd.{0} Nat instAddNat) k
                (@OfNat.ofNat.{0} Nat (nat_lit 1) (instOfNatNat (nat_lit 1)))) →
            Real)
          (@MeasureTheory.MeasureSpace.pi.{0, 0}
            (Fin
              (@HAdd.hAdd.{0, 0, 0} Nat Nat Nat (@instHAdd.{0} Nat instAddNat) k
                (@OfNat.ofNat.{0} Nat (nat_lit 1) (instOfNatNat (nat_lit 1)))))
            (Fin.fintype
              (@HAdd.hAdd.{0, 0, 0} Nat Nat Nat (@instHAdd.{0} Nat instAddNat) k
                (@OfNat.ofNat.{0} Nat (nat_lit 1) (instOfNatNat (nat_lit 1)))))
            (fun a => Real) fun i => Real.measureSpace))
        (@MeasureTheory.MeasureSpace.volume.{0}
          (Fin
              (@HAdd.hAdd.{0, 0, 0} Nat Nat Nat (@instHAdd.{0} Nat instAddNat) k
                (@OfNat.ofNat.{0} Nat (nat_lit 1) (instOfNatNat (nat_lit 1)))) →
            Real)
          (@MeasureTheory.MeasureSpace.pi.{0, 0}
            (Fin
              (@HAdd.hAdd.{0, 0, 0} Nat Nat Nat (@instHAdd.{0} Nat instAddNat) k
                (@OfNat.ofNat.{0} Nat (nat_lit 1) (instOfNatNat (nat_lit 1)))))
            (Fin.fintype
              (@HAdd.hAdd.{0, 0, 0} Nat Nat Nat (@instHAdd.{0} Nat instAddNat) k
                (@OfNat.ofNat.{0} Nat (nat_lit 1) (instOfNatNat (nat_lit 1)))))
            (fun a => Real) fun i => Real.measureSpace))
        (Luce.cyclicBulkCube
          (@HAdd.hAdd.{0, 0, 0} Nat Nat Nat (@instHAdd.{0} Nat instAddNat) k
            (@OfNat.ofNat.{0} Nat (nat_lit 1) (instOfNatNat (nat_lit 1))))
          α))
      fun x => Luce.cycleTraceIntegrand f k x)
    (@HAdd.hAdd.{0, 0, 0} Real Real Real (@instHAdd.{0} Real Real.instAdd) (@Nat.cast.{0} Real Real.instNatCast k)
      (@OfNat.ofNat.{0} Real (nat_lit 1) (@One.toOfNat1.{0} Real Real.instOne)))
def Luce.cycleTraceIntegrand : (Real → Real) →
  (k : Nat) →
    (Fin
          (@HAdd.hAdd.{0, 0, 0} Nat Nat Nat (@instHAdd.{0} Nat instAddNat) k
            (@OfNat.ofNat.{0} Nat (nat_lit 1) (instOfNatNat (nat_lit 1)))) →
        Real) →
      Real :=
fun f k x =>
  ∏ a,
    Luce.cyclicProfileDensity f (x a)
      (x
        (@DFunLike.coe.{1, 1, 1}
          (Equiv.Perm.{1}
            (Fin
              (@HAdd.hAdd.{0, 0, 0} Nat Nat Nat (@instHAdd.{0} Nat instAddNat) k
                (@OfNat.ofNat.{0} Nat (nat_lit 1) (instOfNatNat (nat_lit 1))))))
          (Fin
            (@HAdd.hAdd.{0, 0, 0} Nat Nat Nat (@instHAdd.{0} Nat instAddNat) k
              (@OfNat.ofNat.{0} Nat (nat_lit 1) (instOfNatNat (nat_lit 1)))))
          (fun x =>
            Fin
              (@HAdd.hAdd.{0, 0, 0} Nat Nat Nat (@instHAdd.{0} Nat instAddNat) k
                (@OfNat.ofNat.{0} Nat (nat_lit 1) (instOfNatNat (nat_lit 1)))))
          (@EquivLike.toFunLike.{1, 1, 1}
            (Equiv.Perm.{1}
              (Fin
                (@HAdd.hAdd.{0, 0, 0} Nat Nat Nat (@instHAdd.{0} Nat instAddNat) k
                  (@OfNat.ofNat.{0} Nat (nat_lit 1) (instOfNatNat (nat_lit 1))))))
            (Fin
              (@HAdd.hAdd.{0, 0, 0} Nat Nat Nat (@instHAdd.{0} Nat instAddNat) k
                (@OfNat.ofNat.{0} Nat (nat_lit 1) (instOfNatNat (nat_lit 1)))))
            (Fin
              (@HAdd.hAdd.{0, 0, 0} Nat Nat Nat (@instHAdd.{0} Nat instAddNat) k
                (@OfNat.ofNat.{0} Nat (nat_lit 1) (instOfNatNat (nat_lit 1)))))
            (@Equiv.instEquivLike.{1, 1}
              (Fin
                (@HAdd.hAdd.{0, 0, 0} Nat Nat Nat (@instHAdd.{0} Nat instAddNat) k
                  (@OfNat.ofNat.{0} Nat (nat_lit 1) (instOfNatNat (nat_lit 1)))))
              (Fin
                (@HAdd.hAdd.{0, 0, 0} Nat Nat Nat (@instHAdd.{0} Nat instAddNat) k
                  (@OfNat.ofNat.{0} Nat (nat_lit 1) (instOfNatNat (nat_lit 1)))))))
          (finRotate
            (@HAdd.hAdd.{0, 0, 0} Nat Nat Nat (@instHAdd.{0} Nat instAddNat) k
              (@OfNat.ofNat.{0} Nat (nat_lit 1) (instOfNatNat (nat_lit 1)))))
          a))
def Luce.cyclicProfileDensity : (Real → Real) → Real → Real → Real :=
fun f x y =>
  @HDiv.hDiv.{0, 0, 0} Real Real Real (@instHDiv.{0} Real (@DivInvMonoid.toDiv.{0} Real Real.instDivInvMonoid))
    (Luce.rateKernel (@Luce.profileQuantile.{0} Real Real.measurableSpace Luce.profileMeasure f y) (f x))
    (@Luce.profileD.{0} Real Real.measurableSpace Luce.profileMeasure f
      (@Luce.profileQuantile.{0} Real Real.measurableSpace Luce.profileMeasure f y))
theorem Luce.measurePreserving_block_uncurry.{u_1, u_2} : ∀ {ι : Type u_1} [inst : Fintype.{u_1} ι] {κ : ι → Type u_2}
  [inst_1 : (i : ι) → Fintype.{u_2} (κ i)] (μ : (i : ι) → κ i → @MeasureTheory.Measure.{0} Real Real.measurableSpace)
  [∀ (i : ι) (j : κ i), @MeasureTheory.SigmaFinite.{0} Real Real.measurableSpace (μ i j)],
  @MeasureTheory.MeasurePreserving.{max u_1 u_2, max u_1 u_2} ((i : ι) → κ i → Real)
    ((@Sigma.{u_1, u_2} ι fun i => κ i) → Real)
    (@MeasurableSpace.pi.{u_1, u_2} ι (fun i => κ i → Real) fun i =>
      @MeasurableSpace.pi.{u_2, 0} (κ i) (fun j => Real) fun a => Real.measurableSpace)
    (@MeasurableSpace.pi.{max u_1 u_2, 0} (@Sigma.{u_1, u_2} ι fun i => κ i) (fun p => Real) fun i =>
      Real.measurableSpace)
    (@DFunLike.coe.{max (u_1 + 1) (u_2 + 1), max (u_1 + 1) (u_2 + 1), max (u_1 + 1) (u_2 + 1)}
      (@MeasurableEquiv.{max u_1 u_2, max u_1 u_2} ((i : ι) → κ i → Real) ((@Sigma.{u_1, u_2} ι fun i => κ i) → Real)
        (@MeasurableSpace.pi.{u_1, u_2} ι (fun i => κ i → Real) fun a =>
          @MeasurableSpace.pi.{u_2, 0} (κ a) (fun x => Real) fun j => Real.measurableSpace)
        (@MeasurableSpace.pi.{max u_1 u_2, 0} (@Sigma.{u_1, u_2} ι fun i => κ i) (fun p => Real) fun a =>
          Real.measurableSpace))
      ((i : ι) → κ i → Real) (fun x => (@Sigma.{u_1, u_2} ι fun i => κ i) → Real)
      (@EquivLike.toFunLike.{max (u_1 + 1) (u_2 + 1), max (u_1 + 1) (u_2 + 1), max (u_1 + 1) (u_2 + 1)}
        (@MeasurableEquiv.{max u_1 u_2, max u_1 u_2} ((i : ι) → κ i → Real) ((@Sigma.{u_1, u_2} ι fun i => κ i) → Real)
          (@MeasurableSpace.pi.{u_1, u_2} ι (fun i => κ i → Real) fun a =>
            @MeasurableSpace.pi.{u_2, 0} (κ a) (fun x => Real) fun j => Real.measurableSpace)
          (@MeasurableSpace.pi.{max u_1 u_2, 0} (@Sigma.{u_1, u_2} ι fun i => κ i) (fun p => Real) fun a =>
            Real.measurableSpace))
        ((i : ι) → κ i → Real) ((@Sigma.{u_1, u_2} ι fun i => κ i) → Real)
        (@MeasurableEquiv.instEquivLike.{max u_1 u_2, max u_1 u_2} ((i : ι) → κ i → Real)
          ((@Sigma.{u_1, u_2} ι fun i => κ i) → Real)
          (@MeasurableSpace.pi.{u_1, u_2} ι (fun i => κ i → Real) fun a =>
            @MeasurableSpace.pi.{u_2, 0} (κ a) (fun x => Real) fun j => Real.measurableSpace)
          (@MeasurableSpace.pi.{max u_1 u_2, 0} (@Sigma.{u_1, u_2} ι fun i => κ i) (fun p => Real) fun a =>
            Real.measurableSpace)))
      (@MeasurableEquiv.symm.{max u_1 u_2, max u_1 u_2} ((@Sigma.{u_1, u_2} ι fun i => κ i) → Real)
        ((i : ι) → κ i → Real)
        (@MeasurableSpace.pi.{max u_1 u_2, 0} (@Sigma.{u_1, u_2} ι fun i => κ i) (fun p => Real) fun a =>
          Real.measurableSpace)
        (@MeasurableSpace.pi.{u_1, u_2} ι (fun i => κ i → Real) fun a =>
          @MeasurableSpace.pi.{u_2, 0} (κ a) (fun x => Real) fun j => Real.measurableSpace)
        (@MeasurableEquiv.piCurry.{u_1, u_2, 0} ι (fun x => κ x) (fun x x_1 => Real) fun i j => Real.measurableSpace)))
    (@MeasureTheory.Measure.pi.{u_1, u_2} ι (fun i => κ i → Real) inst
      (fun i => @MeasurableSpace.pi.{u_2, 0} (κ i) (fun j => Real) fun a => Real.measurableSpace) fun i =>
      @MeasureTheory.Measure.pi.{u_2, 0} (κ i) (fun j => Real) (inst_1 i) (fun a => Real.measurableSpace) (μ i))
    (@MeasureTheory.Measure.pi.{max u_1 u_2, 0} (@Sigma.{u_1, u_2} ι fun i => κ i) (fun p => Real)
      (@Sigma.instFintype.{u_1, u_2} ι κ inst_1 inst) (fun i => Real.measurableSpace) fun p =>
      μ (@Sigma.fst.{u_1, u_2} ι κ p) (@Sigma.snd.{u_1, u_2} ι κ p)) :=
⋯
theorem Luce.integral_block_product.{u_1, u_2} : ∀ {ι : Type u_1} [inst : Fintype.{u_1} ι] {κ : ι → Type u_2}
  [inst_1 : (i : ι) → Fintype.{u_2} (κ i)] (μ : (i : ι) → κ i → @MeasureTheory.Measure.{0} Real Real.measurableSpace)
  [∀ (i : ι) (j : κ i), @MeasureTheory.SigmaFinite.{0} Real Real.measurableSpace (μ i j)]
  (F : (i : ι) → (κ i → Real) → Real),
  @Eq.{1} Real
    (@MeasureTheory.integral.{max u_1 u_2, 0} (@Sigma.{u_1, u_2} ι κ → Real) Real Real.normedAddCommGroup
      (@InnerProductSpace.toNormedSpace.{0, 0} Real Real Real.instRCLike
        (@NormedAddCommGroup.toSeminormedAddCommGroup.{0} Real Real.normedAddCommGroup)
        (@RCLike.toInnerProductSpaceReal.{0} Real Real.instRCLike))
      (@MeasurableSpace.pi.{max u_1 u_2, 0} (@Sigma.{u_1, u_2} ι κ) (fun p => Real) fun i => Real.measurableSpace)
      (@MeasureTheory.Measure.pi.{max u_1 u_2, 0} (@Sigma.{u_1, u_2} ι κ) (fun p => Real)
        (@Sigma.instFintype.{u_1, u_2} ι κ inst_1 inst) (fun i => Real.measurableSpace) fun p =>
        μ (@Sigma.fst.{u_1, u_2} ι κ p) (@Sigma.snd.{u_1, u_2} ι κ p))
      fun x => ∏ i, F i fun j => x (@Sigma.mk.{u_1, u_2} ι κ i j))
    (∏ i,
      @MeasureTheory.integral.{u_2, 0} (κ i → Real) Real Real.normedAddCommGroup
        (@InnerProductSpace.toNormedSpace.{0, 0} Real Real Real.instRCLike
          (@NormedAddCommGroup.toSeminormedAddCommGroup.{0} Real Real.normedAddCommGroup)
          (@RCLike.toInnerProductSpaceReal.{0} Real Real.instRCLike))
        (@MeasurableSpace.pi.{u_2, 0} (κ i) (fun i => Real) fun i => Real.measurableSpace)
        (@MeasureTheory.Measure.pi.{u_2, 0} (κ i) (fun i => Real) (inst_1 i) (fun i => Real.measurableSpace) (μ i))
        fun x => F i x) :=
⋯
theorem Luce.canonical_block_integral_eq_intensity_product : ∀ (f : Real → Real) (L : Nat) (m : Fin L → Nat) (α : Real),
  @Eq.{1} Real
    (@HDiv.hDiv.{0, 0, 0} Real Real Real (@instHDiv.{0} Real (@DivInvMonoid.toDiv.{0} Real Real.instDivInvMonoid))
      (@MeasureTheory.integral.{0, 0}
        (Fin
            (@Fintype.card.{0} (Luce.Section5.CycleVertex L m)
              (@Sigma.instFintype.{0, 0} (Luce.Section5.CycleSlot L m)
                (fun b =>
                  Fin
                    (@HAdd.hAdd.{0, 0, 0} Nat Nat Nat (@instHAdd.{0} Nat instAddNat)
                      (@Fin.val L (@Sigma.fst.{0, 0} (Fin L) (fun ell => Fin (m ell)) b))
                      (@OfNat.ofNat.{0} Nat (nat_lit 1) (instOfNatNat (nat_lit 1)))))
                (fun i =>
                  Fin.fintype
                    (@HAdd.hAdd.{0, 0, 0} Nat Nat Nat (@instHAdd.{0} Nat instAddNat)
                      (@Fin.val L (@Sigma.fst.{0, 0} (Fin L) (fun ell => Fin (m ell)) i))
                      (@OfNat.ofNat.{0} Nat (nat_lit 1) (instOfNatNat (nat_lit 1)))))
                (@Sigma.instFintype.{0, 0} (Fin L) (fun ell => Fin (m ell)) (fun i => Fin.fintype (m i))
                  (Fin.fintype L)))) →
          Real)
        Real Real.normedAddCommGroup
        (@InnerProductSpace.toNormedSpace.{0, 0} Real Real Real.instRCLike
          (@NormedAddCommGroup.toSeminormedAddCommGroup.{0} Real Real.normedAddCommGroup)
          (@RCLike.toInnerProductSpaceReal.{0} Real Real.instRCLike))
        (@MeasureTheory.MeasureSpace.toMeasurableSpace.{0}
          (Fin
              (@Fintype.card.{0} (Luce.Section5.CycleVertex L m)
                (@Sigma.instFintype.{0, 0} (Luce.Section5.CycleSlot L m)
                  (fun b =>
                    Fin
                      (@HAdd.hAdd.{0, 0, 0} Nat Nat Nat (@instHAdd.{0} Nat instAddNat)
                        (@Fin.val L (@Sigma.fst.{0, 0} (Fin L) (fun ell => Fin (m ell)) b))
                        (@OfNat.ofNat.{0} Nat (nat_lit 1) (instOfNatNat (nat_lit 1)))))
                  (fun i =>
                    Fin.fintype
                      (@HAdd.hAdd.{0, 0, 0} Nat Nat Nat (@instHAdd.{0} Nat instAddNat)
                        (@Fin.val L (@Sigma.fst.{0, 0} (Fin L) (fun ell => Fin (m ell)) i))
                        (@OfNat.ofNat.{0} Nat (nat_lit 1) (instOfNatNat (nat_lit 1)))))
                  (@Sigma.instFintype.{0, 0} (Fin L) (fun ell => Fin (m ell)) (fun i => Fin.fintype (m i))
                    (Fin.fintype L)))) →
            Real)
          (@MeasureTheory.MeasureSpace.pi.{0, 0}
            (Fin
              (@Fintype.card.{0} (Luce.Section5.CycleVertex L m)
                (@Sigma.instFintype.{0, 0} (Luce.Section5.CycleSlot L m)
                  (fun b =>
                    Fin
                      (@HAdd.hAdd.{0, 0, 0} Nat Nat Nat (@instHAdd.{0} Nat instAddNat)
                        (@Fin.val L (@Sigma.fst.{0, 0} (Fin L) (fun ell => Fin (m ell)) b))
                        (@OfNat.ofNat.{0} Nat (nat_lit 1) (instOfNatNat (nat_lit 1)))))
                  (fun i =>
                    Fin.fintype
                      (@HAdd.hAdd.{0, 0, 0} Nat Nat Nat (@instHAdd.{0} Nat instAddNat)
                        (@Fin.val L (@Sigma.fst.{0, 0} (Fin L) (fun ell => Fin (m ell)) i))
                        (@OfNat.ofNat.{0} Nat (nat_lit 1) (instOfNatNat (nat_lit 1)))))
                  (@Sigma.instFintype.{0, 0} (Fin L) (fun ell => Fin (m ell)) (fun i => Fin.fintype (m i))
                    (Fin.fintype L)))))
            (Fin.fintype
              (@Fintype.card.{0} (Luce.Section5.CycleVertex L m)
                (@Sigma.instFintype.{0, 0} (Luce.Section5.CycleSlot L m)
                  (fun b =>
                    Fin
                      (@HAdd.hAdd.{0, 0, 0} Nat Nat Nat (@instHAdd.{0} Nat instAddNat)
                        (@Fin.val L (@Sigma.fst.{0, 0} (Fin L) (fun ell => Fin (m ell)) b))
                        (@OfNat.ofNat.{0} Nat (nat_lit 1) (instOfNatNat (nat_lit 1)))))
                  (fun i =>
                    Fin.fintype
                      (@HAdd.hAdd.{0, 0, 0} Nat Nat Nat (@instHAdd.{0} Nat instAddNat)
                        (@Fin.val L (@Sigma.fst.{0, 0} (Fin L) (fun ell => Fin (m ell)) i))
                        (@OfNat.ofNat.{0} Nat (nat_lit 1) (instOfNatNat (nat_lit 1)))))
                  (@Sigma.instFintype.{0, 0} (Fin L) (fun ell => Fin (m ell)) (fun i => Fin.fintype (m i))
                    (Fin.fintype L)))))
            (fun a => Real) fun i => Real.measureSpace))
        (@MeasureTheory.Measure.restrict.{0}
          (Fin
              (@Fintype.card.{0} (Luce.Section5.CycleVertex L m)
                (@Sigma.instFintype.{0, 0} (Luce.Section5.CycleSlot L m)
                  (fun b =>
                    Fin
                      (@HAdd.hAdd.{0, 0, 0} Nat Nat Nat (@instHAdd.{0} Nat instAddNat)
                        (@Fin.val L (@Sigma.fst.{0, 0} (Fin L) (fun ell => Fin (m ell)) b))
                        (@OfNat.ofNat.{0} Nat (nat_lit 1) (instOfNatNat (nat_lit 1)))))
                  (fun i =>
                    Fin.fintype
                      (@HAdd.hAdd.{0, 0, 0} Nat Nat Nat (@instHAdd.{0} Nat instAddNat)
                        (@Fin.val L (@Sigma.fst.{0, 0} (Fin L) (fun ell => Fin (m ell)) i))
                        (@OfNat.ofNat.{0} Nat (nat_lit 1) (instOfNatNat (nat_lit 1)))))
                  (@Sigma.instFintype.{0, 0} (Fin L) (fun ell => Fin (m ell)) (fun i => Fin.fintype (m i))
                    (Fin.fintype L)))) →
            Real)
          (@MeasureTheory.MeasureSpace.toMeasurableSpace.{0}
            (Fin
                (@Fintype.card.{0} (Luce.Section5.CycleVertex L m)
                  (@Sigma.instFintype.{0, 0} (Luce.Section5.CycleSlot L m)
                    (fun b =>
                      Fin
                        (@HAdd.hAdd.{0, 0, 0} Nat Nat Nat (@instHAdd.{0} Nat instAddNat)
                          (@Fin.val L (@Sigma.fst.{0, 0} (Fin L) (fun ell => Fin (m ell)) b))
                          (@OfNat.ofNat.{0} Nat (nat_lit 1) (instOfNatNat (nat_lit 1)))))
                    (fun i =>
                      Fin.fintype
                        (@HAdd.hAdd.{0, 0, 0} Nat Nat Nat (@instHAdd.{0} Nat instAddNat)
                          (@Fin.val L (@Sigma.fst.{0, 0} (Fin L) (fun ell => Fin (m ell)) i))
                          (@OfNat.ofNat.{0} Nat (nat_lit 1) (instOfNatNat (nat_lit 1)))))
                    (@Sigma.instFintype.{0, 0} (Fin L) (fun ell => Fin (m ell)) (fun i => Fin.fintype (m i))
                      (Fin.fintype L)))) →
              Real)
            (@MeasureTheory.MeasureSpace.pi.{0, 0}
              (Fin
                (@Fintype.card.{0} (Luce.Section5.CycleVertex L m)
                  (@Sigma.instFintype.{0, 0} (Luce.Section5.CycleSlot L m)
                    (fun b =>
                      Fin
                        (@HAdd.hAdd.{0, 0, 0} Nat Nat Nat (@instHAdd.{0} Nat instAddNat)
                          (@Fin.val L (@Sigma.fst.{0, 0} (Fin L) (fun ell => Fin (m ell)) b))
                          (@OfNat.ofNat.{0} Nat (nat_lit 1) (instOfNatNat (nat_lit 1)))))
                    (fun i =>
                      Fin.fintype
                        (@HAdd.hAdd.{0, 0, 0} Nat Nat Nat (@instHAdd.{0} Nat instAddNat)
                          (@Fin.val L (@Sigma.fst.{0, 0} (Fin L) (fun ell => Fin (m ell)) i))
                          (@OfNat.ofNat.{0} Nat (nat_lit 1) (instOfNatNat (nat_lit 1)))))
                    (@Sigma.instFintype.{0, 0} (Fin L) (fun ell => Fin (m ell)) (fun i => Fin.fintype (m i))
                      (Fin.fintype L)))))
              (Fin.fintype
                (@Fintype.card.{0} (Luce.Section5.CycleVertex L m)
                  (@Sigma.instFintype.{0, 0} (Luce.Section5.CycleSlot L m)
                    (fun b =>
                      Fin
                        (@HAdd.hAdd.{0, 0, 0} Nat Nat Nat (@instHAdd.{0} Nat instAddNat)
                          (@Fin.val L (@Sigma.fst.{0, 0} (Fin L) (fun ell => Fin (m ell)) b))
                          (@OfNat.ofNat.{0} Nat (nat_lit 1) (instOfNatNat (nat_lit 1)))))
                    (fun i =>
                      Fin.fintype
                        (@HAdd.hAdd.{0, 0, 0} Nat Nat Nat (@instHAdd.{0} Nat instAddNat)
                          (@Fin.val L (@Sigma.fst.{0, 0} (Fin L) (fun ell => Fin (m ell)) i))
                          (@OfNat.ofNat.{0} Nat (nat_lit 1) (instOfNatNat (nat_lit 1)))))
                    (@Sigma.instFintype.{0, 0} (Fin L) (fun ell => Fin (m ell)) (fun i => Fin.fintype (m i))
                      (Fin.fintype L)))))
              (fun a => Real) fun i => Real.measureSpace))
          (@MeasureTheory.MeasureSpace.volume.{0}
            (Fin
                (@Fintype.card.{0} (Luce.Section5.CycleVertex L m)
                  (@Sigma.instFintype.{0, 0} (Luce.Section5.CycleSlot L m)
                    (fun b =>
                      Fin
                        (@HAdd.hAdd.{0, 0, 0} Nat Nat Nat (@instHAdd.{0} Nat instAddNat)
                          (@Fin.val L (@Sigma.fst.{0, 0} (Fin L) (fun ell => Fin (m ell)) b))
                          (@OfNat.ofNat.{0} Nat (nat_lit 1) (instOfNatNat (nat_lit 1)))))
                    (fun i =>
                      Fin.fintype
                        (@HAdd.hAdd.{0, 0, 0} Nat Nat Nat (@instHAdd.{0} Nat instAddNat)
                          (@Fin.val L (@Sigma.fst.{0, 0} (Fin L) (fun ell => Fin (m ell)) i))
                          (@OfNat.ofNat.{0} Nat (nat_lit 1) (instOfNatNat (nat_lit 1)))))
                    (@Sigma.instFintype.{0, 0} (Fin L) (fun ell => Fin (m ell)) (fun i => Fin.fintype (m i))
                      (Fin.fintype L)))) →
              Real)
            (@MeasureTheory.MeasureSpace.pi.{0, 0}
              (Fin
                (@Fintype.card.{0} (Luce.Section5.CycleVertex L m)
                  (@Sigma.instFintype.{0, 0} (Luce.Section5.CycleSlot L m)
                    (fun b =>
                      Fin
                        (@HAdd.hAdd.{0, 0, 0} Nat Nat Nat (@instHAdd.{0} Nat instAddNat)
                          (@Fin.val L (@Sigma.fst.{0, 0} (Fin L) (fun ell => Fin (m ell)) b))
                          (@OfNat.ofNat.{0} Nat (nat_lit 1) (instOfNatNat (nat_lit 1)))))
                    (fun i =>
                      Fin.fintype
                        (@HAdd.hAdd.{0, 0, 0} Nat Nat Nat (@instHAdd.{0} Nat instAddNat)
                          (@Fin.val L (@Sigma.fst.{0, 0} (Fin L) (fun ell => Fin (m ell)) i))
                          (@OfNat.ofNat.{0} Nat (nat_lit 1) (instOfNatNat (nat_lit 1)))))
                    (@Sigma.instFintype.{0, 0} (Fin L) (fun ell => Fin (m ell)) (fun i => Fin.fintype (m i))
                      (Fin.fintype L)))))
              (Fin.fintype
                (@Fintype.card.{0} (Luce.Section5.CycleVertex L m)
                  (@Sigma.instFintype.{0, 0} (Luce.Section5.CycleSlot L m)
                    (fun b =>
                      Fin
                        (@HAdd.hAdd.{0, 0, 0} Nat Nat Nat (@instHAdd.{0} Nat instAddNat)
                          (@Fin.val L (@Sigma.fst.{0, 0} (Fin L) (fun ell => Fin (m ell)) b))
                          (@OfNat.ofNat.{0} Nat (nat_lit 1) (instOfNatNat (nat_lit 1)))))
                    (fun i =>
                      Fin.fintype
                        (@HAdd.hAdd.{0, 0, 0} Nat Nat Nat (@instHAdd.{0} Nat instAddNat)
                          (@Fin.val L (@Sigma.fst.{0, 0} (Fin L) (fun ell => Fin (m ell)) i))
                          (@OfNat.ofNat.{0} Nat (nat_lit 1) (instOfNatNat (nat_lit 1)))))
                    (@Sigma.instFintype.{0, 0} (Fin L) (fun ell => Fin (m ell)) (fun i => Fin.fintype (m i))
                      (Fin.fintype L)))))
              (fun a => Real) fun i => Real.measureSpace))
          (Luce.cyclicBulkCube
            (@Fintype.card.{0} (Luce.Section5.CycleVertex L m)
              (@Sigma.instFintype.{0, 0} (Luce.Section5.CycleSlot L m)
                (fun b =>
                  Fin
                    (@HAdd.hAdd.{0, 0, 0} Nat Nat Nat (@instHAdd.{0} Nat instAddNat)
                      (@Fin.val L (@Sigma.fst.{0, 0} (Fin L) (fun ell => Fin (m ell)) b))
                      (@OfNat.ofNat.{0} Nat (nat_lit 1) (instOfNatNat (nat_lit 1)))))
                (fun i =>
                  Fin.fintype
                    (@HAdd.hAdd.{0, 0, 0} Nat Nat Nat (@instHAdd.{0} Nat instAddNat)
                      (@Fin.val L (@Sigma.fst.{0, 0} (Fin L) (fun ell => Fin (m ell)) i))
                      (@OfNat.ofNat.{0} Nat (nat_lit 1) (instOfNatNat (nat_lit 1)))))
                (@Sigma.instFintype.{0, 0} (Fin L) (fun ell => Fin (m ell)) (fun i => Fin.fintype (m i))
                  (Fin.fintype L))))
            α))
        fun x =>
        ∏ a,
          Luce.cyclicProfileDensity f (x a)
            (x
              (@DFunLike.coe.{1, 1, 1}
                (Equiv.Perm.{1}
                  (Fin
                    (@Fintype.card.{0} (Luce.Section5.CycleVertex L m)
                      (@Sigma.instFintype.{0, 0} (Luce.Section5.CycleSlot L m)
                        (fun b =>
                          Fin
                            (@HAdd.hAdd.{0, 0, 0} Nat Nat Nat (@instHAdd.{0} Nat instAddNat)
                              (@Fin.val L (@Sigma.fst.{0, 0} (Fin L) (fun ell => Fin (m ell)) b))
                              (@OfNat.ofNat.{0} Nat (nat_lit 1) (instOfNatNat (nat_lit 1)))))
                        (fun i =>
                          Fin.fintype
                            (@HAdd.hAdd.{0, 0, 0} Nat Nat Nat (@instHAdd.{0} Nat instAddNat)
                              (@Fin.val L (@Sigma.fst.{0, 0} (Fin L) (fun ell => Fin (m ell)) i))
                              (@OfNat.ofNat.{0} Nat (nat_lit 1) (instOfNatNat (nat_lit 1)))))
                        (@Sigma.instFintype.{0, 0} (Fin L) (fun ell => Fin (m ell)) (fun i => Fin.fintype (m i))
                          (Fin.fintype L))))))
                (Fin
                  (@Fintype.card.{0} (Luce.Section5.CycleVertex L m)
                    (@Sigma.instFintype.{0, 0} (Luce.Section5.CycleSlot L m)
                      (fun b =>
                        Fin
                          (@HAdd.hAdd.{0, 0, 0} Nat Nat Nat (@instHAdd.{0} Nat instAddNat)
                            (@Fin.val L (@Sigma.fst.{0, 0} (Fin L) (fun ell => Fin (m ell)) b))
                            (@OfNat.ofNat.{0} Nat (nat_lit 1) (instOfNatNat (nat_lit 1)))))
                      (fun i =>
                        Fin.fintype
                          (@HAdd.hAdd.{0, 0, 0} Nat Nat Nat (@instHAdd.{0} Nat instAddNat)
                            (@Fin.val L (@Sigma.fst.{0, 0} (Fin L) (fun ell => Fin (m ell)) i))
                            (@OfNat.ofNat.{0} Nat (nat_lit 1) (instOfNatNat (nat_lit 1)))))
                      (@Sigma.instFintype.{0, 0} (Fin L) (fun ell => Fin (m ell)) (fun i => Fin.fintype (m i))
                        (Fin.fintype L)))))
                (fun x =>
                  Fin
                    (@Fintype.card.{0} (Luce.Section5.CycleVertex L m)
                      (@Sigma.instFintype.{0, 0} (Luce.Section5.CycleSlot L m)
                        (fun b =>
                          Fin
                            (@HAdd.hAdd.{0, 0, 0} Nat Nat Nat (@instHAdd.{0} Nat instAddNat)
                              (@Fin.val L (@Sigma.fst.{0, 0} (Fin L) (fun ell => Fin (m ell)) b))
                              (@OfNat.ofNat.{0} Nat (nat_lit 1) (instOfNatNat (nat_lit 1)))))
                        (fun i =>
                          Fin.fintype
                            (@HAdd.hAdd.{0, 0, 0} Nat Nat Nat (@instHAdd.{0} Nat instAddNat)
                              (@Fin.val L (@Sigma.fst.{0, 0} (Fin L) (fun ell => Fin (m ell)) i))
                              (@OfNat.ofNat.{0} Nat (nat_lit 1) (instOfNatNat (nat_lit 1)))))
                        (@Sigma.instFintype.{0, 0} (Fin L) (fun ell => Fin (m ell)) (fun i => Fin.fintype (m i))
                          (Fin.fintype L)))))
                (@EquivLike.toFunLike.{1, 1, 1}
                  (Equiv.Perm.{1}
                    (Fin
                      (@Fintype.card.{0} (Luce.Section5.CycleVertex L m)
                        (@Sigma.instFintype.{0, 0} (Luce.Section5.CycleSlot L m)
                          (fun b =>
                            Fin
                              (@HAdd.hAdd.{0, 0, 0} Nat Nat Nat (@instHAdd.{0} Nat instAddNat)
                                (@Fin.val L (@Sigma.fst.{0, 0} (Fin L) (fun ell => Fin (m ell)) b))
                                (@OfNat.ofNat.{0} Nat (nat_lit 1) (instOfNatNat (nat_lit 1)))))
                          (fun i =>
                            Fin.fintype
                              (@HAdd.hAdd.{0, 0, 0} Nat Nat Nat (@instHAdd.{0} Nat instAddNat)
                                (@Fin.val L (@Sigma.fst.{0, 0} (Fin L) (fun ell => Fin (m ell)) i))
                                (@OfNat.ofNat.{0} Nat (nat_lit 1) (instOfNatNat (nat_lit 1)))))
                          (@Sigma.instFintype.{0, 0} (Fin L) (fun ell => Fin (m ell)) (fun i => Fin.fintype (m i))
                            (Fin.fintype L))))))
                  (Fin
                    (@Fintype.card.{0} (Luce.Section5.CycleVertex L m)
                      (@Sigma.instFintype.{0, 0} (Luce.Section5.CycleSlot L m)
                        (fun b =>
                          Fin
                            (@HAdd.hAdd.{0, 0, 0} Nat Nat Nat (@instHAdd.{0} Nat instAddNat)
                              (@Fin.val L (@Sigma.fst.{0, 0} (Fin L) (fun ell => Fin (m ell)) b))
                              (@OfNat.ofNat.{0} Nat (nat_lit 1) (instOfNatNat (nat_lit 1)))))
                        (fun i =>
                          Fin.fintype
                            (@HAdd.hAdd.{0, 0, 0} Nat Nat Nat (@instHAdd.{0} Nat instAddNat)
                              (@Fin.val L (@Sigma.fst.{0, 0} (Fin L) (fun ell => Fin (m ell)) i))
                              (@OfNat.ofNat.{0} Nat (nat_lit 1) (instOfNatNat (nat_lit 1)))))
                        (@Sigma.instFintype.{0, 0} (Fin L) (fun ell => Fin (m ell)) (fun i => Fin.fintype (m i))
                          (Fin.fintype L)))))
                  (Fin
                    (@Fintype.card.{0} (Luce.Section5.CycleVertex L m)
                      (@Sigma.instFintype.{0, 0} (Luce.Section5.CycleSlot L m)
                        (fun b =>
                          Fin
                            (@HAdd.hAdd.{0, 0, 0} Nat Nat Nat (@instHAdd.{0} Nat instAddNat)
                              (@Fin.val L (@Sigma.fst.{0, 0} (Fin L) (fun ell => Fin (m ell)) b))
                              (@OfNat.ofNat.{0} Nat (nat_lit 1) (instOfNatNat (nat_lit 1)))))
                        (fun i =>
                          Fin.fintype
                            (@HAdd.hAdd.{0, 0, 0} Nat Nat Nat (@instHAdd.{0} Nat instAddNat)
                              (@Fin.val L (@Sigma.fst.{0, 0} (Fin L) (fun ell => Fin (m ell)) i))
                              (@OfNat.ofNat.{0} Nat (nat_lit 1) (instOfNatNat (nat_lit 1)))))
                        (@Sigma.instFintype.{0, 0} (Fin L) (fun ell => Fin (m ell)) (fun i => Fin.fintype (m i))
                          (Fin.fintype L)))))
                  (@Equiv.instEquivLike.{1, 1}
                    (Fin
                      (@Fintype.card.{0} (Luce.Section5.CycleVertex L m)
                        (@Sigma.instFintype.{0, 0} (Luce.Section5.CycleSlot L m)
                          (fun b =>
                            Fin
                              (@HAdd.hAdd.{0, 0, 0} Nat Nat Nat (@instHAdd.{0} Nat instAddNat)
                                (@Fin.val L (@Sigma.fst.{0, 0} (Fin L) (fun ell => Fin (m ell)) b))
                                (@OfNat.ofNat.{0} Nat (nat_lit 1) (instOfNatNat (nat_lit 1)))))
                          (fun i =>
                            Fin.fintype
                              (@HAdd.hAdd.{0, 0, 0} Nat Nat Nat (@instHAdd.{0} Nat instAddNat)
                                (@Fin.val L (@Sigma.fst.{0, 0} (Fin L) (fun ell => Fin (m ell)) i))
                                (@OfNat.ofNat.{0} Nat (nat_lit 1) (instOfNatNat (nat_lit 1)))))
                          (@Sigma.instFintype.{0, 0} (Fin L) (fun ell => Fin (m ell)) (fun i => Fin.fintype (m i))
                            (Fin.fintype L)))))
                    (Fin
                      (@Fintype.card.{0} (Luce.Section5.CycleVertex L m)
                        (@Sigma.instFintype.{0, 0} (Luce.Section5.CycleSlot L m)
                          (fun b =>
                            Fin
                              (@HAdd.hAdd.{0, 0, 0} Nat Nat Nat (@instHAdd.{0} Nat instAddNat)
                                (@Fin.val L (@Sigma.fst.{0, 0} (Fin L) (fun ell => Fin (m ell)) b))
                                (@OfNat.ofNat.{0} Nat (nat_lit 1) (instOfNatNat (nat_lit 1)))))
                          (fun i =>
                            Fin.fintype
                              (@HAdd.hAdd.{0, 0, 0} Nat Nat Nat (@instHAdd.{0} Nat instAddNat)
                                (@Fin.val L (@Sigma.fst.{0, 0} (Fin L) (fun ell => Fin (m ell)) i))
                                (@OfNat.ofNat.{0} Nat (nat_lit 1) (instOfNatNat (nat_lit 1)))))
                          (@Sigma.instFintype.{0, 0} (Fin L) (fun ell => Fin (m ell)) (fun i => Fin.fintype (m i))
                            (Fin.fintype L)))))))
                (Luce.factorialBlockPermutation L m) a)))
      (∏ ell,
        @HPow.hPow.{0, 0, 0} Real Nat Real
          (@instHPow.{0, 0} Real Nat (@NPow.toPow.{0} Real (@Monoid.toNPow.{0} Real Real.instMonoid)))
          (@Nat.cast.{0} Real Real.instNatCast
            (@HAdd.hAdd.{0, 0, 0} Nat Nat Nat (@instHAdd.{0} Nat instAddNat) (@Fin.val L ell)
              (@OfNat.ofNat.{0} Nat (nat_lit 1) (instOfNatNat (nat_lit 1)))))
          (m ell)))
    (∏ ell,
      @HPow.hPow.{0, 0, 0} Real Nat Real
        (@instHPow.{0, 0} Real Nat (@NPow.toPow.{0} Real (@Monoid.toNPow.{0} Real Real.instMonoid)))
        (Luce.bulkCycleTraceIntensity f α (@Fin.val L ell)) (m ell)) :=
⋯
theorem Luce.bulk_joint_factorial_moments : ∀ (w : Luce.WeightArray) (f : Real → Real),
  Luce.NormalizedWeights w →
    Luce.ProfileLimit w f →
      ∀ (L : Nat) (m : Fin L → Nat) (α : Real),
        @LT.lt.{0} Real Real.instLT α (@OfNat.ofNat.{0} Real (nat_lit 1) (@One.toOfNat1.{0} Real Real.instOne)) →
          @Filter.Tendsto.{0, 0} Nat Real
            (fun n =>
              @MeasureTheory.integral.{0, 0} (Fin n → Real) Real Real.normedAddCommGroup
                (@InnerProductSpace.toNormedSpace.{0, 0} Real Real Real.instRCLike
                  (@NormedAddCommGroup.toSeminormedAddCommGroup.{0} Real Real.normedAddCommGroup)
                  (@RCLike.toInnerProductSpaceReal.{0} Real Real.instRCLike))
                (@MeasurableSpace.pi.{0, 0} (Fin n) (fun a => Real) fun a => Real.measurableSpace)
                (@Luce.exponentialRace n (w n)) fun z =>
                ∏ ell,
                  @Nat.cast.{0} Real Real.instNatCast
                    ((@Luce.Section5.bulkCycleCount n (@Luce.raceRankPermutation n z) α (@Fin.val L ell)).descFactorial
                      (m ell)))
            (@Filter.atTop.{0} Nat Nat.instPreorder)
            (@nhds.{0} Real
              (@UniformSpace.toTopologicalSpace.{0} Real
                (@PseudoMetricSpace.toUniformSpace.{0} Real Real.pseudoMetricSpace))
              (∏ ell,
                @HPow.hPow.{0, 0, 0} Real Nat Real
                  (@instHPow.{0, 0} Real Nat (@NPow.toPow.{0} Real (@Monoid.toNPow.{0} Real Real.instMonoid)))
                  (Luce.bulkCycleTraceIntensity f α (@Fin.val L ell)) (m ell))) :=
⋯
theorem Luce.bulk_cycle_first_moment : ∀ (w : Luce.WeightArray) (f : Real → Real),
  Luce.NormalizedWeights w →
    Luce.ProfileLimit w f →
      ∀ (k : Nat) (α : Real),
        @LT.lt.{0} Real Real.instLT α (@OfNat.ofNat.{0} Real (nat_lit 1) (@One.toOfNat1.{0} Real Real.instOne)) →
          @Filter.Tendsto.{0, 0} Nat Real
            (fun n =>
              @MeasureTheory.integral.{0, 0} (Fin n → Real) Real Real.normedAddCommGroup
                (@InnerProductSpace.toNormedSpace.{0, 0} Real Real Real.instRCLike
                  (@NormedAddCommGroup.toSeminormedAddCommGroup.{0} Real Real.normedAddCommGroup)
                  (@RCLike.toInnerProductSpaceReal.{0} Real Real.instRCLike))
                (@MeasurableSpace.pi.{0, 0} (Fin n) (fun a => Real) fun a => Real.measurableSpace)
                (@Luce.exponentialRace n (w n)) fun z =>
                @Nat.cast.{0} Real Real.instNatCast
                  (@Luce.Section5.bulkCycleCount n (@Luce.raceRankPermutation n z) α k))
            (@Filter.atTop.{0} Nat Nat.instPreorder)
            (@nhds.{0} Real
              (@UniformSpace.toTopologicalSpace.{0} Real
                (@PseudoMetricSpace.toUniformSpace.{0} Real Real.pseudoMetricSpace))
              (Luce.bulkCycleTraceIntensity f α k)) :=
⋯
theorem Luce.bulk_cycle_trace_integrable : ∀ {w : Luce.WeightArray} {f : Real → Real},
  Luce.ProfileLimit w f →
    ∀ (k : Nat) {α : Real},
      @LT.lt.{0} Real Real.instLT α (@OfNat.ofNat.{0} Real (nat_lit 1) (@One.toOfNat1.{0} Real Real.instOne)) →
        @MeasureTheory.IntegrableOn.{0, 0}
          (Fin
              (@HAdd.hAdd.{0, 0, 0} Nat Nat Nat (@instHAdd.{0} Nat instAddNat) k
                (@OfNat.ofNat.{0} Nat (nat_lit 1) (instOfNatNat (nat_lit 1)))) →
            Real)
          Real
          (@MeasureTheory.MeasureSpace.toMeasurableSpace.{0}
            (Fin
                (@HAdd.hAdd.{0, 0, 0} Nat Nat Nat (@instHAdd.{0} Nat instAddNat) k
                  (@OfNat.ofNat.{0} Nat (nat_lit 1) (instOfNatNat (nat_lit 1)))) →
              Real)
            (@MeasureTheory.MeasureSpace.pi.{0, 0}
              (Fin
                (@HAdd.hAdd.{0, 0, 0} Nat Nat Nat (@instHAdd.{0} Nat instAddNat) k
                  (@OfNat.ofNat.{0} Nat (nat_lit 1) (instOfNatNat (nat_lit 1)))))
              (Fin.fintype
                (@HAdd.hAdd.{0, 0, 0} Nat Nat Nat (@instHAdd.{0} Nat instAddNat) k
                  (@OfNat.ofNat.{0} Nat (nat_lit 1) (instOfNatNat (nat_lit 1)))))
              (fun a => Real) fun i => Real.measureSpace))
          (@UniformSpace.toTopologicalSpace.{0} Real
            (@PseudoMetricSpace.toUniformSpace.{0} Real Real.pseudoMetricSpace))
          (@SeminormedAddGroup.toContinuousENorm.{0} Real
            (@SeminormedAddCommGroup.toSeminormedAddGroup.{0} Real
              (@NonUnitalSeminormedRing.toSeminormedAddCommGroup.{0} Real
                (@NonUnitalSeminormedCommRing.toNonUnitalSeminormedRing.{0} Real
                  (@SeminormedCommRing.toNonUnitalSeminormedCommRing.{0} Real
                    (@NormedCommRing.toSeminormedCommRing.{0} Real Real.normedCommRing))))))
          (Luce.cycleTraceIntegrand f k)
          (Luce.cyclicBulkCube
            (@HAdd.hAdd.{0, 0, 0} Nat Nat Nat (@instHAdd.{0} Nat instAddNat) k
              (@OfNat.ofNat.{0} Nat (nat_lit 1) (instOfNatNat (nat_lit 1))))
            α)
          (@MeasureTheory.MeasureSpace.volume.{0}
            (Fin
                (@HAdd.hAdd.{0, 0, 0} Nat Nat Nat (@instHAdd.{0} Nat instAddNat) k
                  (@OfNat.ofNat.{0} Nat (nat_lit 1) (instOfNatNat (nat_lit 1)))) →
              Real)
            (@MeasureTheory.MeasureSpace.pi.{0, 0}
              (Fin
                (@HAdd.hAdd.{0, 0, 0} Nat Nat Nat (@instHAdd.{0} Nat instAddNat) k
                  (@OfNat.ofNat.{0} Nat (nat_lit 1) (instOfNatNat (nat_lit 1)))))
              (Fin.fintype
                (@HAdd.hAdd.{0, 0, 0} Nat Nat Nat (@instHAdd.{0} Nat instAddNat) k
                  (@OfNat.ofNat.{0} Nat (nat_lit 1) (instOfNatNat (nat_lit 1)))))
              (fun a => Real) fun i => Real.measureSpace)) :=
⋯
theorem Luce.bulk_cycle_intensity_nonneg : ∀ (w : Luce.WeightArray) (f : Real → Real),
  Luce.NormalizedWeights w →
    Luce.ProfileLimit w f →
      ∀ (k : Nat) (α : Real),
        @LT.lt.{0} Real Real.instLT α (@OfNat.ofNat.{0} Real (nat_lit 1) (@One.toOfNat1.{0} Real Real.instOne)) →
          @LE.le.{0} Real Real.instLE (@OfNat.ofNat.{0} Real (nat_lit 0) (@Zero.toOfNat0.{0} Real Real.instZero))
            (Luce.bulkCycleTraceIntensity f α k) :=
⋯
def ShellMigrationContract.section5.{u} : Prop :=
∀ (Ω : Nat → Type u) (mΩ : (n : Nat) → MeasurableSpace.{u} (Ω n))
  (P : (n : Nat) → @MeasureTheory.Measure.{u} (Ω n) (mΩ n)),
  (∀ (n : Nat), @MeasureTheory.IsProbabilityMeasure.{u} (Ω n) (mΩ n) (P n)) →
    ∀ (w : Luce.WeightArray) (f : Real → Real),
      Luce.NormalizedWeights w →
        Luce.ProfileLimit w f →
          @Filter.Tendsto.{0, 0} Nat ENNReal
              (fun J =>
                @Filter.limsup.{0, 0} ENNReal Nat
                  (@ConditionallyCompleteLinearOrder.toConditionallyCompleteLattice.{0} ENNReal
                    (@ConditionallyCompleteLinearOrderBot.toConditionallyCompleteLinearOrder.{0} ENNReal
                      (@CompleteLinearOrder.toConditionallyCompleteLinearOrderBot.{0} ENNReal
                        ENNReal.instCompleteLinearOrder)))
                  (fun n =>
                    @tsum.{0, 0} ENNReal Nat ENNReal.instAddCommMonoid ENNReal.instTopologicalSpace
                      (fun j =>
                        @ite.{1} ENNReal (@LE.le.{0} Nat instLENat J j) (J.decLe j) (Luce.shellCost w n j)
                          (@OfNat.ofNat.{0} ENNReal (nat_lit 0) (@Zero.toOfNat0.{0} ENNReal ENNReal.instZero)))
                      (SummationFilter.unconditional.{0} Nat))
                  (@Filter.atTop.{0} Nat Nat.instPreorder))
              (@Filter.atTop.{0} Nat Nat.instPreorder)
              (@nhds.{0} ENNReal ENNReal.instTopologicalSpace
                (@OfNat.ofNat.{0} ENNReal (nat_lit 0) (@Zero.toOfNat0.{0} ENNReal ENNReal.instZero))) →
            ∀ (π : (n : Nat) → Ω n → Equiv.Perm.{1} (Fin n)),
              (∀ (n : Nat),
                  @Measurable.{u, 0} (Ω n) (Equiv.Perm.{1} (Fin n)) (mΩ n)
                    (@Top.top.{0} (MeasurableSpace.{0} (Equiv.Perm.{1} (Fin n)))
                      (@OrderTop.toTop.{0} (MeasurableSpace.{0} (Equiv.Perm.{1} (Fin n)))
                        (@Preorder.toLE.{0} (MeasurableSpace.{0} (Equiv.Perm.{1} (Fin n)))
                          (@PartialOrder.toPreorder.{0} (MeasurableSpace.{0} (Equiv.Perm.{1} (Fin n)))
                            (@SemilatticeSup.toPartialOrder.{0} (MeasurableSpace.{0} (Equiv.Perm.{1} (Fin n)))
                              (@Lattice.toSemilatticeSup.{0} (MeasurableSpace.{0} (Equiv.Perm.{1} (Fin n)))
                                (@CompleteLattice.toLattice.{0} (MeasurableSpace.{0} (Equiv.Perm.{1} (Fin n)))
                                  (@MeasurableSpace.instCompleteLattice.{0} (Equiv.Perm.{1} (Fin n))))))))
                        (@BoundedOrder.toOrderTop.{0} (MeasurableSpace.{0} (Equiv.Perm.{1} (Fin n)))
                          (@Preorder.toLE.{0} (MeasurableSpace.{0} (Equiv.Perm.{1} (Fin n)))
                            (@PartialOrder.toPreorder.{0} (MeasurableSpace.{0} (Equiv.Perm.{1} (Fin n)))
                              (@SemilatticeSup.toPartialOrder.{0} (MeasurableSpace.{0} (Equiv.Perm.{1} (Fin n)))
                                (@Lattice.toSemilatticeSup.{0} (MeasurableSpace.{0} (Equiv.Perm.{1} (Fin n)))
                                  (@CompleteLattice.toLattice.{0} (MeasurableSpace.{0} (Equiv.Perm.{1} (Fin n)))
                                    (@MeasurableSpace.instCompleteLattice.{0} (Equiv.Perm.{1} (Fin n))))))))
                          (@CompleteLattice.toBoundedOrder.{0} (MeasurableSpace.{0} (Equiv.Perm.{1} (Fin n)))
                            (@MeasurableSpace.instCompleteLattice.{0} (Equiv.Perm.{1} (Fin n)))))))
                    (π n)) →
                (∀ (n : Nat) (σ : Equiv.Perm.{1} (Fin n)),
                    @Eq.{1} Real
                      (@MeasureTheory.Measure.real.{u} (Ω n) (mΩ n) (P n)
                        (@Set.ofPred.{u} (Ω n) fun ω => @Eq.{1} (Equiv.Perm.{1} (Fin n)) (π n ω) σ))
                      (@Luce.Weights.mass n (w n) σ)) →
                  And
                    (∀ (k : Nat),
                      And
                        (@MeasureTheory.Integrable.{0, 0} Real
                          (@UniformSpace.toTopologicalSpace.{0} Real
                            (@PseudoMetricSpace.toUniformSpace.{0} Real Real.pseudoMetricSpace))
                          (@SeminormedAddGroup.toContinuousENorm.{0} Real
                            (@SeminormedAddCommGroup.toSeminormedAddGroup.{0} Real
                              (@NonUnitalSeminormedRing.toSeminormedAddCommGroup.{0} Real
                                (@NonUnitalSeminormedCommRing.toNonUnitalSeminormedRing.{0} Real
                                  (@SeminormedCommRing.toNonUnitalSeminormedCommRing.{0} Real
                                    (@NormedCommRing.toSeminormedCommRing.{0} Real Real.normedCommRing))))))
                          (Fin
                              (@HAdd.hAdd.{0, 0, 0} Nat Nat Nat (@instHAdd.{0} Nat instAddNat) k
                                (@OfNat.ofNat.{0} Nat (nat_lit 1) (instOfNatNat (nat_lit 1)))) →
                            Real)
                          (@MeasurableSpace.pi.{0, 0}
                            (Fin
                              (@HAdd.hAdd.{0, 0, 0} Nat Nat Nat (@instHAdd.{0} Nat instAddNat) k
                                (@OfNat.ofNat.{0} Nat (nat_lit 1) (instOfNatNat (nat_lit 1)))))
                            (fun a => Real) fun a => Real.measurableSpace)
                          (Luce.cycleTraceIntegrand f k)
                          (Luce.cyclicProfileMeasure
                            (@HAdd.hAdd.{0, 0, 0} Nat Nat Nat (@instHAdd.{0} Nat instAddNat) k
                              (@OfNat.ofNat.{0} Nat (nat_lit 1) (instOfNatNat (nat_lit 1))))))
                        (@LE.le.{0} Real Real.instLE
                          (@OfNat.ofNat.{0} Real (nat_lit 0) (@Zero.toOfNat0.{0} Real Real.instZero))
                          (Luce.cycleTraceIntensity f k)))
                    (∀ (L : Nat),
                      And
                        (∀
                          (F :
                            @BoundedContinuousFunction.{0, 0} (Fin L → Nat) Real
                              (@Pi.topologicalSpace.{0, 0} (Fin L) (fun a => Nat) fun i => instTopologicalSpaceNat)
                              Real.pseudoMetricSpace),
                          @Filter.Tendsto.{0, 0} Nat Real
                            (fun n =>
                              @MeasureTheory.integral.{u, 0} (Ω n) Real Real.normedAddCommGroup
                                (@InnerProductSpace.toNormedSpace.{0, 0} Real Real Real.instRCLike
                                  (@NormedAddCommGroup.toSeminormedAddCommGroup.{0} Real Real.normedAddCommGroup)
                                  (@RCLike.toInnerProductSpaceReal.{0} Real Real.instRCLike))
                                (mΩ n) (P n) fun ω =>
                                @DFunLike.coe.{1, 1, 1}
                                  (@BoundedContinuousFunction.{0, 0} (Fin L → Nat) Real
                                    (@Pi.topologicalSpace.{0, 0} (Fin L) (fun a => Nat) fun i =>
                                      instTopologicalSpaceNat)
                                    Real.pseudoMetricSpace)
                                  (Fin L → Nat) (fun x => Real)
                                  (@BoundedContinuousFunction.instFunLike.{0, 0} (Fin L → Nat) Real
                                    (@Pi.topologicalSpace.{0, 0} (Fin L) (fun a => Nat) fun i =>
                                      instTopologicalSpaceNat)
                                    Real.pseudoMetricSpace)
                                  F (@Luce.cycleCountVector n L (π n ω)))
                            (@Filter.atTop.{0} Nat Nat.instPreorder)
                            (@nhds.{0} Real
                              (@UniformSpace.toTopologicalSpace.{0} Real
                                (@PseudoMetricSpace.toUniformSpace.{0} Real Real.pseudoMetricSpace))
                              (@MeasureTheory.integral.{0, 0} (Fin L → Nat) Real Real.normedAddCommGroup
                                (@InnerProductSpace.toNormedSpace.{0, 0} Real Real Real.instRCLike
                                  (@NormedAddCommGroup.toSeminormedAddCommGroup.{0} Real Real.normedAddCommGroup)
                                  (@RCLike.toInnerProductSpaceReal.{0} Real Real.instRCLike))
                                (@MeasurableSpace.pi.{0, 0} (Fin L) (fun a => Nat) fun a => Nat.instMeasurableSpace)
                                (Luce.cycleVectorPoissonLaw f L) fun z =>
                                @DFunLike.coe.{1, 1, 1}
                                  (@BoundedContinuousFunction.{0, 0} (Fin L → Nat) Real
                                    (@Pi.topologicalSpace.{0, 0} (Fin L) (fun a => Nat) fun i =>
                                      instTopologicalSpaceNat)
                                    Real.pseudoMetricSpace)
                                  (Fin L → Nat) (fun x => Real)
                                  (@BoundedContinuousFunction.instFunLike.{0, 0} (Fin L → Nat) Real
                                    (@Pi.topologicalSpace.{0, 0} (Fin L) (fun a => Nat) fun i =>
                                      instTopologicalSpaceNat)
                                    Real.pseudoMetricSpace)
                                  F z)))
                        (@Filter.Tendsto.{0, 0} Nat Real
                          (fun n =>
                            @Luce.cycleVectorTotalVariation L
                              (@MeasureTheory.Measure.map.{u, 0} (Ω n) (Fin L → Nat) (mΩ n)
                                (@MeasurableSpace.pi.{0, 0} (Fin L) (fun a => Nat) fun a => Nat.instMeasurableSpace)
                                (fun ω => @Luce.cycleCountVector n L (π n ω)) (P n))
                              (Luce.cycleVectorPoissonLaw f L))
                          (@Filter.atTop.{0} Nat Nat.instPreorder)
                          (@nhds.{0} Real
                            (@UniformSpace.toTopologicalSpace.{0} Real
                              (@PseudoMetricSpace.toUniformSpace.{0} Real Real.pseudoMetricSpace))
                            (@OfNat.ofNat.{0} Real (nat_lit 0) (@Zero.toOfNat0.{0} Real Real.instZero)))))
'Luce.measurePreserving_block_uncurry' depends on axioms: [propext, Classical.choice.{u}, Quot.sound.{u}]
'Luce.integral_block_product' depends on axioms: [propext, Classical.choice.{u}, Quot.sound.{u}]
'Luce.block_density_integral_factorization' depends on axioms: [propext, Classical.choice.{u}, Quot.sound.{u}]
'Luce.cyclic_integral_reindex' depends on axioms: [propext, Classical.choice.{u}, Quot.sound.{u}]
'Luce.canonical_block_integral_eq_intensity_product' depends on axioms: [propext, Classical.choice.{u}, Quot.sound.{u}]
'Luce.bulk_joint_factorial_moments' depends on axioms: [propext, Classical.choice.{u}, Quot.sound.{u}]
'Luce.bulk_cycle_first_moment' depends on axioms: [propext, Classical.choice.{u}, Quot.sound.{u}]
'Luce.bulk_cycle_trace_integrable' depends on axioms: [propext, Classical.choice.{u}, Quot.sound.{u}]
'Luce.bulk_cycle_intensity_nonneg' depends on axioms: [propext, Classical.choice.{u}, Quot.sound.{u}]
