⚠ [937/1131] Replayed Luce.Model
warning: Luce/Model.lean:191:59: Variable name `hk` is not explicitly referenced.

Hint: The binding can be removed (if unused) or named `_` (if used implicitly). Alternatively, prefix the name with `_` to silence this warning:
  [apply] _hk

Note: This linter can be disabled with `set_option linter.unusedVariables false`
⚠ [3186/3319] Replayed Luce.EndpointShells
warning: Luce/EndpointShells.lean:116:25: Used `tac1 <;> tac2` where `(tac1; tac2)` would suffice

Note: This linter can be disabled with `set_option linter.unnecessarySeqFocus false`
⚠ [3431/3448] Replayed Luce.Section6CriticalProfileBounds
warning: Luce/Section6CriticalProfileBounds.lean:89:33: Unused tactic linter: `ring` does nothing

Note: This linter can be disabled with `set_option linter.unusedTactic false`
warning: Luce/Section6CriticalProfileBounds.lean:89:33: this tactic is never executed

Note: This linter can be disabled with `set_option linter.unreachableTactic false`
⚠ [3447/3448] Replayed Luce.Section6CriticalPoleIntegrals
info: Luce/Section6CriticalPoleIntegrals.lean:137:93: Try this:
  [apply] ring_nf
  
  The `ring` tactic failed to close the goal. Use `ring_nf` to obtain a normal form.
    
  Note that `ring` works primarily in *commutative* rings. If you have a noncommutative ring, abelian group or module, consider using `noncomm_ring`, `abel` or `module` instead.
warning: Luce/Section6CriticalPoleIntegrals.lean:137:89: Used `tac1 <;> tac2` where `(tac1; tac2)` would suffice

Note: This linter can be disabled with `set_option linter.unnecessarySeqFocus false`
✔ [3448/3448] Built Luce.Section6CriticalPopulationEstimates (18s)
Build completed successfully (3448 jobs).
