⚠ [937/970] Replayed Luce.Model
warning: Luce/Model.lean:191:59: Variable name `hk` is not explicitly referenced.

Hint: The binding can be removed (if unused) or named `_` (if used implicitly). Alternatively, prefix the name with `_` to silence this warning:
  [apply] _hk

Note: This linter can be disabled with `set_option linter.unusedVariables false`
⚠ [3643/3824] Replayed Luce.RaceOrder
warning: Luce/RaceOrder.lean:16:4: Try `simp at hi` instead of `simpa using hi`

Note: This linter can be disabled with `set_option linter.unnecessarySimpa false`
warning: Luce/RaceOrder.lean:32:6: Try `simp at hi` instead of `simpa using hi`

Note: This linter can be disabled with `set_option linter.unnecessarySimpa false`
⚠ [3652/3824] Replayed Luce.ExponentialRace
warning: Luce/ExponentialRace.lean:27:2: Try this: 
  letI̵

The goal is a proposition, so `let` is preferred over `letI`.
The difference between `let` and `letI` is that `letI` inlines the value.
But this is not relevant for proofs because of proof irrelevance.

Note: This linter can be disabled with `set_option linter.style.haveILetI false`
warning: Luce/ExponentialRace.lean:35:2: Try this: 
  letI̵

The goal is a proposition, so `let` is preferred over `letI`.
The difference between `let` and `letI` is that `letI` inlines the value.
But this is not relevant for proofs because of proof irrelevance.

Note: This linter can be disabled with `set_option linter.style.haveILetI false`
warning: Luce/ExponentialRace.lean:45:2: Try this: 
  letI̵

The goal is a proposition, so `let` is preferred over `letI`.
The difference between `let` and `letI` is that `letI` inlines the value.
But this is not relevant for proofs because of proof irrelevance.

Note: This linter can be disabled with `set_option linter.style.haveILetI false`
warning: Luce/ExponentialRace.lean:52:2: Try this: 
  letI̵

The goal is a proposition, so `let` is preferred over `letI`.
The difference between `let` and `letI` is that `letI` inlines the value.
But this is not relevant for proofs because of proof irrelevance.

Note: This linter can be disabled with `set_option linter.style.haveILetI false`
warning: Luce/ExponentialRace.lean:72:2: Try this: 
  letI̵

The goal is a proposition, so `let` is preferred over `letI`.
The difference between `let` and `letI` is that `letI` inlines the value.
But this is not relevant for proofs because of proof irrelevance.

Note: This linter can be disabled with `set_option linter.style.haveILetI false`
warning: Luce/ExponentialRace.lean:98:2: Try this: 
  letI̵

The goal is a proposition, so `let` is preferred over `letI`.
The difference between `let` and `letI` is that `letI` inlines the value.
But this is not relevant for proofs because of proof irrelevance.

Note: This linter can be disabled with `set_option linter.style.haveILetI false`
⚠ [3653/3824] Replayed Luce.ExponentialFacts
warning: Luce/ExponentialFacts.lean:30:2: Try this: 
  letI̵

The goal is a proposition, so `let` is preferred over `letI`.
The difference between `let` and `letI` is that `letI` inlines the value.
But this is not relevant for proofs because of proof irrelevance.

Note: This linter can be disabled with `set_option linter.style.haveILetI false`
warning: Luce/ExponentialFacts.lean:31:2: Try this: 
  letI̵

The goal is a proposition, so `let` is preferred over `letI`.
The difference between `let` and `letI` is that `letI` inlines the value.
But this is not relevant for proofs because of proof irrelevance.

Note: This linter can be disabled with `set_option linter.style.haveILetI false`
warning: Luce/ExponentialFacts.lean:40:22: This simp argument is unused:
  eq_comm

Hint: Omit it from the simp argument list.
  [apply] simp [Set.diagonal]

Note: This linter can be disabled with `set_option linter.unusedSimpArgs false`
⚠ [3654/3824] Replayed Luce.Section5Resampling
warning: Luce/Section5Resampling.lean:26:2: Try this: 
  letI̵

The goal is a proposition, so `let` is preferred over `letI`.
The difference between `let` and `letI` is that `letI` inlines the value.
But this is not relevant for proofs because of proof irrelevance.

Note: This linter can be disabled with `set_option linter.style.haveILetI false`
warning: Luce/Section5Resampling.lean:49:2: Try this: 
  letI̵

The goal is a proposition, so `let` is preferred over `letI`.
The difference between `let` and `letI` is that `letI` inlines the value.
But this is not relevant for proofs because of proof irrelevance.

Note: This linter can be disabled with `set_option linter.style.haveILetI false`
warning: Luce/Section5Resampling.lean:65:2: Try this: 
  letI̵

The goal is a proposition, so `let` is preferred over `letI`.
The difference between `let` and `letI` is that `letI` inlines the value.
But this is not relevant for proofs because of proof irrelevance.

Note: This linter can be disabled with `set_option linter.style.haveILetI false`
warning: Luce/Section5Resampling.lean:92:2: Try this: 
  letI̵

The goal is a proposition, so `let` is preferred over `letI`.
The difference between `let` and `letI` is that `letI` inlines the value.
But this is not relevant for proofs because of proof irrelevance.

Note: This linter can be disabled with `set_option linter.style.haveILetI false`
⚠ [3655/3824] Replayed Luce.Section5WindowProbability
warning: Luce/Section5WindowProbability.lean:188:2: Try this: 
  letI̵

The goal is a proposition, so `let` is preferred over `letI`.
The difference between `let` and `letI` is that `letI` inlines the value.
But this is not relevant for proofs because of proof irrelevance.

Note: This linter can be disabled with `set_option linter.style.haveILetI false`
⚠ [3656/3824] Replayed Luce.Section5FiniteInsertion
warning: Luce/Section5FiniteInsertion.lean:75:2: Try this: 
  letI̵

The goal is a proposition, so `let` is preferred over `letI`.
The difference between `let` and `letI` is that `letI` inlines the value.
But this is not relevant for proofs because of proof irrelevance.

Note: This linter can be disabled with `set_option linter.style.haveILetI false`
warning: Luce/Section5FiniteInsertion.lean:249:2: Try this: 
  letI̵

The goal is a proposition, so `let` is preferred over `letI`.
The difference between `let` and `letI` is that `letI` inlines the value.
But this is not relevant for proofs because of proof irrelevance.

Note: This linter can be disabled with `set_option linter.style.haveILetI false`
⚠ [3661/3824] Replayed Luce.Section65CoreCountComparison
warning: Luce/Section65CoreCountComparison.lean:80:4: `push_neg` has been deprecated. Prefer using `push Not` instead.
If you'd rather continue using `push_neg` in your project, you can implement it as follows:
```
open Lean.Parser.Tactic in
macro "push_neg" cfg:optConfig loc:(location)? : tactic =>
  `(tactic| push $cfg:optConfig Not $[$loc]?)
```
⚠ [3676/3824] Replayed Luce.Section6IncrementDensity
warning: Luce/Section6IncrementDensity.lean:61:63: Variable name `hq` is not explicitly referenced.

Hint: The binding can be removed (if unused) or named `_` (if used implicitly). Alternatively, prefix the name with `_` to silence this warning:
  [apply] _hq

Note: This linter can be disabled with `set_option linter.unusedVariables false`
⚠ [3688/3824] Replayed Luce.Section6LogCells
warning: Luce/Section6LogCells.lean:81:42: Variable name `hA` is not explicitly referenced.

Hint: The binding can be removed (if unused) or named `_` (if used implicitly). Alternatively, prefix the name with `_` to silence this warning:
  [apply] _hA

Note: This linter can be disabled with `set_option linter.unusedVariables false`
ℹ [3691/3824] Replayed Luce.Section6ExcursionDepthSums
info: Luce/Section6ExcursionDepthSums.lean:48:50: Try this:
  [apply] ring_nf
  
  The `ring` tactic failed to close the goal. Use `ring_nf` to obtain a normal form.
    
  Note that `ring` works primarily in *commutative* rings. If you have a noncommutative ring, abelian group or module, consider using `noncomm_ring`, `abel` or `module` instead.
⚠ [3696/3824] Replayed Luce.Section6UniformCycleConstants
warning: Luce/Section6UniformCycleConstants.lean:35:26: Variable name `hC` is not explicitly referenced.

Hint: The binding can be removed (if unused) or named `_` (if used implicitly). Alternatively, prefix the name with `_` to silence this warning:
  [apply] _hC

Note: This linter can be disabled with `set_option linter.unusedVariables false`
⚠ [3697/3824] Replayed Luce.Section5GapTaylor
warning: Luce/Section5GapTaylor.lean:44:2: Try this: 
  letI̵

The goal is a proposition, so `let` is preferred over `letI`.
The difference between `let` and `letI` is that `letI` inlines the value.
But this is not relevant for proofs because of proof irrelevance.

Note: This linter can be disabled with `set_option linter.style.haveILetI false`
warning: Luce/Section5GapTaylor.lean:50:15: `Set.mem_diff` has been deprecated: Use `Set.mem_sdiff` instead
warning: Luce/Section5GapTaylor.lean:164:67: Used `tac1 <;> tac2` where `(tac1; tac2)` would suffice

Note: This linter can be disabled with `set_option linter.unnecessarySeqFocus false`
⚠ [3698/3824] Replayed Luce.Section5GapMoments
warning: Luce/Section5GapMoments.lean:65:2: Try this: 
  letI̵

The goal is a proposition, so `let` is preferred over `letI`.
The difference between `let` and `letI` is that `letI` inlines the value.
But this is not relevant for proofs because of proof irrelevance.

Note: This linter can be disabled with `set_option linter.style.haveILetI false`
warning: Luce/Section5GapMoments.lean:73:2: Try this: 
  letI̵

The goal is a proposition, so `let` is preferred over `letI`.
The difference between `let` and `letI` is that `letI` inlines the value.
But this is not relevant for proofs because of proof irrelevance.

Note: This linter can be disabled with `set_option linter.style.haveILetI false`
warning: Luce/Section5GapMoments.lean:99:8: `MeasureTheory.integrable_finset_sum` has been deprecated: Use `MeasureTheory.integrable_finsetSum` instead
warning: Luce/Section5GapMoments.lean:108:6: `MeasureTheory.integral_finset_sum` has been deprecated: Use `MeasureTheory.integral_finsetSum` instead
⚠ [3699/3824] Replayed Luce.Section6OneGapMoment
warning: Luce/Section6OneGapMoment.lean:15:52: Variable name `ha` is not explicitly referenced.

Hint: The binding can be removed (if unused) or named `_` (if used implicitly). Alternatively, prefix the name with `_` to silence this warning:
  [apply] _ha

Note: This linter can be disabled with `set_option linter.unusedVariables false`
warning: Luce/Section6OneGapMoment.lean:15:65: Variable name `hh` is not explicitly referenced.

Hint: The binding can be removed (if unused) or named `_` (if used implicitly). Alternatively, prefix the name with `_` to silence this warning:
  [apply] _hh

Note: This linter can be disabled with `set_option linter.unusedVariables false`
warning: Luce/Section6OneGapMoment.lean:38:2: Try this: 
  letI̵

The goal is a proposition, so `let` is preferred over `letI`.
The difference between `let` and `letI` is that `letI` inlines the value.
But this is not relevant for proofs because of proof irrelevance.

Note: This linter can be disabled with `set_option linter.style.haveILetI false`
⚠ [3700/3824] Replayed Luce.ExponentialMemoryless
warning: Luce/ExponentialMemoryless.lean:18:2: Try this: 
  letI̵

The goal is a proposition, so `let` is preferred over `letI`.
The difference between `let` and `letI` is that `letI` inlines the value.
But this is not relevant for proofs because of proof irrelevance.

Note: This linter can be disabled with `set_option linter.style.haveILetI false`
⚠ [3701/3824] Replayed Luce.RankIntegral
warning: Luce/RankIntegral.lean:35:2: Try this: 
  letI̵

The goal is a proposition, so `let` is preferred over `letI`.
The difference between `let` and `letI` is that `letI` inlines the value.
But this is not relevant for proofs because of proof irrelevance.

Note: This linter can be disabled with `set_option linter.style.haveILetI false`
⚠ [3703/3824] Replayed Luce.FirstChoice
warning: Luce/FirstChoice.lean:26:2: Try this: 
  letI̵

The goal is a proposition, so `let` is preferred over `letI`.
The difference between `let` and `letI` is that `letI` inlines the value.
But this is not relevant for proofs because of proof irrelevance.

Note: This linter can be disabled with `set_option linter.style.haveILetI false`
⚠ [3705/3824] Replayed Luce.Section3RaceLaw
warning: Luce/Section3RaceLaw.lean:30:2: Try this: 
  letI̵

The goal is a proposition, so `let` is preferred over `letI`.
The difference between `let` and `letI` is that `letI` inlines the value.
But this is not relevant for proofs because of proof irrelevance.

Note: This linter can be disabled with `set_option linter.style.haveILetI false`
warning: Luce/Section3RaceLaw.lean:44:2: Try this: 
  letI̵

The goal is a proposition, so `let` is preferred over `letI`.
The difference between `let` and `letI` is that `letI` inlines the value.
But this is not relevant for proofs because of proof irrelevance.

Note: This linter can be disabled with `set_option linter.style.haveILetI false`
warning: Luce/Section3RaceLaw.lean:173:2: Try this: 
  letI̵

The goal is a proposition, so `let` is preferred over `letI`.
The difference between `let` and `letI` is that `letI` inlines the value.
But this is not relevant for proofs because of proof irrelevance.

Note: This linter can be disabled with `set_option linter.style.haveILetI false`
warning: Luce/Section3RaceLaw.lean:246:2: Try this: 
  letI̵

The goal is a proposition, so `let` is preferred over `letI`.
The difference between `let` and `letI` is that `letI` inlines the value.
But this is not relevant for proofs because of proof irrelevance.

Note: This linter can be disabled with `set_option linter.style.haveILetI false`
⚠ [3709/3824] Replayed Luce.EmpiricalRace
warning: Luce/EmpiricalRace.lean:32:25: Used `tac1 <;> tac2` where `(tac1; tac2)` would suffice

Note: This linter can be disabled with `set_option linter.unnecessarySeqFocus false`
warning: Luce/EmpiricalRace.lean:36:2: Try this: 
  letI̵

The goal is a proposition, so `let` is preferred over `letI`.
The difference between `let` and `letI` is that `letI` inlines the value.
But this is not relevant for proofs because of proof irrelevance.

Note: This linter can be disabled with `set_option linter.style.haveILetI false`
warning: Luce/EmpiricalRace.lean:47:2: Try this: 
  letI̵

The goal is a proposition, so `let` is preferred over `letI`.
The difference between `let` and `letI` is that `letI` inlines the value.
But this is not relevant for proofs because of proof irrelevance.

Note: This linter can be disabled with `set_option linter.style.haveILetI false`
warning: Luce/EmpiricalRace.lean:291:2: Unused tactic linter: `congr 1` does nothing

Note: This linter can be disabled with `set_option linter.unusedTactic false`
⚠ [3710/3824] Replayed Luce.Section3Mean
warning: Luce/Section3Mean.lean:86:2: Try this: 
  haveI̵

The goal is a proposition, so `have` is preferred over `haveI`.
The difference between `have` and `haveI` is that `haveI` inlines the value.
But this is not relevant for proofs because of proof irrelevance.

Note: This linter can be disabled with `set_option linter.style.haveILetI false`
warning: Luce/Section3Mean.lean:118:2: Try this: 
  haveI̵

The goal is a proposition, so `have` is preferred over `haveI`.
The difference between `have` and `haveI` is that `haveI` inlines the value.
But this is not relevant for proofs because of proof irrelevance.

Note: This linter can be disabled with `set_option linter.style.haveILetI false`
⚠ [3716/3824] Replayed Luce.Section3RaceDrawLaw
warning: Luce/Section3RaceDrawLaw.lean:72:2: Try this: 
  letI̵

The goal is a proposition, so `let` is preferred over `letI`.
The difference between `let` and `letI` is that `letI` inlines the value.
But this is not relevant for proofs because of proof irrelevance.

Note: This linter can be disabled with `set_option linter.style.haveILetI false`
⚠ [3717/3824] Replayed Luce.Section5GapLaw
warning: Luce/Section5GapLaw.lean:501:40: `Set.mem_setOf_eq` has been deprecated: Use `Set.mem_ofPred_eq` instead
⚠ [3719/3824] Replayed Luce.Section6GapStartIndependence
warning: Luce/Section6GapStartIndependence.lean:14:2: Try this: 
  letI̵

The goal is a proposition, so `let` is preferred over `letI`.
The difference between `let` and `letI` is that `letI` inlines the value.
But this is not relevant for proofs because of proof irrelevance.

Note: This linter can be disabled with `set_option linter.style.haveILetI false`
warning: Luce/Section6GapStartIndependence.lean:35:2: Try this: 
  letI̵

The goal is a proposition, so `let` is preferred over `letI`.
The difference between `let` and `letI` is that `letI` inlines the value.
But this is not relevant for proofs because of proof irrelevance.

Note: This linter can be disabled with `set_option linter.style.haveILetI false`
⚠ [3720/3824] Replayed Luce.Section6JointGapMoment
warning: Luce/Section6JointGapMoment.lean:9:2: Try this: 
  letI̵

The goal is a proposition, so `let` is preferred over `letI`.
The difference between `let` and `letI` is that `letI` inlines the value.
But this is not relevant for proofs because of proof irrelevance.

Note: This linter can be disabled with `set_option linter.style.haveILetI false`
warning: Luce/Section6JointGapMoment.lean:24:2: Try this: 
  letI̵

The goal is a proposition, so `let` is preferred over `letI`.
The difference between `let` and `letI` is that `letI` inlines the value.
But this is not relevant for proofs because of proof irrelevance.

Note: This linter can be disabled with `set_option linter.style.haveILetI false`
⚠ [3722/3824] Replayed Luce.Section5MarkedGaps
warning: Luce/Section5MarkedGaps.lean:158:2: Try this: 
  letI̵

The goal is a proposition, so `let` is preferred over `letI`.
The difference between `let` and `letI` is that `letI` inlines the value.
But this is not relevant for proofs because of proof irrelevance.

Note: This linter can be disabled with `set_option linter.style.haveILetI false`
warning: Luce/Section5MarkedGaps.lean:164:2: Try this: 
  letI̵

The goal is a proposition, so `let` is preferred over `letI`.
The difference between `let` and `letI` is that `letI` inlines the value.
But this is not relevant for proofs because of proof irrelevance.

Note: This linter can be disabled with `set_option linter.style.haveILetI false`
⚠ [3723/3824] Replayed Luce.Section5DeletedGaps
warning: Luce/Section5DeletedGaps.lean:35:54: Variable name `k` is not explicitly referenced.

Hint: The binding can be removed (if unused) or named `_` (if used implicitly). Alternatively, prefix the name with `_` to silence this warning:
  [apply] _k

Note: This linter can be disabled with `set_option linter.unusedVariables false`
warning: Luce/Section5DeletedGaps.lean:109:56: This simp argument is unused:
  Fin.val_mk

Hint: Omit it from the simp argument list.
  [apply] simp only [consecutiveGapLower, hq, dite_false, hl]

Note: This linter can be disabled with `set_option linter.unusedSimpArgs false`
⚠ [3730/3824] Replayed Luce.Section6OrderPartition
warning: Luce/Section6OrderPartition.lean:17:2: Try this: 
  letI̵

The goal is a proposition, so `let` is preferred over `letI`.
The difference between `let` and `letI` is that `letI` inlines the value.
But this is not relevant for proofs because of proof irrelevance.

Note: This linter can be disabled with `set_option linter.style.haveILetI false`
⚠ [3735/3824] Replayed Luce.EndpointShells
warning: Luce/EndpointShells.lean:116:25: Used `tac1 <;> tac2` where `(tac1; tac2)` would suffice

Note: This linter can be disabled with `set_option linter.unnecessarySeqFocus false`
⚠ [3754/3824] Replayed Luce.Section6LeftTailMean
warning: Luce/Section6LeftTailMean.lean:52:10: Unused tactic linter: `ring` does nothing

Note: This linter can be disabled with `set_option linter.unusedTactic false`
warning: Luce/Section6LeftTailMean.lean:52:10: this tactic is never executed

Note: This linter can be disabled with `set_option linter.unreachableTactic false`
⚠ [3762/3824] Replayed Luce.Section6GapStartTail
warning: Luce/Section6GapStartTail.lean:17:15: This simp argument is unused:
  Fin.val_mk

Hint: Omit it from the simp argument list.
  [apply] simp only at hb

Note: This linter can be disabled with `set_option linter.unusedSimpArgs false`
⚠ [3813/3824] Replayed Luce.Section5Occupation
warning: Luce/Section5Occupation.lean:94:2: Try this: 
  letI̵

The goal is a proposition, so `let` is preferred over `letI`.
The difference between `let` and `letI` is that `letI` inlines the value.
But this is not relevant for proofs because of proof irrelevance.

Note: This linter can be disabled with `set_option linter.style.haveILetI false`
⚠ [3816/3824] Replayed Luce.Section5LowCycleRows
warning: Luce/Section5LowCycleRows.lean:77:4: Try this: 
  haveI̵

The goal is a proposition, so `have` is preferred over `haveI`.
The difference between `have` and `haveI` is that `haveI` inlines the value.
But this is not relevant for proofs because of proof irrelevance.

Note: This linter can be disabled with `set_option linter.style.haveILetI false`
ℹ [3817/3824] Replayed Luce.Section6WeightedPaths
info: Luce/Section6WeightedPaths.lean:32:54: Try this:
  [apply] ring_nf
  
  The `ring` tactic failed to close the goal. Use `ring_nf` to obtain a normal form.
    
  Note that `ring` works primarily in *commutative* rings. If you have a noncommutative ring, abelian group or module, consider using `noncomm_ring`, `abel` or `module` instead.
⚠ [3855/4075] Replayed Luce.Section6WeightedKernelComparison
warning: Luce/Section6WeightedKernelComparison.lean:9:31: Variable name `hu` is not explicitly referenced.

Hint: The binding can be removed (if unused) or named `_` (if used implicitly). Alternatively, prefix the name with `_` to silence this warning:
  [apply] _hu

Note: This linter can be disabled with `set_option linter.unusedVariables false`
⚠ [3865/4075] Replayed Luce.Section6EarlyLeftLp
warning: Luce/Section6EarlyLeftLp.lean:35:21: Used `tac1 <;> tac2` where `(tac1; tac2)` would suffice

Note: This linter can be disabled with `set_option linter.unnecessarySeqFocus false`
warning: Luce/Section6EarlyLeftLp.lean:35:33: Used `tac1 <;> tac2` where `(tac1; tac2)` would suffice

Note: This linter can be disabled with `set_option linter.unnecessarySeqFocus false`
⚠ [3875/4075] Replayed Luce.Section6ShiftedKernelComparison
warning: Luce/Section6ShiftedKernelComparison.lean:17:5: Variable name `hx` is not explicitly referenced.

Hint: The binding can be removed (if unused) or named `_` (if used implicitly). Alternatively, prefix the name with `_` to silence this warning:
  [apply] _hx

Note: This linter can be disabled with `set_option linter.unusedVariables false`
⚠ [3878/4075] Replayed Luce.Section6OutsideLeftWeightedRow
warning: Luce/Section6OutsideLeftWeightedRow.lean:69:25: Used `tac1 <;> tac2` where `(tac1; tac2)` would suffice

Note: This linter can be disabled with `set_option linter.unnecessarySeqFocus false`
warning: Luce/Section6OutsideLeftWeightedRow.lean:69:71: Used `tac1 <;> tac2` where `(tac1; tac2)` would suffice

Note: This linter can be disabled with `set_option linter.unnecessarySeqFocus false`
warning: Luce/Section6OutsideLeftWeightedRow.lean:69:83: Used `tac1 <;> tac2` where `(tac1; tac2)` would suffice

Note: This linter can be disabled with `set_option linter.unnecessarySeqFocus false`
⚠ [3914/4075] Replayed Luce.Section6InteriorPopulationD
warning: Luce/Section6InteriorPopulationD.lean:52:28: Variable name `hsT` is not explicitly referenced.

Hint: The binding can be removed (if unused) or named `_` (if used implicitly). Alternatively, prefix the name with `_` to silence this warning:
  [apply] _hsT

Note: This linter can be disabled with `set_option linter.unusedVariables false`
⚠ [3916/4075] Replayed Luce.Section6LogarithmicReservoir
warning: Luce/Section6LogarithmicReservoir.lean:14:8: Unused tactic linter: `ring` does nothing

Note: This linter can be disabled with `set_option linter.unusedTactic false`
warning: Luce/Section6LogarithmicReservoir.lean:14:8: this tactic is never executed

Note: This linter can be disabled with `set_option linter.unreachableTactic false`
⚠ [3922/4075] Replayed Luce.Section6TerminalGapSurvival
warning: Luce/Section6TerminalGapSurvival.lean:16:15: This simp argument is unused:
  Fin.val_mk

Hint: Omit it from the simp argument list.
  [apply] simp only

Note: This linter can be disabled with `set_option linter.unusedSimpArgs false`
⚠ [3923/4075] Replayed Luce.Section6TerminalReference
warning: Luce/Section6TerminalReference.lean:17:13: This simp argument is unused:
  Fin.val_mk

Hint: Omit it from the simp argument list.
  [apply] simp only

Note: This linter can be disabled with `set_option linter.unusedSimpArgs false`
⚠ [3951/4075] Replayed Luce.Section6LogExcursionProbability
warning: Luce/Section6LogExcursionProbability.lean:54:73: Unused tactic linter: `ring` does nothing

Note: This linter can be disabled with `set_option linter.unusedTactic false`
warning: Luce/Section6LogExcursionProbability.lean:77:73: Unused tactic linter: `ring` does nothing

Note: This linter can be disabled with `set_option linter.unusedTactic false`
warning: Luce/Section6LogExcursionProbability.lean:54:73: this tactic is never executed

Note: This linter can be disabled with `set_option linter.unreachableTactic false`
warning: Luce/Section6LogExcursionProbability.lean:77:73: this tactic is never executed

Note: This linter can be disabled with `set_option linter.unreachableTactic false`
⚠ [3956/4075] Replayed Luce.Section5FactorialExpectation
warning: Luce/Section5FactorialExpectation.lean:41:39: `Set.mem_setOf_eq` has been deprecated: Use `Set.mem_ofPred_eq` instead
⚠ [3997/4075] Replayed Luce.Predictable
warning: Luce/Predictable.lean:110:31: Used `tac1 <;> tac2` where `(tac1; tac2)` would suffice

Note: This linter can be disabled with `set_option linter.unnecessarySeqFocus false`
⚠ [4002/4075] Replayed Luce.Section3Convergence
warning: Luce/Section3Convergence.lean:14:0: automatically included section variable(s) unused in theorem `Luce.ConvergesInProbability.deterministic`:
  [∀ (n : ℕ), IsProbabilityMeasure (μ n)]
consider restructuring your `variable` declarations so that the variables are not in scope or explicitly omit them:
  omit [∀ (n : ℕ), IsProbabilityMeasure (μ n)] in theorem ...

Note: This linter can be disabled with `set_option linter.unusedSectionVars false`
⚠ [4004/4075] Replayed Luce.Section3Survival
warning: Luce/Section3Survival.lean:42:27: Used `tac1 <;> tac2` where `(tac1; tac2)` would suffice

Note: This linter can be disabled with `set_option linter.unnecessarySeqFocus false`
⚠ [4007/4075] Replayed Luce.Section3CompensatorLimit
warning: Luce/Section3CompensatorLimit.lean:152:29: `Set.preimage_setOf_eq` has been deprecated: Use `Set.preimage_ofPred_eq` instead
⚠ [4010/4075] Replayed Luce.DrawHistory
warning: Luce/DrawHistory.lean:17:0: Definition `Luce.drawHistory` of class type is semireducible. Most type class instances should be instance-reducible, so consider marking this
definition with `@[instance_reducible]`. If it is intentionally semireducible, this warning can be disabled with `set_option warn.classDefReducibility false`.
⚠ [4048/4075] Replayed Luce.Section5BlockIntegral
warning: Luce/Section5BlockIntegral.lean:48:23: This simp argument is unused:
  Equiv.symm_apply_apply

Hint: Omit it from the simp argument list.
  [apply] simp only [MeasurableEquiv.coe_piCongrLeft, Equiv.piCongrLeft_apply_apply, Equiv.trans_apply]

Note: This linter can be disabled with `set_option linter.unusedSimpArgs false`
⚠ [4057/4075] Replayed Luce.Section6ExponentialProductDensity
warning: Luce/Section6ExponentialProductDensity.lean:25:2: Try this: 
  letI̵

The goal is a proposition, so `let` is preferred over `letI`.
The difference between `let` and `letI` is that `letI` inlines the value.
But this is not relevant for proofs because of proof irrelevance.

Note: This linter can be disabled with `set_option linter.style.haveILetI false`
⚠ [4060/4075] Replayed Luce.Section5FactorialPolynomials
warning: Luce/Section5FactorialPolynomials.lean:39:8: `tendsto_finset_sum` has been deprecated: Use `tendsto_finsetSum` instead
⚠ [4062/4075] Replayed Luce.Section5SieveSeries
warning: Luce/Section5SieveSeries.lean:22:12: `tendsto_finset_prod` has been deprecated: Use `tendsto_finsetProd` instead
warning: Luce/Section5SieveSeries.lean:43:20: Used `tac1 <;> tac2` where `(tac1; tac2)` would suffice

Note: This linter can be disabled with `set_option linter.unnecessarySeqFocus false`
warning: Luce/Section5SieveSeries.lean:43:32: Used `tac1 <;> tac2` where `(tac1; tac2)` would suffice

Note: This linter can be disabled with `set_option linter.unnecessarySeqFocus false`
warning: Luce/Section5SieveSeries.lean:51:2: `tendsto_finset_prod` has been deprecated: Use `tendsto_finsetProd` instead
⚠ [4064/4075] Replayed Luce.Section5BulkPointProbability
warning: Luce/Section5BulkPointProbability.lean:47:35: `Set.mem_setOf_eq` has been deprecated: Use `Set.mem_ofPred_eq` instead
⚠ [4065/4075] Replayed Luce.Section6MaximumRootExpectation
warning: Luce/Section6MaximumRootExpectation.lean:55:37: `Set.mem_setOf_eq` has been deprecated: Use `Set.mem_ofPred_eq` instead
⚠ [4068/4075] Replayed Luce.Section6LogExcursionExpectation
warning: Luce/Section6LogExcursionExpectation.lean:36:10: This simp argument is unused:
  logarithmicExcursionCount

Hint: Omit it from the simp argument list.
  [apply] simp [P]

Note: This linter can be disabled with `set_option linter.unusedSimpArgs false`
⚠ [4069/4075] Replayed Luce.Section6RegularCycleBounds
warning: Luce/Section6RegularCycleBounds.lean:19:53: This simp argument is unused:
  selectedRootCycleCount

Hint: Omit it from the simp argument list.
  [apply] simp

Note: This linter can be disabled with `set_option linter.unusedSimpArgs false`
warning: Luce/Section6RegularCycleBounds.lean:62:2: Try this: 
  letI̵

The goal is a proposition, so `let` is preferred over `letI`.
The difference between `let` and `letI` is that `letI` inlines the value.
But this is not relevant for proofs because of proof irrelevance.

Note: This linter can be disabled with `set_option linter.style.haveILetI false`
⚠ [4070/4075] Replayed Luce.Section6RightDiscardedExpectation
warning: Luce/Section6RightDiscardedExpectation.lean:39:10: This simp argument is unused:
  intervalDiscardedCycleCount

Hint: Omit it from the simp argument list.
  [apply] simp [cornerDistance, terminalDepth, P]

Note: This linter can be disabled with `set_option linter.unusedSimpArgs false`
⚠ [4071/4075] Replayed Luce.Section6LeftDiscardedExpectation
warning: Luce/Section6LeftDiscardedExpectation.lean:58:12: Unused tactic linter: `ring` does nothing

Note: This linter can be disabled with `set_option linter.unusedTactic false`
warning: Luce/Section6LeftDiscardedExpectation.lean:58:12: this tactic is never executed

Note: This linter can be disabled with `set_option linter.unreachableTactic false`
⚠ [4075/4075] Built Luce.Section65SpatialCoreComparison (15s)
warning: Luce/Section65SpatialCoreComparison.lean:37:72: Unused tactic linter: `ext d` does nothing

Note: This linter can be disabled with `set_option linter.unusedTactic false`
warning: Luce/Section65SpatialCoreComparison.lean:37:82: Unused tactic linter: `simp` does nothing

Note: This linter can be disabled with `set_option linter.unusedTactic false`
warning: Luce/Section65SpatialCoreComparison.lean:37:72: this tactic is never executed

Note: This linter can be disabled with `set_option linter.unreachableTactic false`
warning: Luce/Section65SpatialCoreComparison.lean:37:82: this tactic is never executed

Note: This linter can be disabled with `set_option linter.unreachableTactic false`
warning: Luce/Section65SpatialCoreComparison.lean:37:56: Used `tac1 <;> tac2` where `(tac1; tac2)` would suffice

Note: This linter can be disabled with `set_option linter.unnecessarySeqFocus false`
warning: Luce/Section65SpatialCoreComparison.lean:75:18: Unused tactic linter: `ext d` does nothing

Note: This linter can be disabled with `set_option linter.unusedTactic false`
warning: Luce/Section65SpatialCoreComparison.lean:75:28: Unused tactic linter: `simp` does nothing

Note: This linter can be disabled with `set_option linter.unusedTactic false`
warning: Luce/Section65SpatialCoreComparison.lean:75:18: this tactic is never executed

Note: This linter can be disabled with `set_option linter.unreachableTactic false`
warning: Luce/Section65SpatialCoreComparison.lean:75:28: this tactic is never executed

Note: This linter can be disabled with `set_option linter.unreachableTactic false`
warning: Luce/Section65SpatialCoreComparison.lean:74:87: Used `tac1 <;> tac2` where `(tac1; tac2)` would suffice

Note: This linter can be disabled with `set_option linter.unnecessarySeqFocus false`
Build completed successfully (4075 jobs).
