⚠ [937/999] Replayed Luce.Model
warning: Luce/Model.lean:191:59: Variable name `hk` is not explicitly referenced.

Hint: The binding can be removed (if unused) or named `_` (if used implicitly). Alternatively, prefix the name with `_` to silence this warning:
  [apply] _hk

Note: This linter can be disabled with `set_option linter.unusedVariables false`
⚠ [3642/3828] Replayed Luce.RaceOrder
warning: Luce/RaceOrder.lean:16:4: Try `simp at hi` instead of `simpa using hi`

Note: This linter can be disabled with `set_option linter.unnecessarySimpa false`
warning: Luce/RaceOrder.lean:32:6: Try `simp at hi` instead of `simpa using hi`

Note: This linter can be disabled with `set_option linter.unnecessarySimpa false`
⚠ [3651/3828] Replayed Luce.ExponentialRace
warning: Luce/ExponentialRace.lean:27:2: Try this: 
  letI̵

The goal is a proposition, so `let` is preferred over `letI`.
The difference between `let` and `letI` is that `letI` inlines the value.
But this is not relevant for proofs because of proof irrelevance.

Note: This linter can be disabled with `set_option linter.style.haveILetI false`
warning: Luce/ExponentialRace.lean:35:2: Try this: 
  letI̵

The goal is a proposition, so `let` is preferred over `letI`.
The difference between `let` and `letI` is that `letI` inlines the value.
But this is not relevant for proofs because of proof irrelevance.

Note: This linter can be disabled with `set_option linter.style.haveILetI false`
warning: Luce/ExponentialRace.lean:45:2: Try this: 
  letI̵

The goal is a proposition, so `let` is preferred over `letI`.
The difference between `let` and `letI` is that `letI` inlines the value.
But this is not relevant for proofs because of proof irrelevance.

Note: This linter can be disabled with `set_option linter.style.haveILetI false`
warning: Luce/ExponentialRace.lean:52:2: Try this: 
  letI̵

The goal is a proposition, so `let` is preferred over `letI`.
The difference between `let` and `letI` is that `letI` inlines the value.
But this is not relevant for proofs because of proof irrelevance.

Note: This linter can be disabled with `set_option linter.style.haveILetI false`
warning: Luce/ExponentialRace.lean:72:2: Try this: 
  letI̵

The goal is a proposition, so `let` is preferred over `letI`.
The difference between `let` and `letI` is that `letI` inlines the value.
But this is not relevant for proofs because of proof irrelevance.

Note: This linter can be disabled with `set_option linter.style.haveILetI false`
warning: Luce/ExponentialRace.lean:98:2: Try this: 
  letI̵

The goal is a proposition, so `let` is preferred over `letI`.
The difference between `let` and `letI` is that `letI` inlines the value.
But this is not relevant for proofs because of proof irrelevance.

Note: This linter can be disabled with `set_option linter.style.haveILetI false`
⚠ [3652/3828] Replayed Luce.ExponentialFacts
warning: Luce/ExponentialFacts.lean:30:2: Try this: 
  letI̵

The goal is a proposition, so `let` is preferred over `letI`.
The difference between `let` and `letI` is that `letI` inlines the value.
But this is not relevant for proofs because of proof irrelevance.

Note: This linter can be disabled with `set_option linter.style.haveILetI false`
warning: Luce/ExponentialFacts.lean:31:2: Try this: 
  letI̵

The goal is a proposition, so `let` is preferred over `letI`.
The difference between `let` and `letI` is that `letI` inlines the value.
But this is not relevant for proofs because of proof irrelevance.

Note: This linter can be disabled with `set_option linter.style.haveILetI false`
warning: Luce/ExponentialFacts.lean:40:22: This simp argument is unused:
  eq_comm

Hint: Omit it from the simp argument list.
  [apply] simp [Set.diagonal]

Note: This linter can be disabled with `set_option linter.unusedSimpArgs false`
⚠ [3653/3828] Replayed Luce.Section5Resampling
warning: Luce/Section5Resampling.lean:26:2: Try this: 
  letI̵

The goal is a proposition, so `let` is preferred over `letI`.
The difference between `let` and `letI` is that `letI` inlines the value.
But this is not relevant for proofs because of proof irrelevance.

Note: This linter can be disabled with `set_option linter.style.haveILetI false`
warning: Luce/Section5Resampling.lean:49:2: Try this: 
  letI̵

The goal is a proposition, so `let` is preferred over `letI`.
The difference between `let` and `letI` is that `letI` inlines the value.
But this is not relevant for proofs because of proof irrelevance.

Note: This linter can be disabled with `set_option linter.style.haveILetI false`
warning: Luce/Section5Resampling.lean:65:2: Try this: 
  letI̵

The goal is a proposition, so `let` is preferred over `letI`.
The difference between `let` and `letI` is that `letI` inlines the value.
But this is not relevant for proofs because of proof irrelevance.

Note: This linter can be disabled with `set_option linter.style.haveILetI false`
warning: Luce/Section5Resampling.lean:92:2: Try this: 
  letI̵

The goal is a proposition, so `let` is preferred over `letI`.
The difference between `let` and `letI` is that `letI` inlines the value.
But this is not relevant for proofs because of proof irrelevance.

Note: This linter can be disabled with `set_option linter.style.haveILetI false`
⚠ [3654/3828] Replayed Luce.Section5WindowProbability
warning: Luce/Section5WindowProbability.lean:188:2: Try this: 
  letI̵

The goal is a proposition, so `let` is preferred over `letI`.
The difference between `let` and `letI` is that `letI` inlines the value.
But this is not relevant for proofs because of proof irrelevance.

Note: This linter can be disabled with `set_option linter.style.haveILetI false`
⚠ [3655/3828] Replayed Luce.Section5FiniteInsertion
warning: Luce/Section5FiniteInsertion.lean:75:2: Try this: 
  letI̵

The goal is a proposition, so `let` is preferred over `letI`.
The difference between `let` and `letI` is that `letI` inlines the value.
But this is not relevant for proofs because of proof irrelevance.

Note: This linter can be disabled with `set_option linter.style.haveILetI false`
warning: Luce/Section5FiniteInsertion.lean:249:2: Try this: 
  letI̵

The goal is a proposition, so `let` is preferred over `letI`.
The difference between `let` and `letI` is that `letI` inlines the value.
But this is not relevant for proofs because of proof irrelevance.

Note: This linter can be disabled with `set_option linter.style.haveILetI false`
⚠ [3662/3828] Replayed Luce.Section5MarkedGaps
warning: Luce/Section5MarkedGaps.lean:158:2: Try this: 
  letI̵

The goal is a proposition, so `let` is preferred over `letI`.
The difference between `let` and `letI` is that `letI` inlines the value.
But this is not relevant for proofs because of proof irrelevance.

Note: This linter can be disabled with `set_option linter.style.haveILetI false`
warning: Luce/Section5MarkedGaps.lean:164:2: Try this: 
  letI̵

The goal is a proposition, so `let` is preferred over `letI`.
The difference between `let` and `letI` is that `letI` inlines the value.
But this is not relevant for proofs because of proof irrelevance.

Note: This linter can be disabled with `set_option linter.style.haveILetI false`
⚠ [3663/3828] Replayed Luce.Section5DeletedGaps
warning: Luce/Section5DeletedGaps.lean:35:54: Variable name `k` is not explicitly referenced.

Hint: The binding can be removed (if unused) or named `_` (if used implicitly). Alternatively, prefix the name with `_` to silence this warning:
  [apply] _k

Note: This linter can be disabled with `set_option linter.unusedVariables false`
warning: Luce/Section5DeletedGaps.lean:109:56: This simp argument is unused:
  Fin.val_mk

Hint: Omit it from the simp argument list.
  [apply] simp only [consecutiveGapLower, hq, dite_false, hl]

Note: This linter can be disabled with `set_option linter.unusedSimpArgs false`
⚠ [3671/3828] Replayed Luce.Section6ExponentialProductDensity
warning: Luce/Section6ExponentialProductDensity.lean:25:2: Try this: 
  letI̵

The goal is a proposition, so `let` is preferred over `letI`.
The difference between `let` and `letI` is that `letI` inlines the value.
But this is not relevant for proofs because of proof irrelevance.

Note: This linter can be disabled with `set_option linter.style.haveILetI false`
⚠ [3673/3828] Replayed Luce.Section5GapTaylor
warning: Luce/Section5GapTaylor.lean:44:2: Try this: 
  letI̵

The goal is a proposition, so `let` is preferred over `letI`.
The difference between `let` and `letI` is that `letI` inlines the value.
But this is not relevant for proofs because of proof irrelevance.

Note: This linter can be disabled with `set_option linter.style.haveILetI false`
warning: Luce/Section5GapTaylor.lean:50:15: `Set.mem_diff` has been deprecated: Use `Set.mem_sdiff` instead
warning: Luce/Section5GapTaylor.lean:164:67: Used `tac1 <;> tac2` where `(tac1; tac2)` would suffice

Note: This linter can be disabled with `set_option linter.unnecessarySeqFocus false`
⚠ [3674/3828] Replayed Luce.Section5GapMoments
warning: Luce/Section5GapMoments.lean:65:2: Try this: 
  letI̵

The goal is a proposition, so `let` is preferred over `letI`.
The difference between `let` and `letI` is that `letI` inlines the value.
But this is not relevant for proofs because of proof irrelevance.

Note: This linter can be disabled with `set_option linter.style.haveILetI false`
warning: Luce/Section5GapMoments.lean:73:2: Try this: 
  letI̵

The goal is a proposition, so `let` is preferred over `letI`.
The difference between `let` and `letI` is that `letI` inlines the value.
But this is not relevant for proofs because of proof irrelevance.

Note: This linter can be disabled with `set_option linter.style.haveILetI false`
warning: Luce/Section5GapMoments.lean:99:8: `MeasureTheory.integrable_finset_sum` has been deprecated: Use `MeasureTheory.integrable_finsetSum` instead
warning: Luce/Section5GapMoments.lean:108:6: `MeasureTheory.integral_finset_sum` has been deprecated: Use `MeasureTheory.integral_finsetSum` instead
⚠ [3675/3828] Replayed Luce.Section6OneGapMoment
warning: Luce/Section6OneGapMoment.lean:15:52: Variable name `ha` is not explicitly referenced.

Hint: The binding can be removed (if unused) or named `_` (if used implicitly). Alternatively, prefix the name with `_` to silence this warning:
  [apply] _ha

Note: This linter can be disabled with `set_option linter.unusedVariables false`
warning: Luce/Section6OneGapMoment.lean:15:65: Variable name `hh` is not explicitly referenced.

Hint: The binding can be removed (if unused) or named `_` (if used implicitly). Alternatively, prefix the name with `_` to silence this warning:
  [apply] _hh

Note: This linter can be disabled with `set_option linter.unusedVariables false`
warning: Luce/Section6OneGapMoment.lean:38:2: Try this: 
  letI̵

The goal is a proposition, so `let` is preferred over `letI`.
The difference between `let` and `letI` is that `letI` inlines the value.
But this is not relevant for proofs because of proof irrelevance.

Note: This linter can be disabled with `set_option linter.style.haveILetI false`
⚠ [3676/3828] Replayed Luce.ExponentialMemoryless
warning: Luce/ExponentialMemoryless.lean:18:2: Try this: 
  letI̵

The goal is a proposition, so `let` is preferred over `letI`.
The difference between `let` and `letI` is that `letI` inlines the value.
But this is not relevant for proofs because of proof irrelevance.

Note: This linter can be disabled with `set_option linter.style.haveILetI false`
⚠ [3677/3828] Replayed Luce.RankIntegral
warning: Luce/RankIntegral.lean:35:2: Try this: 
  letI̵

The goal is a proposition, so `let` is preferred over `letI`.
The difference between `let` and `letI` is that `letI` inlines the value.
But this is not relevant for proofs because of proof irrelevance.

Note: This linter can be disabled with `set_option linter.style.haveILetI false`
⚠ [3679/3828] Replayed Luce.FirstChoice
warning: Luce/FirstChoice.lean:26:2: Try this: 
  letI̵

The goal is a proposition, so `let` is preferred over `letI`.
The difference between `let` and `letI` is that `letI` inlines the value.
But this is not relevant for proofs because of proof irrelevance.

Note: This linter can be disabled with `set_option linter.style.haveILetI false`
⚠ [3681/3828] Replayed Luce.Section3RaceLaw
warning: Luce/Section3RaceLaw.lean:30:2: Try this: 
  letI̵

The goal is a proposition, so `let` is preferred over `letI`.
The difference between `let` and `letI` is that `letI` inlines the value.
But this is not relevant for proofs because of proof irrelevance.

Note: This linter can be disabled with `set_option linter.style.haveILetI false`
warning: Luce/Section3RaceLaw.lean:44:2: Try this: 
  letI̵

The goal is a proposition, so `let` is preferred over `letI`.
The difference between `let` and `letI` is that `letI` inlines the value.
But this is not relevant for proofs because of proof irrelevance.

Note: This linter can be disabled with `set_option linter.style.haveILetI false`
warning: Luce/Section3RaceLaw.lean:173:2: Try this: 
  letI̵

The goal is a proposition, so `let` is preferred over `letI`.
The difference between `let` and `letI` is that `letI` inlines the value.
But this is not relevant for proofs because of proof irrelevance.

Note: This linter can be disabled with `set_option linter.style.haveILetI false`
warning: Luce/Section3RaceLaw.lean:246:2: Try this: 
  letI̵

The goal is a proposition, so `let` is preferred over `letI`.
The difference between `let` and `letI` is that `letI` inlines the value.
But this is not relevant for proofs because of proof irrelevance.

Note: This linter can be disabled with `set_option linter.style.haveILetI false`
⚠ [3685/3828] Replayed Luce.EmpiricalRace
warning: Luce/EmpiricalRace.lean:32:25: Used `tac1 <;> tac2` where `(tac1; tac2)` would suffice

Note: This linter can be disabled with `set_option linter.unnecessarySeqFocus false`
warning: Luce/EmpiricalRace.lean:36:2: Try this: 
  letI̵

The goal is a proposition, so `let` is preferred over `letI`.
The difference between `let` and `letI` is that `letI` inlines the value.
But this is not relevant for proofs because of proof irrelevance.

Note: This linter can be disabled with `set_option linter.style.haveILetI false`
warning: Luce/EmpiricalRace.lean:47:2: Try this: 
  letI̵

The goal is a proposition, so `let` is preferred over `letI`.
The difference between `let` and `letI` is that `letI` inlines the value.
But this is not relevant for proofs because of proof irrelevance.

Note: This linter can be disabled with `set_option linter.style.haveILetI false`
warning: Luce/EmpiricalRace.lean:291:2: Unused tactic linter: `congr 1` does nothing

Note: This linter can be disabled with `set_option linter.unusedTactic false`
⚠ [3686/3828] Replayed Luce.Section3Mean
warning: Luce/Section3Mean.lean:86:2: Try this: 
  haveI̵

The goal is a proposition, so `have` is preferred over `haveI`.
The difference between `have` and `haveI` is that `haveI` inlines the value.
But this is not relevant for proofs because of proof irrelevance.

Note: This linter can be disabled with `set_option linter.style.haveILetI false`
warning: Luce/Section3Mean.lean:118:2: Try this: 
  haveI̵

The goal is a proposition, so `have` is preferred over `haveI`.
The difference between `have` and `haveI` is that `haveI` inlines the value.
But this is not relevant for proofs because of proof irrelevance.

Note: This linter can be disabled with `set_option linter.style.haveILetI false`
⚠ [3692/3828] Replayed Luce.Section3RaceDrawLaw
warning: Luce/Section3RaceDrawLaw.lean:72:2: Try this: 
  letI̵

The goal is a proposition, so `let` is preferred over `letI`.
The difference between `let` and `letI` is that `letI` inlines the value.
But this is not relevant for proofs because of proof irrelevance.

Note: This linter can be disabled with `set_option linter.style.haveILetI false`
⚠ [3693/3828] Replayed Luce.Section5GapLaw
warning: Luce/Section5GapLaw.lean:501:40: `Set.mem_setOf_eq` has been deprecated: Use `Set.mem_ofPred_eq` instead
⚠ [3695/3828] Replayed Luce.Section6GapStartIndependence
warning: Luce/Section6GapStartIndependence.lean:14:2: Try this: 
  letI̵

The goal is a proposition, so `let` is preferred over `letI`.
The difference between `let` and `letI` is that `letI` inlines the value.
But this is not relevant for proofs because of proof irrelevance.

Note: This linter can be disabled with `set_option linter.style.haveILetI false`
warning: Luce/Section6GapStartIndependence.lean:35:2: Try this: 
  letI̵

The goal is a proposition, so `let` is preferred over `letI`.
The difference between `let` and `letI` is that `letI` inlines the value.
But this is not relevant for proofs because of proof irrelevance.

Note: This linter can be disabled with `set_option linter.style.haveILetI false`
⚠ [3696/3828] Replayed Luce.Section6JointGapMoment
warning: Luce/Section6JointGapMoment.lean:9:2: Try this: 
  letI̵

The goal is a proposition, so `let` is preferred over `letI`.
The difference between `let` and `letI` is that `letI` inlines the value.
But this is not relevant for proofs because of proof irrelevance.

Note: This linter can be disabled with `set_option linter.style.haveILetI false`
warning: Luce/Section6JointGapMoment.lean:24:2: Try this: 
  letI̵

The goal is a proposition, so `let` is preferred over `letI`.
The difference between `let` and `letI` is that `letI` inlines the value.
But this is not relevant for proofs because of proof irrelevance.

Note: This linter can be disabled with `set_option linter.style.haveILetI false`
⚠ [3704/3828] Replayed Luce.Section6OrderPartition
warning: Luce/Section6OrderPartition.lean:17:2: Try this: 
  letI̵

The goal is a proposition, so `let` is preferred over `letI`.
The difference between `let` and `letI` is that `letI` inlines the value.
But this is not relevant for proofs because of proof irrelevance.

Note: This linter can be disabled with `set_option linter.style.haveILetI false`
⚠ [3715/3828] Replayed Luce.EndpointShells
warning: Luce/EndpointShells.lean:116:25: Used `tac1 <;> tac2` where `(tac1; tac2)` would suffice

Note: This linter can be disabled with `set_option linter.unnecessarySeqFocus false`
⚠ [3741/3828] Replayed Luce.Section6LeftTailMean
warning: Luce/Section6LeftTailMean.lean:52:10: Unused tactic linter: `ring` does nothing

Note: This linter can be disabled with `set_option linter.unusedTactic false`
warning: Luce/Section6LeftTailMean.lean:52:10: this tactic is never executed

Note: This linter can be disabled with `set_option linter.unreachableTactic false`
⚠ [3749/3828] Replayed Luce.Section6GapStartTail
warning: Luce/Section6GapStartTail.lean:17:15: This simp argument is unused:
  Fin.val_mk

Hint: Omit it from the simp argument list.
  [apply] simp only at hb

Note: This linter can be disabled with `set_option linter.unusedSimpArgs false`
⚠ [3799/3828] Replayed Luce.Section5Occupation
warning: Luce/Section5Occupation.lean:94:2: Try this: 
  letI̵

The goal is a proposition, so `let` is preferred over `letI`.
The difference between `let` and `letI` is that `letI` inlines the value.
But this is not relevant for proofs because of proof irrelevance.

Note: This linter can be disabled with `set_option linter.style.haveILetI false`
⚠ [3802/3828] Replayed Luce.Section5LowCycleRows
warning: Luce/Section5LowCycleRows.lean:77:4: Try this: 
  haveI̵

The goal is a proposition, so `have` is preferred over `haveI`.
The difference between `have` and `haveI` is that `haveI` inlines the value.
But this is not relevant for proofs because of proof irrelevance.

Note: This linter can be disabled with `set_option linter.style.haveILetI false`
⚠ [3836/4047] Replayed Luce.Section6WeightedKernelComparison
warning: Luce/Section6WeightedKernelComparison.lean:9:31: Variable name `hu` is not explicitly referenced.

Hint: The binding can be removed (if unused) or named `_` (if used implicitly). Alternatively, prefix the name with `_` to silence this warning:
  [apply] _hu

Note: This linter can be disabled with `set_option linter.unusedVariables false`
⚠ [3846/4047] Replayed Luce.Section6EarlyLeftLp
warning: Luce/Section6EarlyLeftLp.lean:35:21: Used `tac1 <;> tac2` where `(tac1; tac2)` would suffice

Note: This linter can be disabled with `set_option linter.unnecessarySeqFocus false`
warning: Luce/Section6EarlyLeftLp.lean:35:33: Used `tac1 <;> tac2` where `(tac1; tac2)` would suffice

Note: This linter can be disabled with `set_option linter.unnecessarySeqFocus false`
⚠ [3856/4047] Replayed Luce.Section6ShiftedKernelComparison
warning: Luce/Section6ShiftedKernelComparison.lean:17:5: Variable name `hx` is not explicitly referenced.

Hint: The binding can be removed (if unused) or named `_` (if used implicitly). Alternatively, prefix the name with `_` to silence this warning:
  [apply] _hx

Note: This linter can be disabled with `set_option linter.unusedVariables false`
⚠ [3859/4047] Replayed Luce.Section6OutsideLeftWeightedRow
warning: Luce/Section6OutsideLeftWeightedRow.lean:69:25: Used `tac1 <;> tac2` where `(tac1; tac2)` would suffice

Note: This linter can be disabled with `set_option linter.unnecessarySeqFocus false`
warning: Luce/Section6OutsideLeftWeightedRow.lean:69:71: Used `tac1 <;> tac2` where `(tac1; tac2)` would suffice

Note: This linter can be disabled with `set_option linter.unnecessarySeqFocus false`
warning: Luce/Section6OutsideLeftWeightedRow.lean:69:83: Used `tac1 <;> tac2` where `(tac1; tac2)` would suffice

Note: This linter can be disabled with `set_option linter.unnecessarySeqFocus false`
⚠ [3895/4047] Replayed Luce.Section6InteriorPopulationD
warning: Luce/Section6InteriorPopulationD.lean:52:28: Variable name `hsT` is not explicitly referenced.

Hint: The binding can be removed (if unused) or named `_` (if used implicitly). Alternatively, prefix the name with `_` to silence this warning:
  [apply] _hsT

Note: This linter can be disabled with `set_option linter.unusedVariables false`
⚠ [3897/4047] Replayed Luce.Section6LogarithmicReservoir
warning: Luce/Section6LogarithmicReservoir.lean:14:8: Unused tactic linter: `ring` does nothing

Note: This linter can be disabled with `set_option linter.unusedTactic false`
warning: Luce/Section6LogarithmicReservoir.lean:14:8: this tactic is never executed

Note: This linter can be disabled with `set_option linter.unreachableTactic false`
⚠ [3903/4047] Replayed Luce.Section6TerminalGapSurvival
warning: Luce/Section6TerminalGapSurvival.lean:16:15: This simp argument is unused:
  Fin.val_mk

Hint: Omit it from the simp argument list.
  [apply] simp only

Note: This linter can be disabled with `set_option linter.unusedSimpArgs false`
⚠ [3904/4047] Replayed Luce.Section6TerminalReference
warning: Luce/Section6TerminalReference.lean:17:13: This simp argument is unused:
  Fin.val_mk

Hint: Omit it from the simp argument list.
  [apply] simp only

Note: This linter can be disabled with `set_option linter.unusedSimpArgs false`
⚠ [3932/4047] Replayed Luce.Section5FactorialExpectation
warning: Luce/Section5FactorialExpectation.lean:41:39: `Set.mem_setOf_eq` has been deprecated: Use `Set.mem_ofPred_eq` instead
⚠ [3973/4047] Replayed Luce.Predictable
warning: Luce/Predictable.lean:110:31: Used `tac1 <;> tac2` where `(tac1; tac2)` would suffice

Note: This linter can be disabled with `set_option linter.unnecessarySeqFocus false`
⚠ [3978/4047] Replayed Luce.Section3Convergence
warning: Luce/Section3Convergence.lean:14:0: automatically included section variable(s) unused in theorem `Luce.ConvergesInProbability.deterministic`:
  [∀ (n : ℕ), IsProbabilityMeasure (μ n)]
consider restructuring your `variable` declarations so that the variables are not in scope or explicitly omit them:
  omit [∀ (n : ℕ), IsProbabilityMeasure (μ n)] in theorem ...

Note: This linter can be disabled with `set_option linter.unusedSectionVars false`
⚠ [3980/4047] Replayed Luce.Section3Survival
warning: Luce/Section3Survival.lean:42:27: Used `tac1 <;> tac2` where `(tac1; tac2)` would suffice

Note: This linter can be disabled with `set_option linter.unnecessarySeqFocus false`
⚠ [3983/4047] Replayed Luce.Section3CompensatorLimit
warning: Luce/Section3CompensatorLimit.lean:152:29: `Set.preimage_setOf_eq` has been deprecated: Use `Set.preimage_ofPred_eq` instead
⚠ [3986/4047] Replayed Luce.DrawHistory
warning: Luce/DrawHistory.lean:17:0: Definition `Luce.drawHistory` of class type is semireducible. Most type class instances should be instance-reducible, so consider marking this
definition with `@[instance_reducible]`. If it is intentionally semireducible, this warning can be disabled with `set_option warn.classDefReducibility false`.
⚠ [4024/4047] Replayed Luce.Section5BlockIntegral
warning: Luce/Section5BlockIntegral.lean:48:23: This simp argument is unused:
  Equiv.symm_apply_apply

Hint: Omit it from the simp argument list.
  [apply] simp only [MeasurableEquiv.coe_piCongrLeft, Equiv.piCongrLeft_apply_apply, Equiv.trans_apply]

Note: This linter can be disabled with `set_option linter.unusedSimpArgs false`
⚠ [4027/4047] Replayed Luce.Section5FactorialPolynomials
warning: Luce/Section5FactorialPolynomials.lean:39:8: `tendsto_finset_sum` has been deprecated: Use `tendsto_finsetSum` instead
⚠ [4029/4047] Replayed Luce.Section5SieveSeries
warning: Luce/Section5SieveSeries.lean:22:12: `tendsto_finset_prod` has been deprecated: Use `tendsto_finsetProd` instead
warning: Luce/Section5SieveSeries.lean:43:20: Used `tac1 <;> tac2` where `(tac1; tac2)` would suffice

Note: This linter can be disabled with `set_option linter.unnecessarySeqFocus false`
warning: Luce/Section5SieveSeries.lean:43:32: Used `tac1 <;> tac2` where `(tac1; tac2)` would suffice

Note: This linter can be disabled with `set_option linter.unnecessarySeqFocus false`
warning: Luce/Section5SieveSeries.lean:51:2: `tendsto_finset_prod` has been deprecated: Use `tendsto_finsetProd` instead
⚠ [4031/4047] Replayed Luce.Section5BulkPointProbability
warning: Luce/Section5BulkPointProbability.lean:47:35: `Set.mem_setOf_eq` has been deprecated: Use `Set.mem_ofPred_eq` instead
⚠ [4032/4047] Replayed Luce.Section6MaximumRootExpectation
warning: Luce/Section6MaximumRootExpectation.lean:55:37: `Set.mem_setOf_eq` has been deprecated: Use `Set.mem_ofPred_eq` instead
ℹ [4034/4047] Replayed Luce.Section6WeightedPaths
info: Luce/Section6WeightedPaths.lean:32:54: Try this:
  [apply] ring_nf
  
  The `ring` tactic failed to close the goal. Use `ring_nf` to obtain a normal form.
    
  Note that `ring` works primarily in *commutative* rings. If you have a noncommutative ring, abelian group or module, consider using `noncomm_ring`, `abel` or `module` instead.
ℹ [4041/4047] Replayed Luce.Section6ExcursionDepthSums
info: Luce/Section6ExcursionDepthSums.lean:48:50: Try this:
  [apply] ring_nf
  
  The `ring` tactic failed to close the goal. Use `ring_nf` to obtain a normal form.
    
  Note that `ring` works primarily in *commutative* rings. If you have a noncommutative ring, abelian group or module, consider using `noncomm_ring`, `abel` or `module` instead.
⚠ [4043/4047] Built Luce.Section6RegularCycleBounds (19s)
warning: Luce/Section6RegularCycleBounds.lean:19:53: This simp argument is unused:
  selectedRootCycleCount

Hint: Omit it from the simp argument list.
  [apply] simp

Note: This linter can be disabled with `set_option linter.unusedSimpArgs false`
warning: Luce/Section6RegularCycleBounds.lean:62:2: Try this: 
  letI̵

The goal is a proposition, so `let` is preferred over `letI`.
The difference between `let` and `letI` is that `letI` inlines the value.
But this is not relevant for proofs because of proof irrelevance.

Note: This linter can be disabled with `set_option linter.style.haveILetI false`
✔ [4044/4047] Built Luce.Section6Lemma67Contract (20s)
✖ [4045/4047] Building Luce.Section6LogExcursionProbability (20s)
trace: .> LEAN_PATH=D:\princeton\Research\Lean\Lean_luce\.lake\packages\Cli\.lake\build\lib\lean;D:\princeton\Research\Lean\Lean_luce\.lake\packages\batteries\.lake\build\lib\lean;D:\princeton\Research\Lean\Lean_luce\.lake\packages\Qq\.lake\build\lib\lean;D:\princeton\Research\Lean\Lean_luce\.lake\packages\aesop\.lake\build\lib\lean;D:\princeton\Research\Lean\Lean_luce\.lake\packages\proofwidgets\.lake\build\lib\lean;D:\princeton\Research\Lean\Lean_luce\.lake\packages\importGraph\.lake\build\lib\lean;D:\princeton\Research\Lean\Lean_luce\.lake\packages\LeanSearchClient\.lake\build\lib\lean;D:\princeton\Research\Lean\Lean_luce\.lake\packages\plausible\.lake\build\lib\lean;D:\princeton\Research\Lean\Lean_luce\.lake\packages\mathlib\.lake\build\lib\lean;D:\princeton\Research\Lean\Lean_luce\.lake\build\lib\lean c:\Users\JiaminWang\.elan\toolchains\leanprover--lean4---v4.33.1\bin\lean.exe D:\princeton\Research\Lean\Lean_luce\Luce\Section6LogExcursionProbability.lean -o D:\princeton\Research\Lean\Lean_luce\.lake\build\lib\lean\Luce\Section6LogExcursionProbability.olean -i D:\princeton\Research\Lean\Lean_luce\.lake\build\lib\lean\Luce\Section6LogExcursionProbability.ilean -c D:\princeton\Research\Lean\Lean_luce\.lake\build\ir\Luce\Section6LogExcursionProbability.c --setup D:\princeton\Research\Lean\Lean_luce\.lake\build\ir\Luce\Section6LogExcursionProbability.setup.json --json
error: Luce/Section6LogExcursionProbability.lean:42:2: unsolved goals
case e'_2
f : ℝ → ℝ
left : EndpointBehavior
c beta eta : ℝ
hp : PowerProfile f left (EndpointBehavior.power c beta eta)
k : ℕ
D d : ℝ
hD : 0 < D
hd : 0 < d
hd1 : d < 1
hroot :
  ∀ (grid : SamplingGrid) (w : WeightArray),
    SampledRates grid w f →
      ∀ (n : ℕ) (v : Fin n),
        ↑(terminalDepth v) / ↑n ≤ d →
          (exponentialRace (w n)).real {clocks | minimalPeriod (⇑(raceRankPermutation clocks)) v = k + 1} ≤
            D / ↑(terminalDepth v)
K q e : ℝ
hK : 0 < K
hq : 0 < q
he : 0 < e
he1 : e < 1
htail :
  ∀ (grid : SamplingGrid) (w : WeightArray),
    SampledRates grid w f →
      ∀ (n : ℕ) (v : Fin n) (B : ℝ),
        ↑(terminalDepth v) ≤ B →
          ↑(terminalDepth v) / ↑n ≤ e →
            (exponentialRace (w n)).real
                {clocks |
                  minimalPeriod (⇑(raceRankPermutation clocks)) v = k + 1 ∧
                    ∃ z ∈ (periodicOrbit (⇑(raceRankPermutation clocks)) v).toFinset, B < ↑(terminalDepth z)} ≤
              K / ↑(terminalDepth v) * (↑(terminalDepth v) ^ q / B ^ q)
grid : SamplingGrid
w : WeightArray
hw : SampledRates grid w f
n : ℕ
v : Fin n
R : ℝ
hR : 1 ≤ R
hv : ↑(cornerDistance Corner.right v) / ↑n ≤ min d e
hm : 0 < ↑(terminalDepth v)
hRp : 0 < R
hvd : ↑(terminalDepth v) / ↑n ≤ d
hve : ↑(terminalDepth v) / ↑n ≤ e
hcoef : D / ↑(terminalDepth v) ≤ (D + K) / ↑(terminalDepth v)
hR2 : R ≤ 2
hb :
  (exponentialRace (w n)).real {clocks | minimalPeriod (⇑(raceRankPermutation clocks)) v = k + 1} ≤
    D / ↑(terminalDepth v)
hsub :
  (exponentialRace (w n)).real (rootLogExcursionEvent Corner.right k v R) ≤
    (exponentialRace (w n)).real {clocks | minimalPeriod (⇑(raceRankPermutation clocks)) v = k + 1}
hfac : 1 ≤ 2 ^ q * R ^ (-q)
ht : D / ↑(terminalDepth v) ≤ D / ↑(terminalDepth v) * (2 ^ q * R ^ (-q))
hu : D / ↑(terminalDepth v) * (2 ^ q * R ^ (-q)) ≤ (D + K) / ↑(terminalDepth v) * (2 ^ q * R ^ (-q))
⊢ Real.instLE = Real.instPreorder.toLE
error: Luce/Section6LogExcursionProbability.lean:55:2: unsolved goals
case e'_2
f : ℝ → ℝ
left : EndpointBehavior
c beta eta : ℝ
hp : PowerProfile f left (EndpointBehavior.power c beta eta)
k : ℕ
D d : ℝ
hD : 0 < D
hd : 0 < d
hd1 : d < 1
hroot :
  ∀ (grid : SamplingGrid) (w : WeightArray),
    SampledRates grid w f →
      ∀ (n : ℕ) (v : Fin n),
        ↑(terminalDepth v) / ↑n ≤ d →
          (exponentialRace (w n)).real {clocks | minimalPeriod (⇑(raceRankPermutation clocks)) v = k + 1} ≤
            D / ↑(terminalDepth v)
K q e : ℝ
hK : 0 < K
hq : 0 < q
he : 0 < e
he1 : e < 1
htail :
  ∀ (grid : SamplingGrid) (w : WeightArray),
    SampledRates grid w f →
      ∀ (n : ℕ) (v : Fin n) (B : ℝ),
        ↑(terminalDepth v) ≤ B →
          ↑(terminalDepth v) / ↑n ≤ e →
            (exponentialRace (w n)).real
                {clocks |
                  minimalPeriod (⇑(raceRankPermutation clocks)) v = k + 1 ∧
                    ∃ z ∈ (periodicOrbit (⇑(raceRankPermutation clocks)) v).toFinset, B < ↑(terminalDepth z)} ≤
              K / ↑(terminalDepth v) * (↑(terminalDepth v) ^ q / B ^ q)
grid : SamplingGrid
w : WeightArray
hw : SampledRates grid w f
n : ℕ
v : Fin n
R : ℝ
hR : 1 ≤ R
hv : ↑(cornerDistance Corner.right v) / ↑n ≤ min d e
hm : 0 < ↑(terminalDepth v)
hRp : 0 < R
hvd : ↑(terminalDepth v) / ↑n ≤ d
hve : ↑(terminalDepth v) / ↑n ≤ e
hcoef : D / ↑(terminalDepth v) ≤ (D + K) / ↑(terminalDepth v)
hR2 : ¬R ≤ 2
hB : ↑(terminalDepth v) ≤ R * ↑(terminalDepth v) / 2
hb :
  (exponentialRace (w n)).real
      {clocks |
        minimalPeriod (⇑(raceRankPermutation clocks)) v = k + 1 ∧
          ∃ z ∈ (periodicOrbit (⇑(raceRankPermutation clocks)) v).toFinset,
            R * ↑(terminalDepth v) / 2 < ↑(terminalDepth z)} ≤
    K / ↑(terminalDepth v) * (2 ^ q * R ^ (-q))
hsub :
  (exponentialRace (w n)).real (rootLogExcursionEvent Corner.right k v R) ≤
    (exponentialRace (w n)).real
      {clocks |
        minimalPeriod (⇑(raceRankPermutation clocks)) v = k + 1 ∧
          ∃ z ∈ (periodicOrbit (⇑(raceRankPermutation clocks)) v).toFinset,
            R * ↑(terminalDepth v) / 2 < ↑(terminalDepth z)}
hu : K / ↑(terminalDepth v) * (2 ^ q * R ^ (-q)) ≤ (D + K) / ↑(terminalDepth v) * (2 ^ q * R ^ (-q))
⊢ Real.instLE = Real.instPreorder.toLE
error: Luce/Section6LogExcursionProbability.lean:100:2: unsolved goals
case e'_2
f : ℝ → ℝ
right : EndpointBehavior
c alpha eta : ℝ
hp : PowerProfile f (EndpointBehavior.power c alpha eta) right
k : ℕ
D d : ℝ
hD : 0 < D
hd : 0 < d
hd1 : d < 1
hroot :
  ∀ (grid : SamplingGrid) (w : WeightArray),
    SampledRates grid w f →
      ∀ (n : ℕ) (v : Fin n),
        (↑↑v + 1) / ↑n ≤ d →
          (exponentialRace (w n)).real {clocks | minimalPeriod (⇑(raceRankPermutation clocks)) v = k + 1} ≤
            D / (↑↑v + 1)
K q e : ℝ
hK : 0 < K
hq : 0 < q
he : 0 < e
he1 : e < 1
htail :
  ∀ (grid : SamplingGrid) (w : WeightArray),
    SampledRates grid w f →
      ∀ (n : ℕ) (v : Fin n) (A : ℝ),
        0 < A →
          A ≤ ↑↑v + 1 →
            (↑↑v + 1) / ↑n ≤ e →
              (exponentialRace (w n)).real
                  {clocks |
                    minimalPeriod (⇑(raceRankPermutation clocks)) v = k + 1 ∧
                      ∃ z ∈ (periodicOrbit (⇑(raceRankPermutation clocks)) v).toFinset, ↑↑z + 1 < A} ≤
                K / (↑↑v + 1) * (1 / (↑↑v + 1) ^ q / (1 / A ^ q))
grid : SamplingGrid
w : WeightArray
hw : SampledRates grid w f
n : ℕ
v : Fin n
R : ℝ
hR : 1 ≤ R
hv : (↑↑v + 1) / ↑n ≤ min d e
hm : 0 < ↑↑v + 1
hRp : 0 < R
hdist : ↑(cornerDistance Corner.left v) = ↑↑v + 1
hvd : (↑↑v + 1) / ↑n ≤ d
hve : (↑↑v + 1) / ↑n ≤ e
hR2 : R ≤ 2
hb : (exponentialRace (w n)).real {clocks | minimalPeriod (⇑(raceRankPermutation clocks)) v = k + 1} ≤ D / (↑↑v + 1)
hsub :
  (exponentialRace (w n)).real (rootLogExcursionEvent Corner.left k v R) ≤
    (exponentialRace (w n)).real {clocks | minimalPeriod (⇑(raceRankPermutation clocks)) v = k + 1}
ht : D / (↑↑v + 1) ≤ D / (↑↑v + 1) * (2 ^ q * R ^ (-q))
hu : D / (↑↑v + 1) * (2 ^ q * R ^ (-q)) ≤ (D + K) / (↑↑v + 1) * (2 ^ q * R ^ (-q))
⊢ Real.instLE = Real.instPreorder.toLE
error: Luce/Section6LogExcursionProbability.lean:113:2: unsolved goals
case e'_2
f : ℝ → ℝ
right : EndpointBehavior
c alpha eta : ℝ
hp : PowerProfile f (EndpointBehavior.power c alpha eta) right
k : ℕ
D d : ℝ
hD : 0 < D
hd : 0 < d
hd1 : d < 1
hroot :
  ∀ (grid : SamplingGrid) (w : WeightArray),
    SampledRates grid w f →
      ∀ (n : ℕ) (v : Fin n),
        (↑↑v + 1) / ↑n ≤ d →
          (exponentialRace (w n)).real {clocks | minimalPeriod (⇑(raceRankPermutation clocks)) v = k + 1} ≤
            D / (↑↑v + 1)
K q e : ℝ
hK : 0 < K
hq : 0 < q
he : 0 < e
he1 : e < 1
htail :
  ∀ (grid : SamplingGrid) (w : WeightArray),
    SampledRates grid w f →
      ∀ (n : ℕ) (v : Fin n) (A : ℝ),
        0 < A →
          A ≤ ↑↑v + 1 →
            (↑↑v + 1) / ↑n ≤ e →
              (exponentialRace (w n)).real
                  {clocks |
                    minimalPeriod (⇑(raceRankPermutation clocks)) v = k + 1 ∧
                      ∃ z ∈ (periodicOrbit (⇑(raceRankPermutation clocks)) v).toFinset, ↑↑z + 1 < A} ≤
                K / (↑↑v + 1) * (1 / (↑↑v + 1) ^ q / (1 / A ^ q))
grid : SamplingGrid
w : WeightArray
hw : SampledRates grid w f
n : ℕ
v : Fin n
R : ℝ
hR : 1 ≤ R
hv : (↑↑v + 1) / ↑n ≤ min d e
hm : 0 < ↑↑v + 1
hRp : 0 < R
hdist : ↑(cornerDistance Corner.left v) = ↑↑v + 1
hvd : (↑↑v + 1) / ↑n ≤ d
hve : (↑↑v + 1) / ↑n ≤ e
hR2 : ¬R ≤ 2
hA : 0 < 2 * (↑↑v + 1) / R
hAm : 2 * (↑↑v + 1) / R ≤ ↑↑v + 1
hb :
  (exponentialRace (w n)).real
      {clocks |
        minimalPeriod (⇑(raceRankPermutation clocks)) v = k + 1 ∧
          ∃ z ∈ (periodicOrbit (⇑(raceRankPermutation clocks)) v).toFinset, ↑↑z + 1 < 2 * (↑↑v + 1) / R} ≤
    K / (↑↑v + 1) * (2 ^ q * R ^ (-q))
hsub :
  (exponentialRace (w n)).real (rootLogExcursionEvent Corner.left k v R) ≤
    (exponentialRace (w n)).real
      {clocks |
        minimalPeriod (⇑(raceRankPermutation clocks)) v = k + 1 ∧
          ∃ z ∈ (periodicOrbit (⇑(raceRankPermutation clocks)) v).toFinset, ↑↑z + 1 < 2 * (↑↑v + 1) / R}
hu : K / (↑↑v + 1) * (2 ^ q * R ^ (-q)) ≤ (D + K) / (↑↑v + 1) * (2 ^ q * R ^ (-q))
⊢ Real.instLE = Real.instPreorder.toLE
error: Lean exited with code 1
✖ [4047/4047] Building Luce.Section6UniformCycleConstants (15s)
trace: .> LEAN_PATH=D:\princeton\Research\Lean\Lean_luce\.lake\packages\Cli\.lake\build\lib\lean;D:\princeton\Research\Lean\Lean_luce\.lake\packages\batteries\.lake\build\lib\lean;D:\princeton\Research\Lean\Lean_luce\.lake\packages\Qq\.lake\build\lib\lean;D:\princeton\Research\Lean\Lean_luce\.lake\packages\aesop\.lake\build\lib\lean;D:\princeton\Research\Lean\Lean_luce\.lake\packages\proofwidgets\.lake\build\lib\lean;D:\princeton\Research\Lean\Lean_luce\.lake\packages\importGraph\.lake\build\lib\lean;D:\princeton\Research\Lean\Lean_luce\.lake\packages\LeanSearchClient\.lake\build\lib\lean;D:\princeton\Research\Lean\Lean_luce\.lake\packages\plausible\.lake\build\lib\lean;D:\princeton\Research\Lean\Lean_luce\.lake\packages\mathlib\.lake\build\lib\lean;D:\princeton\Research\Lean\Lean_luce\.lake\build\lib\lean c:\Users\JiaminWang\.elan\toolchains\leanprover--lean4---v4.33.1\bin\lean.exe D:\princeton\Research\Lean\Lean_luce\Luce\Section6UniformCycleConstants.lean -o D:\princeton\Research\Lean\Lean_luce\.lake\build\lib\lean\Luce\Section6UniformCycleConstants.olean -i D:\princeton\Research\Lean\Lean_luce\.lake\build\lib\lean\Luce\Section6UniformCycleConstants.ilean -c D:\princeton\Research\Lean\Lean_luce\.lake\build\ir\Luce\Section6UniformCycleConstants.c --setup D:\princeton\Research\Lean\Lean_luce\.lake\build\ir\Luce\Section6UniformCycleConstants.setup.json --json
error: Luce/Section6UniformCycleConstants.lean:27:20: Unknown identifier `i`
warning: Luce/Section6UniformCycleConstants.lean:35:26: Variable name `hC` is not explicitly referenced.

Hint: The binding can be removed (if unused) or named `_` (if used implicitly). Alternatively, prefix the name with `_` to silence this warning:
  [apply] _hC

Note: This linter can be disabled with `set_option linter.unusedVariables false`
error: Lean exited with code 1
Some required targets logged failures:
- Luce.Section6LogExcursionProbability
- Luce.Section6UniformCycleConstants
error: build failed
