⚠ [937/1086] Replayed Luce.Model
warning: Luce/Model.lean:191:59: Variable name `hk` is not explicitly referenced.

Hint: The binding can be removed (if unused) or named `_` (if used implicitly). Alternatively, prefix the name with `_` to silence this warning:
  [apply] _hk

Note: This linter can be disabled with `set_option linter.unusedVariables false`
⚠ [3656/3676] Replayed Luce.Section6IncrementDensity
warning: Luce/Section6IncrementDensity.lean:61:63: Variable name `hq` is not explicitly referenced.

Hint: The binding can be removed (if unused) or named `_` (if used implicitly). Alternatively, prefix the name with `_` to silence this warning:
  [apply] _hq

Note: This linter can be disabled with `set_option linter.unusedVariables false`
ℹ [3673/3676] Replayed Luce.Section6ExcursionDepthSums
info: Luce/Section6ExcursionDepthSums.lean:48:50: Try this:
  [apply] ring_nf
  
  The `ring` tactic failed to close the goal. Use `ring_nf` to obtain a normal form.
    
  Note that `ring` works primarily in *commutative* rings. If you have a noncommutative ring, abelian group or module, consider using `noncomm_ring`, `abel` or `module` instead.
⚠ [3674/3676] Replayed Luce.Section6CriticalRangeDecay
warning: Luce/Section6CriticalRangeDecay.lean:35:62: Unused tactic linter: `ring` does nothing

Note: This linter can be disabled with `set_option linter.unusedTactic false`
warning: Luce/Section6CriticalRangeDecay.lean:35:62: this tactic is never executed

Note: This linter can be disabled with `set_option linter.unreachableTactic false`
warning: Luce/Section6CriticalRangeDecay.lean:63:81: Used `tac1 <;> tac2` where `(tac1; tac2)` would suffice

Note: This linter can be disabled with `set_option linter.unnecessarySeqFocus false`
✖ [3675/3676] Building Luce.Section6CriticalCycleExponential (16s)
trace: .> LEAN_PATH=D:\princeton\Research\Lean\Lean_luce\.lake\packages\Cli\.lake\build\lib\lean;D:\princeton\Research\Lean\Lean_luce\.lake\packages\batteries\.lake\build\lib\lean;D:\princeton\Research\Lean\Lean_luce\.lake\packages\Qq\.lake\build\lib\lean;D:\princeton\Research\Lean\Lean_luce\.lake\packages\aesop\.lake\build\lib\lean;D:\princeton\Research\Lean\Lean_luce\.lake\packages\proofwidgets\.lake\build\lib\lean;D:\princeton\Research\Lean\Lean_luce\.lake\packages\importGraph\.lake\build\lib\lean;D:\princeton\Research\Lean\Lean_luce\.lake\packages\LeanSearchClient\.lake\build\lib\lean;D:\princeton\Research\Lean\Lean_luce\.lake\packages\plausible\.lake\build\lib\lean;D:\princeton\Research\Lean\Lean_luce\.lake\packages\mathlib\.lake\build\lib\lean;D:\princeton\Research\Lean\Lean_luce\.lake\build\lib\lean c:\Users\JiaminWang\.elan\toolchains\leanprover--lean4---v4.33.1\bin\lean.exe D:\princeton\Research\Lean\Lean_luce\Luce\Section6CriticalCycleExponential.lean -o D:\princeton\Research\Lean\Lean_luce\.lake\build\lib\lean\Luce\Section6CriticalCycleExponential.olean -i D:\princeton\Research\Lean\Lean_luce\.lake\build\lib\lean\Luce\Section6CriticalCycleExponential.ilean -c D:\princeton\Research\Lean\Lean_luce\.lake\build\ir\Luce\Section6CriticalCycleExponential.c --setup D:\princeton\Research\Lean\Lean_luce\.lake\build\ir\Luce\Section6CriticalCycleExponential.setup.json --json
error: Luce/Section6CriticalCycleExponential.lean:31:28: typeclass instance problem is stuck
  Preorder ?m.265

Note: Lean will not try to resolve this typeclass instance problem because the type argument to `Preorder` is a metavariable. This argument must be fully determined before Lean will try to resolve the typeclass.

Hint: Adding type annotations and supplying implicit arguments to functions can give Lean more information for typeclass resolution. For example, if you have a variable `x` that you intend to be a `Nat`, but Lean reports it as having an unresolved type like `?m`, replacing `x` with `(x : Nat)` can get typeclass resolution un-stuck.
error: Luce/Section6CriticalCycleExponential.lean:44:4: Application type mismatch: The argument
  hdecay z R hz hR
has type
  Real.exp (-gamma * (Real.exp (R / d) / (z + R))) ≤ C * z ^ (1 / 2) * Real.exp (-R / (4 * d))
but is expected to have type
  Real.exp (-(gamma * (Real.exp (R / d) / (z + R)))) ≤ ?m.494
in the application
  LE.le.trans (Real.exp_le_exp.mpr (neg_le_neg (mul_le_mul_of_nonneg_left hsum (LT.lt.le hg)))) (hdecay z R hz hR)
error: Lean exited with code 1
Some required targets logged failures:
- Luce.Section6CriticalCycleExponential
error: build failed
