⚠ [937/1039] Replayed Luce.Model
warning: Luce/Model.lean:191:59: Variable name `hk` is not explicitly referenced.

Hint: The binding can be removed (if unused) or named `_` (if used implicitly). Alternatively, prefix the name with `_` to silence this warning:
  [apply] _hk

Note: This linter can be disabled with `set_option linter.unusedVariables false`
⚠ [1222/1224] Replayed Luce.Section6CategoryCycleBlocks
warning: Luce/Section6CategoryCycleBlocks.lean:17:0: automatically included section variable(s) unused in theorem `Luce.Section6.category_assignment_orbit_set`:
  [Fintype α]
consider restructuring your `variable` declarations so that the variables are not in scope or explicitly omit them:
  omit [Fintype α] in theorem ...

Note: This linter can be disabled with `set_option linter.unusedSectionVars false`
✔ [1223/1224] Built Luce.Section6CategoryCycleEquivalence (10s)
✖ [1224/1224] Building Luce.Section6CategoryCycleCounting (11s)
trace: .> LEAN_PATH=D:\princeton\Research\Lean\Lean_luce\.lake\packages\Cli\.lake\build\lib\lean;D:\princeton\Research\Lean\Lean_luce\.lake\packages\batteries\.lake\build\lib\lean;D:\princeton\Research\Lean\Lean_luce\.lake\packages\Qq\.lake\build\lib\lean;D:\princeton\Research\Lean\Lean_luce\.lake\packages\aesop\.lake\build\lib\lean;D:\princeton\Research\Lean\Lean_luce\.lake\packages\proofwidgets\.lake\build\lib\lean;D:\princeton\Research\Lean\Lean_luce\.lake\packages\importGraph\.lake\build\lib\lean;D:\princeton\Research\Lean\Lean_luce\.lake\packages\LeanSearchClient\.lake\build\lib\lean;D:\princeton\Research\Lean\Lean_luce\.lake\packages\plausible\.lake\build\lib\lean;D:\princeton\Research\Lean\Lean_luce\.lake\packages\mathlib\.lake\build\lib\lean;D:\princeton\Research\Lean\Lean_luce\.lake\build\lib\lean c:\Users\JiaminWang\.elan\toolchains\leanprover--lean4---v4.33.1\bin\lean.exe D:\princeton\Research\Lean\Lean_luce\Luce\Section6CategoryCycleCounting.lean -o D:\princeton\Research\Lean\Lean_luce\.lake\build\lib\lean\Luce\Section6CategoryCycleCounting.olean -i D:\princeton\Research\Lean\Lean_luce\.lake\build\lib\lean\Luce\Section6CategoryCycleCounting.ilean -c D:\princeton\Research\Lean\Lean_luce\.lake\build\ir\Luce\Section6CategoryCycleCounting.c --setup D:\princeton\Research\Lean\Lean_luce\.lake\build\ir\Luce\Section6CategoryCycleCounting.setup.json --json
error: Luce/Section6CategoryCycleCounting.lean:75:6: failed to synthesize instance of type class
  Decidable (∀ (b : CategoryCycleSlot r), P ?m.9 (categoryBlockVertexSet (⇑t) b))

Hint: Type class instance resolution failures can be inspected with the `set_option trace.Meta.synthInstance true` command.
error: Luce/Section6CategoryCycleCounting.lean:95:8: failed to synthesize instance of type class
  Decidable (∀ (b : CategoryCycleSlot r), P ?m.34 (categoryBlockVertexSet (⇑t) b))

Hint: Type class instance resolution failures can be inspected with the `set_option trace.Meta.synthInstance true` command.
error: Lean exited with code 1
Some required targets logged failures:
- Luce.Section6CategoryCycleCounting
error: build failed
