theorem Luce.Section6.TraceDensity68.convolution_bound : ∀ {p : Real → Real},
  Luce.Section6.TraceDensity68 p →
    ∀ {M : Real},
      (∀ (x : Real), @LE.le.{0} Real Real.instLE (p x) M) →
        ∀ (k : Nat) (x : Real), @LE.le.{0} Real Real.instLE (Luce.Section6.traceConvolution68 p k x) M :=
⋯
'Luce.Section6.TraceDensity68.convolution_bound' depends on axioms: [propext, Classical.choice.{u}, Quot.sound.{u}]
theorem Luce.Section6.TraceDensity68.convolution_continuous : ∀ {p : Real → Real},
  Luce.Section6.TraceDensity68 p →
    ∀ (k : Nat),
      @Continuous.{0, 0} Real Real
        (@UniformSpace.toTopologicalSpace.{0} Real (@PseudoMetricSpace.toUniformSpace.{0} Real Real.pseudoMetricSpace))
        (@UniformSpace.toTopologicalSpace.{0} Real (@PseudoMetricSpace.toUniformSpace.{0} Real Real.pseudoMetricSpace))
        (Luce.Section6.traceConvolution68 p k) :=
⋯
'Luce.Section6.TraceDensity68.convolution_continuous' depends on axioms: [propext, Classical.choice.{u}, Quot.sound.{u}]
theorem Luce.Section6.TraceDensity68.convolution_integrable : ∀ {p : Real → Real},
  Luce.Section6.TraceDensity68 p →
    ∀ (k : Nat),
      @MeasureTheory.Integrable.{0, 0} Real
        (@UniformSpace.toTopologicalSpace.{0} Real (@PseudoMetricSpace.toUniformSpace.{0} Real Real.pseudoMetricSpace))
        (@SeminormedAddGroup.toContinuousENorm.{0} Real
          (@SeminormedAddCommGroup.toSeminormedAddGroup.{0} Real
            (@NonUnitalSeminormedRing.toSeminormedAddCommGroup.{0} Real
              (@NonUnitalSeminormedCommRing.toNonUnitalSeminormedRing.{0} Real
                (@SeminormedCommRing.toNonUnitalSeminormedCommRing.{0} Real
                  (@NormedCommRing.toSeminormedCommRing.{0} Real Real.normedCommRing))))))
        Real (@MeasureTheory.MeasureSpace.toMeasurableSpace.{0} Real Real.measureSpace)
        (Luce.Section6.traceConvolution68 p k) (@MeasureTheory.MeasureSpace.volume.{0} Real Real.measureSpace) :=
⋯
'Luce.Section6.TraceDensity68.convolution_integrable' depends on axioms: [propext, Classical.choice.{u}, Quot.sound.{u}]
theorem Luce.Section6.TraceDensity68.convolution_nonneg : ∀ {p : Real → Real},
  Luce.Section6.TraceDensity68 p →
    ∀ (k : Nat) (x : Real),
      @LE.le.{0} Real Real.instLE (@OfNat.ofNat.{0} Real (nat_lit 0) (@Zero.toOfNat0.{0} Real Real.instZero))
        (Luce.Section6.traceConvolution68 p k x) :=
⋯
'Luce.Section6.TraceDensity68.convolution_nonneg' depends on axioms: [propext, Classical.choice.{u}, Quot.sound.{u}]
theorem Luce.Section6.TraceDensity68.reflect : ∀ {p : Real → Real},
  Luce.Section6.TraceDensity68 p → Luce.Section6.TraceDensity68 fun x => p (@Neg.neg.{0} Real Real.instNeg x) :=
⋯
'Luce.Section6.TraceDensity68.reflect' depends on axioms: [propext, Classical.choice.{u}, Quot.sound.{u}]
theorem Luce.FiniteAdaptedBernoulli.toProcess_cltCount.{u_1} : ∀ {Ω : Type u_1} [inst : MeasurableSpace.{u_1} Ω]
  {μ : @MeasureTheory.Measure.{u_1} Ω inst} [inst_1 : @MeasureTheory.IsProbabilityMeasure.{u_1} Ω inst μ] {N : Nat}
  (B : @Luce.FiniteAdaptedBernoulli.{u_1} Ω inst μ N) (ω : Ω),
  @Eq.{1} Real
    (@Luce.BernoulliProcess.cltCount.{u_1} Ω inst μ (@Luce.FiniteAdaptedBernoulli.toProcess.{u_1} Ω inst μ N B inst_1) N
      ω)
    (∑ k, @Luce.FiniteAdaptedBernoulli.observationReal.{u_1} Ω inst μ N B k ω) :=
⋯
'Luce.FiniteAdaptedBernoulli.toProcess_cltCount' depends on axioms: [propext, Classical.choice.{u}, Quot.sound.{u}]
theorem Luce.FiniteAdaptedBernoulli.toProcess_cltMass.{u_1} : ∀ {Ω : Type u_1} [inst : MeasurableSpace.{u_1} Ω]
  {μ : @MeasureTheory.Measure.{u_1} Ω inst} [inst_1 : @MeasureTheory.IsProbabilityMeasure.{u_1} Ω inst μ] {N : Nat}
  (B : @Luce.FiniteAdaptedBernoulli.{u_1} Ω inst μ N) (ω : Ω),
  @Eq.{1} Real
    (@Luce.BernoulliProcess.cltMass.{u_1} Ω inst μ (@Luce.FiniteAdaptedBernoulli.toProcess.{u_1} Ω inst μ N B inst_1) N
      ω)
    (∑ k, @Luce.FiniteAdaptedBernoulli.probability.{u_1} Ω inst μ N B k ω) :=
⋯
'Luce.FiniteAdaptedBernoulli.toProcess_cltMass' depends on axioms: [propext, Classical.choice.{u}, Quot.sound.{u}]
theorem Luce.FiniteAdaptedBernoulli.toProcess_cltSquares.{u_1} : ∀ {Ω : Type u_1} [inst : MeasurableSpace.{u_1} Ω]
  {μ : @MeasureTheory.Measure.{u_1} Ω inst} [inst_1 : @MeasureTheory.IsProbabilityMeasure.{u_1} Ω inst μ] {N : Nat}
  (B : @Luce.FiniteAdaptedBernoulli.{u_1} Ω inst μ N) (ω : Ω),
  @Eq.{1} Real
    (@Luce.BernoulliProcess.cltSquares.{u_1} Ω inst μ (@Luce.FiniteAdaptedBernoulli.toProcess.{u_1} Ω inst μ N B inst_1)
      N ω)
    (∑ k,
      @HPow.hPow.{0, 0, 0} Real Nat Real
        (@instHPow.{0, 0} Real Nat (@NPow.toPow.{0} Real (@Monoid.toNPow.{0} Real Real.instMonoid)))
        (@Luce.FiniteAdaptedBernoulli.probability.{u_1} Ω inst μ N B k ω)
        (@OfNat.ofNat.{0} Nat (nat_lit 2) (instOfNatNat (nat_lit 2)))) :=
⋯
'Luce.FiniteAdaptedBernoulli.toProcess_cltSquares' depends on axioms: [propext, Classical.choice.{u}, Quot.sound.{u}]
theorem Luce.FiniteAdaptedBernoulli.integral_observation_sum_eq_probability_sum.{u_1} : ∀ {Ω : Type u_1}
  [inst : MeasurableSpace.{u_1} Ω] {μ : @MeasureTheory.Measure.{u_1} Ω inst}
  [@MeasureTheory.IsProbabilityMeasure.{u_1} Ω inst μ] {N : Nat} (B : @Luce.FiniteAdaptedBernoulli.{u_1} Ω inst μ N),
  @Eq.{1} Real
    (@MeasureTheory.integral.{u_1, 0} Ω Real Real.normedAddCommGroup
      (@InnerProductSpace.toNormedSpace.{0, 0} Real Real Real.instRCLike
        (@NormedAddCommGroup.toSeminormedAddCommGroup.{0} Real Real.normedAddCommGroup)
        (@RCLike.toInnerProductSpaceReal.{0} Real Real.instRCLike))
      inst μ fun ω => ∑ k, @Luce.FiniteAdaptedBernoulli.observationReal.{u_1} Ω inst μ N B k ω)
    (@MeasureTheory.integral.{u_1, 0} Ω Real Real.normedAddCommGroup
      (@InnerProductSpace.toNormedSpace.{0, 0} Real Real Real.instRCLike
        (@NormedAddCommGroup.toSeminormedAddCommGroup.{0} Real Real.normedAddCommGroup)
        (@RCLike.toInnerProductSpaceReal.{0} Real Real.instRCLike))
      inst μ fun ω => ∑ k, @Luce.FiniteAdaptedBernoulli.probability.{u_1} Ω inst μ N B k ω) :=
⋯
'Luce.FiniteAdaptedBernoulli.integral_observation_sum_eq_probability_sum' depends on axioms: [propext,
 Classical.choice.{u},
 Quot.sound.{u}]
