def Luce.lateGhostKernel : {n : Nat} → Luce.Weights n → Nat → (Fin n → Real) → Fin n → Fin n → Real → Real :=
fun {n} w ell old u v s =>
  @HSub.hSub.{0, 0, 0} Real Real Real (@instHSub.{0} Real Real.instSub) (@Luce.ghostEntry n w ell old u v)
    (@Luce.earlyGhostKernel n w ell old u v s)
def Luce.terminalShellNumber : {n : Nat} → Fin n → Nat :=
fun {n} v =>
  @Nat.floor.{0} Real Real.semiring Real.partialOrder
    (@FloorRing.toFloorSemiring.{0} Real Real.instRing Real.linearOrder Real.instFloorRing)
    (Real.log
      (@HDiv.hDiv.{0, 0, 0} Real Real Real (@instHDiv.{0} Real (@DivInvMonoid.toDiv.{0} Real Real.instDivInvMonoid))
        (@Nat.cast.{0} Real Real.instNatCast n) (@Nat.cast.{0} Real Real.instNatCast (@Luce.terminalDepth n v))))
def Luce.terminalShellTime : {n : Nat} → Fin n → Real :=
fun {n} v =>
  @HSub.hSub.{0, 0, 0} Real Real Real (@instHSub.{0} Real Real.instSub)
    (@Nat.cast.{0} Real Real.instNatCast (@Luce.terminalShellNumber n v))
    (@Nat.cast.{0} Real Real.instNatCast (@Luce.terminalShellNumber n v)).sqrt
def Luce.deepShellLabels : (n : Nat) → Nat → Finset.{0} (Fin n) :=
fun n J => {v | @LE.le.{0} Nat instLENat J (@Luce.terminalShellNumber n v)}
theorem Luce.late_retained_pairs_bound : ∀ (w : Luce.WeightArray) (n J₀ J ell k : Nat) (old : Fin n → Real)
  (hinj : @Function.Injective.{1, 1} (Fin n) Real old),
  (∀ (i : Fin n),
      @LE.le.{0} Real Real.instLE (@OfNat.ofNat.{0} Real (nat_lit 0) (@Zero.toOfNat0.{0} Real Real.instZero)) (old i)) →
    ∀ (S S₀ : Finset.{0} (Fin n)) {δ : Real},
      @LT.lt.{0} Real Real.instLT (@OfNat.ofNat.{0} Real (nat_lit 0) (@Zero.toOfNat0.{0} Real Real.instZero)) δ →
        @LE.le.{0} Nat instLENat (@OfNat.ofNat.{0} Nat (nat_lit 1) (instOfNatNat (nat_lit 1))) J₀ →
          @LE.le.{0} Nat instLENat (@OfNat.ofNat.{0} Nat (nat_lit 1) (instOfNatNat (nat_lit 1))) J →
            @LE.le.{0} Real Real.instLE (@OfNat.ofNat.{0} Real (nat_lit 1) (@One.toOfNat1.{0} Real Real.instOne))
                (@HMul.hMul.{0, 0, 0} Real Real Real (@instHMul.{0} Real Real.instMul) δ
                  (@HSub.hSub.{0, 0, 0} Real Real Real (@instHSub.{0} Real Real.instSub)
                    (@Nat.cast.{0} Real Real.instNatCast J) (@Nat.cast.{0} Real Real.instNatCast J).sqrt)) →
              (∀ (u : Fin n),
                  @Membership.mem.{0, 0} (Fin n) (Finset.{0} (Fin n))
                      (@SetLike.instMembership.{0, 0} (Finset.{0} (Fin n)) (Fin n) (@Finset.instSetLike.{0} (Fin n))) S₀
                      u →
                    @LE.le.{0} Real Real.instLE δ (@Luce.Weights.rate n (w n) u)) →
                (∀ (u : Fin n),
                    @Membership.mem.{0, 0} (Fin n) (Finset.{0} (Fin n))
                        (@SetLike.instMembership.{0, 0} (Finset.{0} (Fin n)) (Fin n) (@Finset.instSetLike.{0} (Fin n)))
                        S u →
                      Or
                        (@Membership.mem.{0, 0} (Fin n) (Finset.{0} (Fin n))
                          (@SetLike.instMembership.{0, 0} (Finset.{0} (Fin n)) (Fin n)
                            (@Finset.instSetLike.{0} (Fin n)))
                          S₀ u)
                        (@LE.le.{0} Nat instLENat J₀ (@Luce.terminalShellNumber n u))) →
                  (∀ (r : Nat),
                      @Membership.mem.{0, 0} Nat (Finset.{0} Nat)
                          (@SetLike.instMembership.{0, 0} (Finset.{0} Nat) Nat (@Finset.instSetLike.{0} Nat))
                          (@Finset.Icc.{0} Nat Nat.instPreorder Nat.instLocallyFiniteOrder J₀ n) r →
                        ∀ (hs : @Finset.Nonempty.{0} (Fin n) (Luce.terminalShell n r)),
                          @LT.lt.{0} Real Real.instLT
                            (@OfNat.ofNat.{0} Real (nat_lit 1) (@One.toOfNat1.{0} Real Real.instOne))
                            (@HMul.hMul.{0, 0, 0} Real Real Real (@instHMul.{0} Real Real.instMul)
                              (Luce.shellFloor w n r hs)
                              (@HSub.hSub.{0, 0, 0} Real Real Real (@instHSub.{0} Real Real.instSub)
                                (@Nat.cast.{0} Real Real.instNatCast r)
                                (@Nat.cast.{0} Real Real.instNatCast r).sqrt))) →
                    @LE.le.{0} Real Real.instLE
                      (∑ v ∈ Luce.deepShellLabels n J,
                        ∑ u ∈ S with @LT.lt.{0} (Fin n) (@instLTFin n) u v,
                          @HMul.hMul.{0, 0, 0} Real Real Real (@instHMul.{0} Real Real.instMul)
                            (@Luce.lateGhostEntry n (w n) ell old hinj u v (@Luce.terminalShellTime n v))
                            (@Luce.markedReturnWeight.{0} (Fin n) (Fin.fintype n) (@Luce.ghostEntry n (w n) ell old) k v
                              u))
                      (@HMul.hMul.{0, 0, 0} Real Real Real (@instHMul.{0} Real Real.instMul)
                        (@HPow.hPow.{0, 0, 0} Real Nat Real
                          (@instHPow.{0, 0} Real Nat (@NPow.toPow.{0} Real (@Monoid.toNPow.{0} Real Real.instMonoid)))
                          (@Nat.cast.{0} Real Real.instNatCast
                            (@HAdd.hAdd.{0, 0, 0} Nat Nat Nat (@instHAdd.{0} Nat instAddNat)
                              (@HMul.hMul.{0, 0, 0} Nat Nat Nat (@instHMul.{0} Nat instMulNat)
                                (@OfNat.ofNat.{0} Nat (nat_lit 2) (instOfNatNat (nat_lit 2))) ell)
                              (@OfNat.ofNat.{0} Nat (nat_lit 1) (instOfNatNat (nat_lit 1)))))
                          (@HAdd.hAdd.{0, 0, 0} Nat Nat Nat (@instHAdd.{0} Nat instAddNat) k
                            (@OfNat.ofNat.{0} Nat (nat_lit 2) (instOfNatNat (nat_lit 2)))))
                        (@HAdd.hAdd.{0, 0, 0} Real Real Real (@instHAdd.{0} Real Real.instAdd)
                          (Real.exp
                            (@HMul.hMul.{0, 0, 0} Real Real Real (@instHMul.{0} Real Real.instMul)
                              (@Neg.neg.{0} Real Real.instNeg δ)
                              (@HSub.hSub.{0, 0, 0} Real Real Real (@instHSub.{0} Real Real.instSub)
                                (@Nat.cast.{0} Real Real.instNatCast J) (@Nat.cast.{0} Real Real.instNatCast J).sqrt)))
                          (∑ r ∈ @Finset.Icc.{0} Nat Nat.instPreorder Nat.instLocallyFiniteOrder J₀ n,
                            @dite.{1} Real (@Finset.Nonempty.{0} (Fin n) (Luce.terminalShell n r))
                              (@Finset.decidableNonempty.{0} (Fin n) (Luce.terminalShell n r))
                              (fun hs =>
                                Real.exp
                                  (@HMul.hMul.{0, 0, 0} Real Real Real (@instHMul.{0} Real Real.instMul)
                                    (@Neg.neg.{0} Real Real.instNeg (Luce.shellFloor w n r hs))
                                    (@HSub.hSub.{0, 0, 0} Real Real Real (@instHSub.{0} Real Real.instSub)
                                      (@Nat.cast.{0} Real Real.instNatCast r)
                                      (@Nat.cast.{0} Real Real.instNatCast r).sqrt)))
                              fun hs => @OfNat.ofNat.{0} Real (nat_lit 0) (@Zero.toOfNat0.{0} Real Real.instZero)))) :=
⋯
theorem Luce.late_retained_expectation_bound : ∀ (w : Luce.WeightArray) (n J₀ J k : Nat) (S S₀ : Finset.{0} (Fin n))
  {δ : Real},
  @LT.lt.{0} Real Real.instLT (@OfNat.ofNat.{0} Real (nat_lit 0) (@Zero.toOfNat0.{0} Real Real.instZero)) δ →
    @LE.le.{0} Nat instLENat (@OfNat.ofNat.{0} Nat (nat_lit 1) (instOfNatNat (nat_lit 1))) J₀ →
      @LE.le.{0} Nat instLENat (@OfNat.ofNat.{0} Nat (nat_lit 1) (instOfNatNat (nat_lit 1))) J →
        @LE.le.{0} Real Real.instLE (@OfNat.ofNat.{0} Real (nat_lit 1) (@One.toOfNat1.{0} Real Real.instOne))
            (@HMul.hMul.{0, 0, 0} Real Real Real (@instHMul.{0} Real Real.instMul) δ
              (@HSub.hSub.{0, 0, 0} Real Real Real (@instHSub.{0} Real Real.instSub)
                (@Nat.cast.{0} Real Real.instNatCast J) (@Nat.cast.{0} Real Real.instNatCast J).sqrt)) →
          (∀ (u : Fin n),
              @Membership.mem.{0, 0} (Fin n) (Finset.{0} (Fin n))
                  (@SetLike.instMembership.{0, 0} (Finset.{0} (Fin n)) (Fin n) (@Finset.instSetLike.{0} (Fin n))) S₀ u →
                @LE.le.{0} Real Real.instLE δ (@Luce.Weights.rate n (w n) u)) →
            (∀ (u : Fin n),
                @Membership.mem.{0, 0} (Fin n) (Finset.{0} (Fin n))
                    (@SetLike.instMembership.{0, 0} (Finset.{0} (Fin n)) (Fin n) (@Finset.instSetLike.{0} (Fin n))) S
                    u →
                  Or
                    (@Membership.mem.{0, 0} (Fin n) (Finset.{0} (Fin n))
                      (@SetLike.instMembership.{0, 0} (Finset.{0} (Fin n)) (Fin n) (@Finset.instSetLike.{0} (Fin n))) S₀
                      u)
                    (@LE.le.{0} Nat instLENat J₀ (@Luce.terminalShellNumber n u))) →
              (∀ (r : Nat),
                  @Membership.mem.{0, 0} Nat (Finset.{0} Nat)
                      (@SetLike.instMembership.{0, 0} (Finset.{0} Nat) Nat (@Finset.instSetLike.{0} Nat))
                      (@Finset.Icc.{0} Nat Nat.instPreorder Nat.instLocallyFiniteOrder J₀ n) r →
                    ∀ (hs : @Finset.Nonempty.{0} (Fin n) (Luce.terminalShell n r)),
                      @LT.lt.{0} Real Real.instLT
                        (@OfNat.ofNat.{0} Real (nat_lit 1) (@One.toOfNat1.{0} Real Real.instOne))
                        (@HMul.hMul.{0, 0, 0} Real Real Real (@instHMul.{0} Real Real.instMul)
                          (Luce.shellFloor w n r hs)
                          (@HSub.hSub.{0, 0, 0} Real Real Real (@instHSub.{0} Real Real.instSub)
                            (@Nat.cast.{0} Real Real.instNatCast r) (@Nat.cast.{0} Real Real.instNatCast r).sqrt))) →
                @LE.le.{0} Real Real.instLE
                  (@MeasureTheory.integral.{0, 0} (Fin n → Real) Real Real.normedAddCommGroup
                    (@InnerProductSpace.toNormedSpace.{0, 0} Real Real Real.instRCLike
                      (@NormedAddCommGroup.toSeminormedAddCommGroup.{0} Real Real.normedAddCommGroup)
                      (@RCLike.toInnerProductSpaceReal.{0} Real Real.instRCLike))
                    (@MeasurableSpace.pi.{0, 0} (Fin n) (fun a => Real) fun a => Real.measurableSpace)
                    (@Luce.exponentialRace n (w n)) fun old =>
                    ∑ v ∈ Luce.deepShellLabels n J,
                      ∑ u ∈ S with @LT.lt.{0} (Fin n) (@instLTFin n) u v,
                        @HMul.hMul.{0, 0, 0} Real Real Real (@instHMul.{0} Real Real.instMul)
                          (@Luce.lateGhostKernel n (w n)
                            (@HAdd.hAdd.{0, 0, 0} Nat Nat Nat (@instHAdd.{0} Nat instAddNat) k
                              (@OfNat.ofNat.{0} Nat (nat_lit 2) (instOfNatNat (nat_lit 2))))
                            old u v (@Luce.terminalShellTime n v))
                          (@Luce.markedReturnWeight.{0} (Fin n) (Fin.fintype n)
                            (@Luce.ghostEntry n (w n)
                              (@HAdd.hAdd.{0, 0, 0} Nat Nat Nat (@instHAdd.{0} Nat instAddNat) k
                                (@OfNat.ofNat.{0} Nat (nat_lit 2) (instOfNatNat (nat_lit 2))))
                              old)
                            k v u))
                  (@HMul.hMul.{0, 0, 0} Real Real Real (@instHMul.{0} Real Real.instMul)
                    (@HPow.hPow.{0, 0, 0} Real Nat Real
                      (@instHPow.{0, 0} Real Nat (@NPow.toPow.{0} Real (@Monoid.toNPow.{0} Real Real.instMonoid)))
                      (@Nat.cast.{0} Real Real.instNatCast
                        (@HAdd.hAdd.{0, 0, 0} Nat Nat Nat (@instHAdd.{0} Nat instAddNat)
                          (@HMul.hMul.{0, 0, 0} Nat Nat Nat (@instHMul.{0} Nat instMulNat)
                            (@OfNat.ofNat.{0} Nat (nat_lit 2) (instOfNatNat (nat_lit 2)))
                            (@HAdd.hAdd.{0, 0, 0} Nat Nat Nat (@instHAdd.{0} Nat instAddNat) k
                              (@OfNat.ofNat.{0} Nat (nat_lit 2) (instOfNatNat (nat_lit 2)))))
                          (@OfNat.ofNat.{0} Nat (nat_lit 1) (instOfNatNat (nat_lit 1)))))
                      (@HAdd.hAdd.{0, 0, 0} Nat Nat Nat (@instHAdd.{0} Nat instAddNat) k
                        (@OfNat.ofNat.{0} Nat (nat_lit 2) (instOfNatNat (nat_lit 2)))))
                    (@HAdd.hAdd.{0, 0, 0} Real Real Real (@instHAdd.{0} Real Real.instAdd)
                      (Real.exp
                        (@HMul.hMul.{0, 0, 0} Real Real Real (@instHMul.{0} Real Real.instMul)
                          (@Neg.neg.{0} Real Real.instNeg δ)
                          (@HSub.hSub.{0, 0, 0} Real Real Real (@instHSub.{0} Real Real.instSub)
                            (@Nat.cast.{0} Real Real.instNatCast J) (@Nat.cast.{0} Real Real.instNatCast J).sqrt)))
                      (∑ r ∈ @Finset.Icc.{0} Nat Nat.instPreorder Nat.instLocallyFiniteOrder J₀ n,
                        @dite.{1} Real (@Finset.Nonempty.{0} (Fin n) (Luce.terminalShell n r))
                          (@Finset.decidableNonempty.{0} (Fin n) (Luce.terminalShell n r))
                          (fun hs =>
                            Real.exp
                              (@HMul.hMul.{0, 0, 0} Real Real Real (@instHMul.{0} Real Real.instMul)
                                (@Neg.neg.{0} Real Real.instNeg (Luce.shellFloor w n r hs))
                                (@HSub.hSub.{0, 0, 0} Real Real Real (@instHSub.{0} Real Real.instSub)
                                  (@Nat.cast.{0} Real Real.instNatCast r)
                                  (@Nat.cast.{0} Real Real.instNatCast r).sqrt)))
                          fun hs => @OfNat.ofNat.{0} Real (nat_lit 0) (@Zero.toOfNat0.{0} Real Real.instZero)))) :=
⋯
theorem Luce.eventually_exterior_shellNumber : ∀ (J : Nat),
  @Filter.Eventually.{0} Nat
    (fun n =>
      ∀ (v : Fin n),
        @LT.lt.{0} Real Real.instLT
            (@HMul.hMul.{0, 0, 0} Real Real Real (@instHMul.{0} Real Real.instMul)
              (@HSub.hSub.{0, 0, 0} Real Real Real (@instHSub.{0} Real Real.instSub)
                (@OfNat.ofNat.{0} Real (nat_lit 1) (@One.toOfNat1.{0} Real Real.instOne))
                (@HDiv.hDiv.{0, 0, 0} Real Real Real
                  (@instHDiv.{0} Real (@DivInvMonoid.toDiv.{0} Real Real.instDivInvMonoid))
                  (Real.exp (@Neg.neg.{0} Real Real.instNeg (@Nat.cast.{0} Real Real.instNatCast J)))
                  (@OfNat.ofNat.{0} Real (nat_lit 2) (@instOfNatAtLeastTwo.{0} Real (nat_lit 2) Real.instNatCast ⋯))))
              (@Nat.cast.{0} Real Real.instNatCast n))
            (@HAdd.hAdd.{0, 0, 0} Real Real Real (@instHAdd.{0} Real Real.instAdd)
              (@Nat.cast.{0} Real Real.instNatCast (@Fin.val n v))
              (@OfNat.ofNat.{0} Real (nat_lit 1) (@One.toOfNat1.{0} Real Real.instOne))) →
          @LE.le.{0} Nat instLENat J (@Luce.terminalShellNumber n v))
    (@Filter.atTop.{0} Nat Nat.instPreorder) :=
⋯
theorem Luce.tendsto_interior_late_error : ∀ {δ : Real},
  @LT.lt.{0} Real Real.instLT (@OfNat.ofNat.{0} Real (nat_lit 0) (@Zero.toOfNat0.{0} Real Real.instZero)) δ →
    @Filter.Tendsto.{0, 0} Nat Real
      (fun J =>
        Real.exp
          (@HMul.hMul.{0, 0, 0} Real Real Real (@instHMul.{0} Real Real.instMul) (@Neg.neg.{0} Real Real.instNeg δ)
            (@HSub.hSub.{0, 0, 0} Real Real Real (@instHSub.{0} Real Real.instSub)
              (@Nat.cast.{0} Real Real.instNatCast J) (@Nat.cast.{0} Real Real.instNatCast J).sqrt)))
      (@Filter.atTop.{0} Nat Nat.instPreorder)
      (@nhds.{0} Real
        (@UniformSpace.toTopologicalSpace.{0} Real (@PseudoMetricSpace.toUniformSpace.{0} Real Real.pseudoMetricSpace))
        (@OfNat.ofNat.{0} Real (nat_lit 0) (@Zero.toOfNat0.{0} Real Real.instZero))) :=
⋯
def ShellMigrationContract.section5.{u} : Prop :=
∀ (Ω : Nat → Type u) (mΩ : (n : Nat) → MeasurableSpace.{u} (Ω n))
  (P : (n : Nat) → @MeasureTheory.Measure.{u} (Ω n) (mΩ n)),
  (∀ (n : Nat), @MeasureTheory.IsProbabilityMeasure.{u} (Ω n) (mΩ n) (P n)) →
    ∀ (w : Luce.WeightArray) (f : Real → Real),
      Luce.NormalizedWeights w →
        Luce.ProfileLimit w f →
          @Filter.Tendsto.{0, 0} Nat ENNReal
              (fun J =>
                @Filter.limsup.{0, 0} ENNReal Nat
                  (@ConditionallyCompleteLinearOrder.toConditionallyCompleteLattice.{0} ENNReal
                    (@ConditionallyCompleteLinearOrderBot.toConditionallyCompleteLinearOrder.{0} ENNReal
                      (@CompleteLinearOrder.toConditionallyCompleteLinearOrderBot.{0} ENNReal
                        ENNReal.instCompleteLinearOrder)))
                  (fun n =>
                    @tsum.{0, 0} ENNReal Nat ENNReal.instAddCommMonoid ENNReal.instTopologicalSpace
                      (fun j =>
                        @ite.{1} ENNReal (@LE.le.{0} Nat instLENat J j) (J.decLe j) (Luce.shellCost w n j)
                          (@OfNat.ofNat.{0} ENNReal (nat_lit 0) (@Zero.toOfNat0.{0} ENNReal ENNReal.instZero)))
                      (SummationFilter.unconditional.{0} Nat))
                  (@Filter.atTop.{0} Nat Nat.instPreorder))
              (@Filter.atTop.{0} Nat Nat.instPreorder)
              (@nhds.{0} ENNReal ENNReal.instTopologicalSpace
                (@OfNat.ofNat.{0} ENNReal (nat_lit 0) (@Zero.toOfNat0.{0} ENNReal ENNReal.instZero))) →
            ∀ (π : (n : Nat) → Ω n → Equiv.Perm.{1} (Fin n)),
              (∀ (n : Nat),
                  @Measurable.{u, 0} (Ω n) (Equiv.Perm.{1} (Fin n)) (mΩ n)
                    (@Top.top.{0} (MeasurableSpace.{0} (Equiv.Perm.{1} (Fin n)))
                      (@OrderTop.toTop.{0} (MeasurableSpace.{0} (Equiv.Perm.{1} (Fin n)))
                        (@Preorder.toLE.{0} (MeasurableSpace.{0} (Equiv.Perm.{1} (Fin n)))
                          (@PartialOrder.toPreorder.{0} (MeasurableSpace.{0} (Equiv.Perm.{1} (Fin n)))
                            (@SemilatticeSup.toPartialOrder.{0} (MeasurableSpace.{0} (Equiv.Perm.{1} (Fin n)))
                              (@Lattice.toSemilatticeSup.{0} (MeasurableSpace.{0} (Equiv.Perm.{1} (Fin n)))
                                (@CompleteLattice.toLattice.{0} (MeasurableSpace.{0} (Equiv.Perm.{1} (Fin n)))
                                  (@MeasurableSpace.instCompleteLattice.{0} (Equiv.Perm.{1} (Fin n))))))))
                        (@BoundedOrder.toOrderTop.{0} (MeasurableSpace.{0} (Equiv.Perm.{1} (Fin n)))
                          (@Preorder.toLE.{0} (MeasurableSpace.{0} (Equiv.Perm.{1} (Fin n)))
                            (@PartialOrder.toPreorder.{0} (MeasurableSpace.{0} (Equiv.Perm.{1} (Fin n)))
                              (@SemilatticeSup.toPartialOrder.{0} (MeasurableSpace.{0} (Equiv.Perm.{1} (Fin n)))
                                (@Lattice.toSemilatticeSup.{0} (MeasurableSpace.{0} (Equiv.Perm.{1} (Fin n)))
                                  (@CompleteLattice.toLattice.{0} (MeasurableSpace.{0} (Equiv.Perm.{1} (Fin n)))
                                    (@MeasurableSpace.instCompleteLattice.{0} (Equiv.Perm.{1} (Fin n))))))))
                          (@CompleteLattice.toBoundedOrder.{0} (MeasurableSpace.{0} (Equiv.Perm.{1} (Fin n)))
                            (@MeasurableSpace.instCompleteLattice.{0} (Equiv.Perm.{1} (Fin n)))))))
                    (π n)) →
                (∀ (n : Nat) (σ : Equiv.Perm.{1} (Fin n)),
                    @Eq.{1} Real
                      (@MeasureTheory.Measure.real.{u} (Ω n) (mΩ n) (P n)
                        (@Set.ofPred.{u} (Ω n) fun ω => @Eq.{1} (Equiv.Perm.{1} (Fin n)) (π n ω) σ))
                      (@Luce.Weights.mass n (w n) σ)) →
                  And
                    (∀ (k : Nat),
                      And
                        (@MeasureTheory.Integrable.{0, 0} Real
                          (@UniformSpace.toTopologicalSpace.{0} Real
                            (@PseudoMetricSpace.toUniformSpace.{0} Real Real.pseudoMetricSpace))
                          (@SeminormedAddGroup.toContinuousENorm.{0} Real
                            (@SeminormedAddCommGroup.toSeminormedAddGroup.{0} Real
                              (@NonUnitalSeminormedRing.toSeminormedAddCommGroup.{0} Real
                                (@NonUnitalSeminormedCommRing.toNonUnitalSeminormedRing.{0} Real
                                  (@SeminormedCommRing.toNonUnitalSeminormedCommRing.{0} Real
                                    (@NormedCommRing.toSeminormedCommRing.{0} Real Real.normedCommRing))))))
                          (Fin
                              (@HAdd.hAdd.{0, 0, 0} Nat Nat Nat (@instHAdd.{0} Nat instAddNat) k
                                (@OfNat.ofNat.{0} Nat (nat_lit 1) (instOfNatNat (nat_lit 1)))) →
                            Real)
                          (@MeasurableSpace.pi.{0, 0}
                            (Fin
                              (@HAdd.hAdd.{0, 0, 0} Nat Nat Nat (@instHAdd.{0} Nat instAddNat) k
                                (@OfNat.ofNat.{0} Nat (nat_lit 1) (instOfNatNat (nat_lit 1)))))
                            (fun a => Real) fun a => Real.measurableSpace)
                          (Luce.cycleTraceIntegrand f k)
                          (Luce.cyclicProfileMeasure
                            (@HAdd.hAdd.{0, 0, 0} Nat Nat Nat (@instHAdd.{0} Nat instAddNat) k
                              (@OfNat.ofNat.{0} Nat (nat_lit 1) (instOfNatNat (nat_lit 1))))))
                        (@LE.le.{0} Real Real.instLE
                          (@OfNat.ofNat.{0} Real (nat_lit 0) (@Zero.toOfNat0.{0} Real Real.instZero))
                          (Luce.cycleTraceIntensity f k)))
                    (∀ (L : Nat),
                      And
                        (∀
                          (F :
                            @BoundedContinuousFunction.{0, 0} (Fin L → Nat) Real
                              (@Pi.topologicalSpace.{0, 0} (Fin L) (fun a => Nat) fun i => instTopologicalSpaceNat)
                              Real.pseudoMetricSpace),
                          @Filter.Tendsto.{0, 0} Nat Real
                            (fun n =>
                              @MeasureTheory.integral.{u, 0} (Ω n) Real Real.normedAddCommGroup
                                (@InnerProductSpace.toNormedSpace.{0, 0} Real Real Real.instRCLike
                                  (@NormedAddCommGroup.toSeminormedAddCommGroup.{0} Real Real.normedAddCommGroup)
                                  (@RCLike.toInnerProductSpaceReal.{0} Real Real.instRCLike))
                                (mΩ n) (P n) fun ω =>
                                @DFunLike.coe.{1, 1, 1}
                                  (@BoundedContinuousFunction.{0, 0} (Fin L → Nat) Real
                                    (@Pi.topologicalSpace.{0, 0} (Fin L) (fun a => Nat) fun i =>
                                      instTopologicalSpaceNat)
                                    Real.pseudoMetricSpace)
                                  (Fin L → Nat) (fun x => Real)
                                  (@BoundedContinuousFunction.instFunLike.{0, 0} (Fin L → Nat) Real
                                    (@Pi.topologicalSpace.{0, 0} (Fin L) (fun a => Nat) fun i =>
                                      instTopologicalSpaceNat)
                                    Real.pseudoMetricSpace)
                                  F (@Luce.cycleCountVector n L (π n ω)))
                            (@Filter.atTop.{0} Nat Nat.instPreorder)
                            (@nhds.{0} Real
                              (@UniformSpace.toTopologicalSpace.{0} Real
                                (@PseudoMetricSpace.toUniformSpace.{0} Real Real.pseudoMetricSpace))
                              (@MeasureTheory.integral.{0, 0} (Fin L → Nat) Real Real.normedAddCommGroup
                                (@InnerProductSpace.toNormedSpace.{0, 0} Real Real Real.instRCLike
                                  (@NormedAddCommGroup.toSeminormedAddCommGroup.{0} Real Real.normedAddCommGroup)
                                  (@RCLike.toInnerProductSpaceReal.{0} Real Real.instRCLike))
                                (@MeasurableSpace.pi.{0, 0} (Fin L) (fun a => Nat) fun a => Nat.instMeasurableSpace)
                                (Luce.cycleVectorPoissonLaw f L) fun z =>
                                @DFunLike.coe.{1, 1, 1}
                                  (@BoundedContinuousFunction.{0, 0} (Fin L → Nat) Real
                                    (@Pi.topologicalSpace.{0, 0} (Fin L) (fun a => Nat) fun i =>
                                      instTopologicalSpaceNat)
                                    Real.pseudoMetricSpace)
                                  (Fin L → Nat) (fun x => Real)
                                  (@BoundedContinuousFunction.instFunLike.{0, 0} (Fin L → Nat) Real
                                    (@Pi.topologicalSpace.{0, 0} (Fin L) (fun a => Nat) fun i =>
                                      instTopologicalSpaceNat)
                                    Real.pseudoMetricSpace)
                                  F z)))
                        (@Filter.Tendsto.{0, 0} Nat Real
                          (fun n =>
                            @Luce.cycleVectorTotalVariation L
                              (@MeasureTheory.Measure.map.{u, 0} (Ω n) (Fin L → Nat) (mΩ n)
                                (@MeasurableSpace.pi.{0, 0} (Fin L) (fun a => Nat) fun a => Nat.instMeasurableSpace)
                                (fun ω => @Luce.cycleCountVector n L (π n ω)) (P n))
                              (Luce.cycleVectorPoissonLaw f L))
                          (@Filter.atTop.{0} Nat Nat.instPreorder)
                          (@nhds.{0} Real
                            (@UniformSpace.toTopologicalSpace.{0} Real
                              (@PseudoMetricSpace.toUniformSpace.{0} Real Real.pseudoMetricSpace))
                            (@OfNat.ofNat.{0} Real (nat_lit 0) (@Zero.toOfNat0.{0} Real Real.instZero)))))
'Luce.ghost_subwindow_density' depends on axioms: [propext, Classical.choice.{u}, Quot.sound.{u}]
'Luce.lateGhostEntry_eq_window_integral' depends on axioms: [propext, Classical.choice.{u}, Quot.sound.{u}]
'Luce.late_return_sum_eq_integral' depends on axioms: [propext, Classical.choice.{u}, Quot.sound.{u}]
'Luce.late_ordered_pairs_le_common_cutoff' depends on axioms: [propext, Classical.choice.{u}, Quot.sound.{u}]
'Luce.terminalShellNumber_eq_of_mem' depends on axioms: [propext, Classical.choice.{u}, Quot.sound.{u}]
'Luce.late_terminal_source_bound' depends on axioms: [propext, Classical.choice.{u}, Quot.sound.{u}]
'Luce.late_interior_source_bound' depends on axioms: [propext, Classical.choice.{u}, Quot.sound.{u}]
'Luce.finite_cover_sum_le' depends on axioms: [propext, Classical.choice.{u}, Quot.sound.{u}]
'Luce.late_retained_pairs_bound' depends on axioms: [propext, Classical.choice.{u}, Quot.sound.{u}]
'Luce.integrable_late_return_product' depends on axioms: [propext, Classical.choice.{u}, Quot.sound.{u}]
'Luce.late_retained_expectation_bound' depends on axioms: [propext, Classical.choice.{u}, Quot.sound.{u}]
'Luce.eventually_exterior_shellNumber' depends on axioms: [propext, Classical.choice.{u}, Quot.sound.{u}]
'Luce.tendsto_interior_late_error' depends on axioms: [propext, Classical.choice.{u}, Quot.sound.{u}]
