Luce.section5_proposition54 : ∀ (w : Luce.WeightArray) (f : Real → Real),
  Luce.NormalizedWeights w →
    Luce.ProfileLimit w f →
      Luce.EndpointAssumption w →
        ∀ (L : Nat),
          And
            (@Filter.Tendsto.{0, 0} Real Real
              (fun M =>
                @Filter.limsup.{0, 0} Real Nat
                  (@ConditionallyCompleteLinearOrder.toConditionallyCompleteLattice.{0} Real
                    Real.instConditionallyCompleteLinearOrder)
                  (fun n => Luce.highCycleExpectation w L n M) (@Filter.atTop.{0} Nat Nat.instPreorder))
              (@Filter.atTop.{0} Real Real.instPreorder)
              (@nhds.{0} Real
                (@UniformSpace.toTopologicalSpace.{0} Real
                  (@PseudoMetricSpace.toUniformSpace.{0} Real Real.pseudoMetricSpace))
                (@OfNat.ofNat.{0} Real (nat_lit 0) (@Zero.toOfNat0.{0} Real Real.instZero))))
            (@Filter.Tendsto.{0, 0} Real Real
              (fun δ =>
                @Filter.limsup.{0, 0} Real Nat
                  (@ConditionallyCompleteLinearOrder.toConditionallyCompleteLattice.{0} Real
                    Real.instConditionallyCompleteLinearOrder)
                  (fun n => Luce.lowCycleExpectation w L n δ) (@Filter.atTop.{0} Nat Nat.instPreorder))
              (@nhdsWithin.{0} Real
                (@UniformSpace.toTopologicalSpace.{0} Real
                  (@PseudoMetricSpace.toUniformSpace.{0} Real Real.pseudoMetricSpace))
                (@OfNat.ofNat.{0} Real (nat_lit 0) (@Zero.toOfNat0.{0} Real Real.instZero))
                (@Set.Ioi.{0} Real Real.instPreorder
                  (@OfNat.ofNat.{0} Real (nat_lit 0) (@Zero.toOfNat0.{0} Real Real.instZero))))
              (@nhds.{0} Real
                (@UniformSpace.toTopologicalSpace.{0} Real
                  (@PseudoMetricSpace.toUniformSpace.{0} Real Real.pseudoMetricSpace))
                (@OfNat.ofNat.{0} Real (nat_lit 0) (@Zero.toOfNat0.{0} Real Real.instZero))))
@Luce.ProfileLimit.low_rate_cycles_vanish : ∀ {w : Luce.WeightArray} {f : Real → Real},
  Luce.ProfileLimit w f →
    Luce.NormalizedWeights w →
      Luce.EndpointAssumption w →
        ∀ (L : Nat),
          @Filter.Tendsto.{0, 0} Real Real
            (fun δ =>
              @Filter.limsup.{0, 0} Real Nat
                (@ConditionallyCompleteLinearOrder.toConditionallyCompleteLattice.{0} Real
                  Real.instConditionallyCompleteLinearOrder)
                (fun n => Luce.lowCycleExpectation w L n δ) (@Filter.atTop.{0} Nat Nat.instPreorder))
            (@nhdsWithin.{0} Real
              (@UniformSpace.toTopologicalSpace.{0} Real
                (@PseudoMetricSpace.toUniformSpace.{0} Real Real.pseudoMetricSpace))
              (@OfNat.ofNat.{0} Real (nat_lit 0) (@Zero.toOfNat0.{0} Real Real.instZero))
              (@Set.Ioi.{0} Real Real.instPreorder
                (@OfNat.ofNat.{0} Real (nat_lit 0) (@Zero.toOfNat0.{0} Real Real.instZero))))
            (@nhds.{0} Real
              (@UniformSpace.toTopologicalSpace.{0} Real
                (@PseudoMetricSpace.toUniformSpace.{0} Real Real.pseudoMetricSpace))
              (@OfNat.ofNat.{0} Real (nat_lit 0) (@Zero.toOfNat0.{0} Real Real.instZero)))
@Luce.ProfileLimit.lowCycleExpectation_small : ∀ {w : Luce.WeightArray} {f : Real → Real},
  Luce.ProfileLimit w f →
    Luce.NormalizedWeights w →
      Luce.EndpointAssumption w →
        ∀ (L : Nat) {ε : Real},
          @LT.lt.{0} Real Real.instLT (@OfNat.ofNat.{0} Real (nat_lit 0) (@Zero.toOfNat0.{0} Real Real.instZero)) ε →
            ∃ δ₀,
              And
                (@LT.lt.{0} Real Real.instLT (@OfNat.ofNat.{0} Real (nat_lit 0) (@Zero.toOfNat0.{0} Real Real.instZero))
                  δ₀)
                (∀ (δ : Real),
                  @LT.lt.{0} Real Real.instLT
                      (@OfNat.ofNat.{0} Real (nat_lit 0) (@Zero.toOfNat0.{0} Real Real.instZero)) δ →
                    @LE.le.{0} Real Real.instLE δ δ₀ →
                      @Filter.Eventually.{0} Nat
                        (fun n => @LT.lt.{0} Real Real.instLT (Luce.lowCycleExpectation w L n δ) ε)
                        (@Filter.atTop.{0} Nat Nat.instPreorder))
@Luce.ProfileLimit.lowCycleExpectation_bound : ∀ {w : Luce.WeightArray} {f : Real → Real},
  Luce.ProfileLimit w f →
    Luce.EndpointAssumption w →
      ∀ (L : Nat),
        ∃ γ,
          And
            (@LT.lt.{0} Real Real.instLT (@OfNat.ofNat.{0} Real (nat_lit 0) (@Zero.toOfNat0.{0} Real Real.instZero)) γ)
            (∀ (M : Real),
              @LT.lt.{0} Real Real.instLT (@OfNat.ofNat.{0} Real (nat_lit 0) (@Zero.toOfNat0.{0} Real Real.instZero))
                  M →
                ∃ K,
                  And
                    (@LT.lt.{0} Real Real.instLT
                      (@OfNat.ofNat.{0} Real (nat_lit 0) (@Zero.toOfNat0.{0} Real Real.instZero)) K)
                    (∀ (δ : Real),
                      @LT.lt.{0} Real Real.instLT
                          (@OfNat.ofNat.{0} Real (nat_lit 0) (@Zero.toOfNat0.{0} Real Real.instZero)) δ →
                        @LT.lt.{0} Real Real.instLT δ γ →
                          @Filter.Eventually.{0} Nat
                            (fun n =>
                              @LE.le.{0} Real Real.instLE (Luce.lowCycleExpectation w L n δ)
                                (@HAdd.hAdd.{0, 0, 0} Real Real Real (@instHAdd.{0} Real Real.instAdd)
                                  (@HMul.hMul.{0, 0, 0} Real Real Real (@instHMul.{0} Real Real.instMul)
                                    (@Nat.cast.{0} Real Real.instNatCast L) (Luce.highCycleExpectation w L n M))
                                  (@HMul.hMul.{0, 0, 0} Real Real Real (@instHMul.{0} Real Real.instMul) K
                                    (Luce.lowRateDensity w n δ))))
                            (@Filter.atTop.{0} Nat Nat.instPreorder)))
@Luce.ProfileLimit.bounded_cycle_probability_uniform : ∀ {w : Luce.WeightArray} {f : Real → Real},
  Luce.ProfileLimit w f →
    ∀ (L : Nat) (M : Real),
      @LT.lt.{0} Real Real.instLT (@OfNat.ofNat.{0} Real (nat_lit 0) (@Zero.toOfNat0.{0} Real Real.instZero)) M →
        ∀ {α : Real},
          @LT.lt.{0} Real Real.instLT α (@OfNat.ofNat.{0} Real (nat_lit 1) (@One.toOfNat1.{0} Real Real.instOne)) →
            ∃ K,
              And
                (@LT.lt.{0} Real Real.instLT (@OfNat.ofNat.{0} Real (nat_lit 0) (@Zero.toOfNat0.{0} Real Real.instZero))
                  K)
                (@Filter.Eventually.{0} Nat
                  (fun n =>
                    ∀ (v : Fin n),
                      @LE.le.{0} Real Real.instLE
                          (@HAdd.hAdd.{0, 0, 0} Real Real Real (@instHAdd.{0} Real Real.instAdd)
                            (@Nat.cast.{0} Real Real.instNatCast (@Fin.val n v))
                            (@OfNat.ofNat.{0} Real (nat_lit 1) (@One.toOfNat1.{0} Real Real.instOne)))
                          (@HMul.hMul.{0, 0, 0} Real Real Real (@instHMul.{0} Real Real.instMul) α
                            (@Nat.cast.{0} Real Real.instNatCast n)) →
                        ∀ (k : Fin L),
                          @LE.le.{0} Real Real.instLE
                            (@MeasureTheory.Measure.real.{0} (Fin n → Real)
                              (@MeasurableSpace.pi.{0, 0} (Fin n) (fun a => Real) fun a => Real.measurableSpace)
                              (@Luce.exponentialRace n (w n)) (@Luce.boundedCycleEvent n (w n) (@Fin.val L k) M v))
                            (@HDiv.hDiv.{0, 0, 0} Real Real Real
                              (@instHDiv.{0} Real (@DivInvMonoid.toDiv.{0} Real Real.instDivInvMonoid)) K
                              (@Nat.cast.{0} Real Real.instNatCast n)))
                  (@Filter.atTop.{0} Nat Nat.instPreorder))
@Luce.shortCycleVertexCount_le_high_add_avoiding : ∀ {n : Nat} (R : Equiv.Perm.{1} (Fin n)) (L : Nat)
  (S H : Finset.{0} (Fin n)),
  @LE.le.{0} Nat instLENat (@Luce.shortCycleVertexCount n R L S)
    (@HAdd.hAdd.{0, 0, 0} Nat Nat Nat (@instHAdd.{0} Nat instAddNat)
      (@HMul.hMul.{0, 0, 0} Nat Nat Nat (@instHMul.{0} Nat instMulNat) L (@Luce.shortCycleVertexCount n R L H))
      (@Luce.shortCycleVertexCountAvoiding n
        (@DFunLike.coe.{1, 1, 1} (Equiv.Perm.{1} (Fin n)) (Fin n) (fun x => Fin n)
          (@EquivLike.toFunLike.{1, 1, 1} (Equiv.Perm.{1} (Fin n)) (Fin n) (Fin n)
            (@Equiv.instEquivLike.{1, 1} (Fin n) (Fin n)))
          R)
        L S H))
@Luce.bounded_ghost_cycle_sum_le : ∀ {n : Nat} (w : Luce.Weights n) (k : Nat) (M : Real),
  @LE.le.{0} Real Real.instLE (@OfNat.ofNat.{0} Real (nat_lit 0) (@Zero.toOfNat0.{0} Real Real.instZero)) M →
    ∀ (old : Fin n → Real),
      (∀ (i : Fin n),
          @LE.le.{0} Real Real.instLE (@OfNat.ofNat.{0} Real (nat_lit 0) (@Zero.toOfNat0.{0} Real Real.instZero))
            (old i)) →
        ∀ (v : Fin n),
          @LT.lt.{0} Nat instLTNat
              (@HAdd.hAdd.{0, 0, 0} Nat Nat Nat (@instHAdd.{0} Nat instAddNat) (@Fin.val n v)
                (@HAdd.hAdd.{0, 0, 0} Nat Nat Nat (@instHAdd.{0} Nat instAddNat) k
                  (@OfNat.ofNat.{0} Nat (nat_lit 1) (instOfNatNat (nat_lit 1)))))
              n →
            @LE.le.{0} Real Real.instLE
              (∑ u with
                And (@Function.Injective.{1, 1} (Fin k) (Fin n) u)
                  (And (∀ (a : Fin k), @Ne.{1} (Fin n) (u a) v)
                    (∀
                      (a :
                        Fin
                          (@HAdd.hAdd.{0, 0, 0} Nat Nat Nat (@instHAdd.{0} Nat instAddNat) k
                            (@OfNat.ofNat.{0} Nat (nat_lit 1) (instOfNatNat (nat_lit 1))))),
                      @LE.le.{0} Real Real.instLE (@Luce.Weights.rate n w (@Fin.cons.{1} k (fun a => Fin n) v u a)) M)),
                ∏ a,
                  @Luce.ghostEntry n w
                    (@HAdd.hAdd.{0, 0, 0} Nat Nat Nat (@instHAdd.{0} Nat instAddNat) k
                      (@OfNat.ofNat.{0} Nat (nat_lit 1) (instOfNatNat (nat_lit 1))))
                    old (@Fin.cons.{1} k (fun a => Fin n) v u a) (@Fin.snoc.{1} k (fun a => Fin n) u v a))
              (@HMul.hMul.{0, 0, 0} Real Real Real (@instHMul.{0} Real Real.instMul)
                (@HMul.hMul.{0, 0, 0} Real Real Real (@instHMul.{0} Real Real.instMul) M
                  (@Luce.ghostWindowLength n
                    (@HAdd.hAdd.{0, 0, 0} Nat Nat Nat (@instHAdd.{0} Nat instAddNat) k
                      (@OfNat.ofNat.{0} Nat (nat_lit 1) (instOfNatNat (nat_lit 1))))
                    old v))
                (@HPow.hPow.{0, 0, 0} Real Nat Real
                  (@instHPow.{0, 0} Real Nat (@NPow.toPow.{0} Real (@Monoid.toNPow.{0} Real Real.instMonoid)))
                  (@Nat.cast.{0} Real Real.instNatCast
                    (@HAdd.hAdd.{0, 0, 0} Nat Nat Nat (@instHAdd.{0} Nat instAddNat)
                      (@HMul.hMul.{0, 0, 0} Nat Nat Nat (@instHMul.{0} Nat instMulNat)
                        (@OfNat.ofNat.{0} Nat (nat_lit 2) (instOfNatNat (nat_lit 2)))
                        (@HAdd.hAdd.{0, 0, 0} Nat Nat Nat (@instHAdd.{0} Nat instAddNat) k
                          (@OfNat.ofNat.{0} Nat (nat_lit 1) (instOfNatNat (nat_lit 1)))))
                      (@OfNat.ofNat.{0} Nat (nat_lit 1) (instOfNatNat (nat_lit 1)))))
                  k))
@Luce.ghostEntry_le_rate_mul_length : ∀ {n : Nat} (w : Luce.Weights n) (ell : Nat) (old : Fin n → Real),
  (∀ (i : Fin n),
      @LE.le.{0} Real Real.instLE (@OfNat.ofNat.{0} Real (nat_lit 0) (@Zero.toOfNat0.{0} Real Real.instZero)) (old i)) →
    ∀ (i j : Fin n),
      @LT.lt.{0} Nat instLTNat (@HAdd.hAdd.{0, 0, 0} Nat Nat Nat (@instHAdd.{0} Nat instAddNat) (@Fin.val n j) ell) n →
        @LE.le.{0} Real Real.instLE (@Luce.ghostEntry n w ell old i j)
          (@HMul.hMul.{0, 0, 0} Real Real Real (@instHMul.{0} Real Real.instMul) (@Luce.Weights.rate n w i)
            (@Luce.ghostWindowLength n ell old j))
@Luce.ghostWindowVolume_ne_top_of_interior : ∀ {n : Nat} (ell : Nat) (old : Fin n → Real),
  (∀ (i : Fin n),
      @LE.le.{0} Real Real.instLE (@OfNat.ofNat.{0} Real (nat_lit 0) (@Zero.toOfNat0.{0} Real Real.instZero)) (old i)) →
    ∀ (j : Fin n),
      @LT.lt.{0} Nat instLTNat (@HAdd.hAdd.{0, 0, 0} Nat Nat Nat (@instHAdd.{0} Nat instAddNat) (@Fin.val n j) ell) n →
        @Ne.{1} ENNReal (@Luce.ghostWindowVolume n ell old j) (@Top.top.{0} ENNReal ENNReal.instTop)
structure Luce.Weights (n : Nat) : Type
number of parameters: 1
fields:
  Luce.Weights.rate : Fin n → Real
  Luce.Weights.positive : ∀ (i : Fin n),
      @LT.lt.{0} Real Real.instLT (@OfNat.ofNat.{0} Real (nat_lit 0) (@Zero.toOfNat0.{0} Real Real.instZero))
        (@Luce.Weights.rate n self i)
constructor:
  Luce.Weights.mk {n : Nat} (rate : Fin n → Real)
    (positive :
      ∀ (i : Fin n),
        @LT.lt.{0} Real Real.instLT (@OfNat.ofNat.{0} Real (nat_lit 0) (@Zero.toOfNat0.{0} Real Real.instZero))
          (rate i)) :
    Luce.Weights n
def Luce.NormalizedWeights : Luce.WeightArray → Prop :=
fun w =>
  ∀ (n : Nat),
    @LT.lt.{0} Nat instLTNat (@OfNat.ofNat.{0} Nat (nat_lit 0) (instOfNatNat (nat_lit 0))) n →
      @Eq.{1} Real
        (@HMul.hMul.{0, 0, 0} Real Real Real (@instHMul.{0} Real Real.instMul)
          (@HDiv.hDiv.{0, 0, 0} Real Real Real (@instHDiv.{0} Real (@DivInvMonoid.toDiv.{0} Real Real.instDivInvMonoid))
            (@OfNat.ofNat.{0} Real (nat_lit 1) (@One.toOfNat1.{0} Real Real.instOne))
            (@Nat.cast.{0} Real Real.instNatCast n))
          (∑ i, @Luce.Weights.rate n (w n) i))
        (@OfNat.ofNat.{0} Real (nat_lit 1) (@One.toOfNat1.{0} Real Real.instOne))
def Luce.ProfileLimit : Luce.WeightArray → (Real → Real) → Prop :=
fun w f =>
  And (@MeasureTheory.NullMeasurable.{0, 0} Real Real Real.measurableSpace Real.measurableSpace f Luce.profileMeasure)
    (And
      (∀ (x : Real),
        @Membership.mem.{0, 0} Real (Set.{0} Real) (@Set.instMembership.{0} Real)
            (@Set.Ioo.{0} Real Real.instPreorder
              (@OfNat.ofNat.{0} Real (nat_lit 0) (@Zero.toOfNat0.{0} Real Real.instZero))
              (@OfNat.ofNat.{0} Real (nat_lit 1) (@One.toOfNat1.{0} Real Real.instOne)))
            x →
          @LT.lt.{0} Real Real.instLT (@OfNat.ofNat.{0} Real (nat_lit 0) (@Zero.toOfNat0.{0} Real Real.instZero)) (f x))
      (Luce.ProfileL1Convergence w f))
def Luce.ProfileL1Convergence : Luce.WeightArray → (Real → Real) → Prop :=
fun w f =>
  @Filter.Tendsto.{0, 0} Nat ENNReal
    (fun n =>
      @MeasureTheory.eLpNorm.{0, 0} Real Real
        (@ContinuousENorm.toENorm.{0} Real
          (@UniformSpace.toTopologicalSpace.{0} Real
            (@PseudoMetricSpace.toUniformSpace.{0} Real
              (@SeminormedAddGroup.toPseudoMetricSpace.{0} Real
                (@SeminormedAddCommGroup.toSeminormedAddGroup.{0} Real
                  (@NonUnitalSeminormedRing.toSeminormedAddCommGroup.{0} Real
                    (@NonUnitalSeminormedCommRing.toNonUnitalSeminormedRing.{0} Real
                      (@SeminormedCommRing.toNonUnitalSeminormedCommRing.{0} Real
                        (@NormedCommRing.toSeminormedCommRing.{0} Real Real.normedCommRing))))))))
          (@SeminormedAddGroup.toContinuousENorm.{0} Real
            (@SeminormedAddCommGroup.toSeminormedAddGroup.{0} Real
              (@NonUnitalSeminormedRing.toSeminormedAddCommGroup.{0} Real
                (@NonUnitalSeminormedCommRing.toNonUnitalSeminormedRing.{0} Real
                  (@SeminormedCommRing.toNonUnitalSeminormedCommRing.{0} Real
                    (@NormedCommRing.toSeminormedCommRing.{0} Real Real.normedCommRing)))))))
        Real.measurableSpace
        (fun x => @HSub.hSub.{0, 0, 0} Real Real Real (@instHSub.{0} Real Real.instSub) (Luce.stepProfile w n x) (f x))
        (@OfNat.ofNat.{0} ENNReal (nat_lit 1) (@One.toOfNat1.{0} ENNReal ENNReal.instOne)) Luce.profileMeasure)
    (@Filter.atTop.{0} Nat Nat.instPreorder)
    (@nhds.{0} ENNReal ENNReal.instTopologicalSpace
      (@OfNat.ofNat.{0} ENNReal (nat_lit 0) (@Zero.toOfNat0.{0} ENNReal ENNReal.instZero)))
def Luce.EndpointAssumption : Luce.WeightArray → Prop :=
fun w =>
  ∃ γ ε₀ n₀,
    And (@LT.lt.{0} Real Real.instLT (@OfNat.ofNat.{0} Real (nat_lit 0) (@Zero.toOfNat0.{0} Real Real.instZero)) γ)
      (And (@LT.lt.{0} Real Real.instLT (@OfNat.ofNat.{0} Real (nat_lit 0) (@Zero.toOfNat0.{0} Real Real.instZero)) ε₀)
        (∀ (n : Nat),
          @LE.le.{0} Nat instLENat n₀ n →
            ∀ (k : Fin n),
              @LE.le.{0} Real Real.instLE
                  (@HMul.hMul.{0, 0, 0} Real Real Real (@instHMul.{0} Real Real.instMul)
                    (@HSub.hSub.{0, 0, 0} Real Real Real (@instHSub.{0} Real Real.instSub)
                      (@OfNat.ofNat.{0} Real (nat_lit 1) (@One.toOfNat1.{0} Real Real.instOne)) ε₀)
                    (@Nat.cast.{0} Real Real.instNatCast n))
                  (@HAdd.hAdd.{0, 0, 0} Real Real Real (@instHAdd.{0} Real Real.instAdd)
                    (@Nat.cast.{0} Real Real.instNatCast (@Fin.val n k))
                    (@OfNat.ofNat.{0} Real (nat_lit 1) (@One.toOfNat1.{0} Real Real.instOne))) →
                @LE.le.{0} Real Real.instLE γ (@Luce.Weights.rate n (w n) k)))
def Luce.shortCycleVertexCount : {n : Nat} → Equiv.Perm.{1} (Fin n) → Nat → Finset.{0} (Fin n) → Nat :=
fun {n} R L S =>
  @Finset.card.{0} (Fin n)
    ({v ∈ S |
      ∃ k,
        @Eq.{1} Nat
          (@Function.minimalPeriod.{0} (Fin n)
            (@DFunLike.coe.{1, 1, 1} (Equiv.Perm.{1} (Fin n)) (Fin n) (fun x => Fin n)
              (@EquivLike.toFunLike.{1, 1, 1} (Equiv.Perm.{1} (Fin n)) (Fin n) (Fin n)
                (@Equiv.instEquivLike.{1, 1} (Fin n) (Fin n)))
              R)
            v)
          (@HAdd.hAdd.{0, 0, 0} Nat Nat Nat (@instHAdd.{0} Nat instAddNat) (@Fin.val L k)
            (@OfNat.ofNat.{0} Nat (nat_lit 1) (instOfNatNat (nat_lit 1))))})
def Luce.shortCycleVertexCountAvoiding : {n : Nat} →
  (Fin n → Fin n) → Nat → Finset.{0} (Fin n) → Finset.{0} (Fin n) → Nat :=
fun {n} R L S H =>
  @Finset.card.{0} (Fin n)
    ({v ∈ S | And (@LE.le.{0} Nat instLENat (@Function.minimalPeriod.{0} (Fin n) R v) L) (@Luce.OrbitAvoids n R H v)})
def Luce.OrbitAvoids : {n : Nat} → (Fin n → Fin n) → Finset.{0} (Fin n) → Fin n → Prop :=
fun {n} R H v =>
  ∀ (u : Fin n),
    @Membership.mem.{0, 0} (Fin n) (Cycle.{0} (Fin n)) (@Cycle.instMembership.{0} (Fin n))
        (@Function.periodicOrbit.{0} (Fin n) R v) u →
      u ∉ H
def Luce.boundedCycleEvent : {n : Nat} → Luce.Weights n → Nat → Real → Fin n → Set.{0} (Fin n → Real) :=
fun {n} w k M v =>
  @Set.ofPred.{0} (Fin n → Real) fun clocks =>
    And
      (@Eq.{1} Nat
        (@Function.minimalPeriod.{0} (Fin n)
          (@DFunLike.coe.{1, 1, 1} (Equiv.Perm.{1} (Fin n)) (Fin n) (fun x => Fin n)
            (@EquivLike.toFunLike.{1, 1, 1} (Equiv.Perm.{1} (Fin n)) (Fin n) (Fin n)
              (@Equiv.instEquivLike.{1, 1} (Fin n) (Fin n)))
            (@Luce.raceRankPermutation n clocks))
          v)
        (@HAdd.hAdd.{0, 0, 0} Nat Nat Nat (@instHAdd.{0} Nat instAddNat) k
          (@OfNat.ofNat.{0} Nat (nat_lit 1) (instOfNatNat (nat_lit 1)))))
      (@Luce.OrbitAvoids n
        (@DFunLike.coe.{1, 1, 1} (Equiv.Perm.{1} (Fin n)) (Fin n) (fun x => Fin n)
          (@EquivLike.toFunLike.{1, 1, 1} (Equiv.Perm.{1} (Fin n)) (Fin n) (Fin n)
            (@Equiv.instEquivLike.{1, 1} (Fin n) (Fin n)))
          (@Luce.raceRankPermutation n clocks))
        {i | @LT.lt.{0} Real Real.instLT M (@Luce.Weights.rate n w i)} v)
def Luce.highCycleExpectation : Luce.WeightArray → Nat → Nat → Real → Real :=
fun w L n M =>
  @MeasureTheory.integral.{0, 0} (Fin n → Real) Real Real.normedAddCommGroup
    (@InnerProductSpace.toNormedSpace.{0, 0} Real Real Real.instRCLike
      (@NormedAddCommGroup.toSeminormedAddCommGroup.{0} Real Real.normedAddCommGroup)
      (@RCLike.toInnerProductSpaceReal.{0} Real Real.instRCLike))
    (@MeasurableSpace.pi.{0, 0} (Fin n) (fun a => Real) fun a => Real.measurableSpace) (@Luce.exponentialRace n (w n))
    fun clocks =>
    @Nat.cast.{0} Real Real.instNatCast
      (@Luce.shortCycleVertexCount n (@Luce.raceRankPermutation n clocks) L
        {v | @LT.lt.{0} Real Real.instLT M (@Luce.Weights.rate n (w n) v)})
def Luce.lowCycleExpectation : Luce.WeightArray → Nat → Nat → Real → Real :=
fun w L n δ =>
  @MeasureTheory.integral.{0, 0} (Fin n → Real) Real Real.normedAddCommGroup
    (@InnerProductSpace.toNormedSpace.{0, 0} Real Real Real.instRCLike
      (@NormedAddCommGroup.toSeminormedAddCommGroup.{0} Real Real.normedAddCommGroup)
      (@RCLike.toInnerProductSpaceReal.{0} Real Real.instRCLike))
    (@MeasurableSpace.pi.{0, 0} (Fin n) (fun a => Real) fun a => Real.measurableSpace) (@Luce.exponentialRace n (w n))
    fun clocks =>
    @Nat.cast.{0} Real Real.instNatCast
      (@Luce.shortCycleVertexCount n (@Luce.raceRankPermutation n clocks) L
        {v | @LT.lt.{0} Real Real.instLT (@Luce.Weights.rate n (w n) v) δ})
def Luce.lowRateDensity : Luce.WeightArray → Nat → Real → Real :=
fun w n δ =>
  @HDiv.hDiv.{0, 0, 0} Real Real Real (@instHDiv.{0} Real (@DivInvMonoid.toDiv.{0} Real Real.instDivInvMonoid))
    (@Nat.cast.{0} Real Real.instNatCast
      (@Finset.card.{0} (Fin n) {i | @LT.lt.{0} Real Real.instLT (@Luce.Weights.rate n (w n) i) δ}))
    (@Nat.cast.{0} Real Real.instNatCast n)
def Luce.ghostWindowLength : {n : Nat} → Nat → (Fin n → Real) → Fin n → Real :=
fun {n} ell old j => (@Luce.ghostWindowVolume n ell old j).toReal
def Luce.ghostWindowVolume : {n : Nat} → Nat → (Fin n → Real) → Fin n → ENNReal :=
fun {n} ell old j =>
  @dite.{1} ENNReal (@Function.Injective.{1, 1} (Fin n) Real old)
    (@Fintype.decidableInjectiveFintype.{0, 0} (Fin n) Real Real.decidableEq (Fin.fintype n) old)
    (fun h =>
      @DFunLike.coe.{1, 1, 1}
        (@MeasureTheory.Measure.{0} Real (@MeasureTheory.MeasureSpace.toMeasurableSpace.{0} Real Real.measureSpace))
        (Set.{0} Real) (fun x => ENNReal)
        (@MeasureTheory.Measure.instFunLike.{0} Real
          (@MeasureTheory.MeasureSpace.toMeasurableSpace.{0} Real Real.measureSpace))
        (@MeasureTheory.MeasureSpace.volume.{0} Real Real.measureSpace)
        (@Set.ofPred.{0} Real fun t => @Luce.GhostWindowByOrder n old h ell j t))
    fun h => @OfNat.ofNat.{0} ENNReal (nat_lit 0) (@Zero.toOfNat0.{0} ENNReal ENNReal.instZero)
def Luce.ghostEntry : {n : Nat} → Luce.Weights n → Nat → (Fin n → Real) → Fin n → Fin n → Real :=
fun {n} w ell old i j => (@Luce.ghostOrderKernel n w ell old i j).toReal
def Luce.ghostOrderKernel : {n : Nat} → Luce.Weights n → Nat → (Fin n → Real) → Fin n → Fin n → ENNReal :=
fun {n} w ell old i j =>
  @dite.{1} ENNReal (@Function.Injective.{1, 1} (Fin n) Real old)
    (@Fintype.decidableInjectiveFintype.{0, 0} (Fin n) Real Real.decidableEq (Fin.fintype n) old)
    (fun h =>
      @DFunLike.coe.{1, 1, 1} (@MeasureTheory.Measure.{0} Real Real.measurableSpace) (Set.{0} Real) (fun x => ENNReal)
        (@MeasureTheory.Measure.instFunLike.{0} Real Real.measurableSpace)
        (ProbabilityTheory.expMeasure (@Luce.Weights.rate n w i))
        (@Set.ofPred.{0} Real fun t => @Luce.GhostWindowByOrder n old h ell j t))
    fun h => @OfNat.ofNat.{0} ENNReal (nat_lit 0) (@Zero.toOfNat0.{0} ENNReal ENNReal.instZero)
def Luce.GhostWindowByOrder : {n : Nat} →
  (clocks : Fin n → Real) → @Function.Injective.{1, 1} (Fin n) Real clocks → Nat → Fin n → Real → Prop :=
fun {n} clocks hinj ell j t =>
  And
    (@dite.{1} Prop
      (@LT.lt.{0} Nat instLTNat ell
        (@HAdd.hAdd.{0, 0, 0} Nat Nat Nat (@instHAdd.{0} Nat instAddNat) (@Fin.val n j)
          (@OfNat.ofNat.{0} Nat (nat_lit 1) (instOfNatNat (nat_lit 1)))))
      (ell.decLt
        (@HAdd.hAdd.{0, 0, 0} Nat Nat Nat (@instHAdd.{0} Nat instAddNat) (@Fin.val n j)
          (@OfNat.ofNat.{0} Nat (nat_lit 1) (instOfNatNat (nat_lit 1)))))
      (fun hlower =>
        @LT.lt.{0} Real Real.instLT
          (@Luce.arrivalTime n clocks hinj
            (@Fin.mk n (@HSub.hSub.{0, 0, 0} Nat Nat Nat (@instHSub.{0} Nat instSubNat) (@Fin.val n j) ell) ⋯))
          t)
      fun hlower =>
      @LT.lt.{0} Real Real.instLT (@OfNat.ofNat.{0} Real (nat_lit 0) (@Zero.toOfNat0.{0} Real Real.instZero)) t)
    (@dite.{1} Prop
      (@LE.le.{0} Nat instLENat
        (@HAdd.hAdd.{0, 0, 0} Nat Nat Nat (@instHAdd.{0} Nat instAddNat)
          (@HAdd.hAdd.{0, 0, 0} Nat Nat Nat (@instHAdd.{0} Nat instAddNat) (@Fin.val n j)
            (@OfNat.ofNat.{0} Nat (nat_lit 1) (instOfNatNat (nat_lit 1))))
          ell)
        n)
      ((@HAdd.hAdd.{0, 0, 0} Nat Nat Nat (@instHAdd.{0} Nat instAddNat)
            (@HAdd.hAdd.{0, 0, 0} Nat Nat Nat (@instHAdd.{0} Nat instAddNat) (@Fin.val n j)
              (@OfNat.ofNat.{0} Nat (nat_lit 1) (instOfNatNat (nat_lit 1))))
            ell).decLe
        n)
      (fun hupper =>
        @LT.lt.{0} Real Real.instLT t
          (@Luce.arrivalTime n clocks hinj
            (@Fin.mk n (@HAdd.hAdd.{0, 0, 0} Nat Nat Nat (@instHAdd.{0} Nat instAddNat) (@Fin.val n j) ell) ⋯)))
      fun hupper => True)
'Luce.section5_proposition54' depends on axioms: [propext, Classical.choice.{u}, Quot.sound.{u}]
'Luce.ProfileLimit.low_rate_cycles_vanish' depends on axioms: [propext, Classical.choice.{u}, Quot.sound.{u}]
'Luce.ProfileLimit.lowCycleExpectation_small' depends on axioms: [propext, Classical.choice.{u}, Quot.sound.{u}]
'Luce.ProfileLimit.lowCycleExpectation_bound' depends on axioms: [propext, Classical.choice.{u}, Quot.sound.{u}]
'Luce.ProfileLimit.bounded_cycle_probability_uniform' depends on axioms: [propext, Classical.choice.{u}, Quot.sound.{u}]
'Luce.shortCycleVertexCount_expectation_le_high_add_avoiding' depends on axioms: [propext,
 Classical.choice.{u},
 Quot.sound.{u}]
'Luce.shortCycleVertexCount_le_high_add_avoiding' depends on axioms: [propext, Classical.choice.{u}, Quot.sound.{u}]
'Luce.bounded_cycle_probability_le_ghost' depends on axioms: [propext, Classical.choice.{u}, Quot.sound.{u}]
'Luce.bounded_ghost_cycle_sum_le' depends on axioms: [propext, Classical.choice.{u}, Quot.sound.{u}]
'Luce.ghostEntry_le_rate_mul_length' depends on axioms: [propext, Classical.choice.{u}, Quot.sound.{u}]
'Luce.ghostWindowVolume_ne_top_of_interior' depends on axioms: [propext, Classical.choice.{u}, Quot.sound.{u}]
'Luce.forwardPathWeight_sum_le' depends on axioms: [propext, Classical.choice.{u}, Quot.sound.{u}]
